<html>
<body>
<pre>
<h1>µVision Build Log</h1>
<h2>Tool Versions:</h2>
IDE-Version: µVision V5.24.2.0
Copyright (C) 2017 ARM Ltd and ARM Germany GmbH. All rights reserved.
License Information: User User, User, LIC=FQQDY-ITNF9-TJA6H-WL7XA-D5AIT-PBT35
 
Tool Versions:
Toolchain:       MDK-ARM Professional  Version: 5.24.1
Toolchain Path:  C:\Keil_v5\ARM\ARMCC\Bin
C Compiler:      Armcc.exe V5.06 update 5 (build 528)
Assembler:       Armasm.exe V5.06 update 5 (build 528)
Linker/Locator:  ArmLink.exe V5.06 update 5 (build 528)
Library Manager: ArmAr.exe V5.06 update 5 (build 528)
Hex Converter:   FromElf.exe V5.06 update 5 (build 528)
CPU DLL:         SARMCM3.DLL V5.24.1
Dialog DLL:      DCM.DLL V1.16.0.0
Target DLL:      Segger\JL2CM3.dll V2.99.26.0
Dialog DLL:      TCM.DLL V1.32.0.0
 
<h2>Project:</h2>
G:\GitHub\nordic\Base_prj\Test.uvprojx
Project File Date:  03/08/2020

<h2>Output:</h2>
*** Using Compiler 'V5.06 update 5 (build 528)', folder: 'C:\Keil_v5\ARM\ARMCC\Bin'
Rebuild target 'Target 1'
compiling ble_conn_params.c...
compiling ble_advdata.c...
compiling main.c...
compiling ble_srv_common.c...
compiling ble_conn_state.c...
compiling nrf_ble_gatt.c...
compiling ble_lbs.c...
compiling nrf_ble_qwr.c...
compiling nrf_sdh.c...
compiling nrf_sdh_soc.c...
compiling nrf_sdh_ble.c...
compiling nrfx_uart.c...
compiling nrf_drv_uart.c...
compiling nrfx_uarte.c...
compiling nrfx_prs.c...
compiling nrfx_saadc.c...
compiling nrfx_gpiote.c...
compiling nrfx_ppi.c...
compiling nrfx_timer.c...
compiling drv_rtc.c...
compiling app_timer2.c...
compiling app_error.c...
compiling nrf_atflags.c...
compiling nrf_atfifo.c...
compiling nrf_atomic.c...
compiling nrf_strerror.c...
compiling nrf_fprintf.c...
compiling nrf_fprintf_format.c...
compiling nrf_ringbuf.c...
compiling nrf_memobj.c...
compiling nrf_balloc.c...
compiling nrf_sortlist.c...
compiling nrf_section_iter.c...
compiling app_util_platform.c...
compiling app_error_weak.c...
compiling app_error_handler_keil.c...
compiling nrf_pwr_mgmt.c...
compiling app_button.c...
compiling ble_dfu_bonded.c...
compiling ble_dfu.c...
assembling arm_startup_nrf52.s...
compiling ble_dfu_unbonded.c...
compiling nrf_dfu_svci.c...
compiling system_nrf52.c...
linking...
.\Objects\Test.axf: Warning: L6330W: Undefined symbol sdh_req_observers0$$Base (referred from nrf_sdh.o). Unused section has been removed.
.\Objects\Test.axf: Warning: L6330W: Undefined symbol sdh_req_observers0$$Limit (referred from nrf_sdh.o). Unused section has been removed.
.\Objects\Test.axf: Warning: L6330W: Undefined symbol sdh_req_observers1$$Base (referred from nrf_sdh.o). Unused section has been removed.
.\Objects\Test.axf: Warning: L6330W: Undefined symbol sdh_req_observers1$$Limit (referred from nrf_sdh.o). Unused section has been removed.
.\Objects\Test.axf: Warning: L6330W: Undefined symbol sdh_stack_observers1$$Base (referred from nrf_sdh.o). Unused section has been removed.
.\Objects\Test.axf: Warning: L6330W: Undefined symbol sdh_stack_observers1$$Limit (referred from nrf_sdh.o). Unused section has been removed.
.\Objects\Test.axf: Warning: L6330W: Undefined symbol sdh_state_observers0$$Base (referred from nrf_sdh.o). Unused section has been removed.
.\Objects\Test.axf: Warning: L6330W: Undefined symbol sdh_state_observers0$$Limit (referred from nrf_sdh.o). Unused section has been removed.
.\Objects\Test.axf: Warning: L6330W: Undefined symbol sdh_state_observers1$$Base (referred from nrf_sdh.o). Unused section has been removed.
.\Objects\Test.axf: Warning: L6330W: Undefined symbol sdh_state_observers1$$Limit (referred from nrf_sdh.o). Unused section has been removed.
.\Objects\Test.axf: Warning: L6330W: Undefined symbol sdh_soc_observers0$$Base (referred from nrf_sdh_soc.o). Unused section has been removed.
.\Objects\Test.axf: Warning: L6330W: Undefined symbol sdh_soc_observers0$$Limit (referred from nrf_sdh_soc.o). Unused section has been removed.
.\Objects\Test.axf: Warning: L6330W: Undefined symbol pwr_mgmt_data0$$Base (referred from nrf_pwr_mgmt.o). Unused section has been removed.
.\Objects\Test.axf: Warning: L6330W: Undefined symbol pwr_mgmt_data0$$Limit (referred from nrf_pwr_mgmt.o). Unused section has been removed.
.\Objects\Test.axf: Warning: L6330W: Undefined symbol pwr_mgmt_data1$$Base (referred from nrf_pwr_mgmt.o). Unused section has been removed.
.\Objects\Test.axf: Warning: L6330W: Undefined symbol pwr_mgmt_data1$$Limit (referred from nrf_pwr_mgmt.o). Unused section has been removed.
.\Objects\Test.axf: Warning: L6330W: Undefined symbol pwr_mgmt_data2$$Base (referred from nrf_pwr_mgmt.o). Unused section has been removed.
.\Objects\Test.axf: Warning: L6330W: Undefined symbol pwr_mgmt_data2$$Limit (referred from nrf_pwr_mgmt.o). Unused section has been removed.
Program Size: Code=11840 RO-data=1144 RW-data=136 ZI-data=8912  
Finished: 0 information, 18 warning and 0 error messages.
FromELF: creating hex file...
".\Objects\Test.axf" - 0 Error(s), 18 Warning(s).

<h2>Software Packages used:</h2>

Package Vendor: ARM
                http://www.keil.com/pack/ARM.CMSIS.5.6.0.pack
                ARM.CMSIS.5.6.0
                CMSIS (Cortex Microcontroller Software Interface Standard)
   * Component: CORE Version: 5.3.0

Package Vendor: NordicSemiconductor
                http://developer.nordicsemi.com/nRF5_SDK/pieces/nRF_DeviceFamilyPack/NordicSemiconductor.nRF_DeviceFamilyPack.8.29.0.pack
                NordicSemiconductor.nRF_DeviceFamilyPack.8.29.0
                Nordic Semiconductor nRF ARM devices Device Family Pack with BSD license.
   * Component: Startup Version: 8.29.0

<h2>Collection of Component include folders:</h2>
  .\RTE\_Target_1
  C:\Keil_v5\ARM\PACK\ARM\CMSIS\5.6.0\CMSIS\Core\Include
  C:\Keil_v5\ARM\PACK\NordicSemiconductor\nRF_DeviceFamilyPack\8.29.0\Device\Include

<h2>Collection of Component Files used:</h2>

   * Component: NordicSemiconductor::Device:Startup:8.29.0
      Source file:   Device\Source\system_nrf52.c
      Source file:   Device\Source\arm\arm_startup_nrf52.s
      Include file:  Device\Include\system_nrf.h
      Include file:  Device\Include\system_nrf52.h

   * Component: ARM::CMSIS:CORE:5.3.0
Build Time Elapsed:  00:00:42
</pre>
</body>
</html>
