<html>
<body>
<pre>
<h1>µVision Build Log</h1>
<h2>Tool Versions:</h2>
IDE-Version: µVision V5.24.2.0
Copyright (C) 2017 ARM Ltd and ARM Germany GmbH. All rights reserved.
License Information: Oleg Rumyancev, BOLID, LIC=S5IDY-ITLIQ-HPBZN-YC6IB-NN007-VZARR
 
Tool Versions:
Toolchain:       MDK-ARM Professional  Version: 5.24.1
Toolchain Path:  C:\Keil_v5\ARM\ARMCC\Bin
C Compiler:      Armcc.exe V5.06 update 5 (build 528)
Assembler:       Armasm.exe V5.06 update 5 (build 528)
Linker/Locator:  ArmLink.exe V5.06 update 5 (build 528)
Library Manager: ArmAr.exe V5.06 update 5 (build 528)
Hex Converter:   FromElf.exe V5.06 update 5 (build 528)
CPU DLL:         SARMCM3.DLL V5.24.1
Dialog DLL:      DCM.DLL V1.16.0.0
Target DLL:      Segger\JL2CM3.dll V2.99.26.0
Dialog DLL:      TCM.DLL V1.32.0.0
 
<h2>Project:</h2>
F:\RepoNordic\NordicTest\Test.uvprojx
Project File Date:  02/06/2020

<h2>Output:</h2>
*** Using Compiler 'V5.06 update 5 (build 528)', folder: 'C:\Keil_v5\ARM\ARMCC\Bin'
Build target 'Target 1'
compiling ble_lbs.c...
compiling main.c...
linking...
.\Objects\Test.axf: Warning: L6330W: Undefined symbol sdh_req_observers0$$Base (referred from nrf_sdh.o). Unused section has been removed.
.\Objects\Test.axf: Warning: L6330W: Undefined symbol sdh_req_observers0$$Limit (referred from nrf_sdh.o). Unused section has been removed.
.\Objects\Test.axf: Warning: L6330W: Undefined symbol sdh_req_observers1$$Base (referred from nrf_sdh.o). Unused section has been removed.
.\Objects\Test.axf: Warning: L6330W: Undefined symbol sdh_req_observers1$$Limit (referred from nrf_sdh.o). Unused section has been removed.
.\Objects\Test.axf: Warning: L6330W: Undefined symbol sdh_stack_observers1$$Base (referred from nrf_sdh.o). Unused section has been removed.
.\Objects\Test.axf: Warning: L6330W: Undefined symbol sdh_stack_observers1$$Limit (referred from nrf_sdh.o). Unused section has been removed.
.\Objects\Test.axf: Warning: L6330W: Undefined symbol sdh_state_observers0$$Base (referred from nrf_sdh.o). Unused section has been removed.
.\Objects\Test.axf: Warning: L6330W: Undefined symbol sdh_state_observers0$$Limit (referred from nrf_sdh.o). Unused section has been removed.
.\Objects\Test.axf: Warning: L6330W: Undefined symbol sdh_state_observers1$$Base (referred from nrf_sdh.o). Unused section has been removed.
.\Objects\Test.axf: Warning: L6330W: Undefined symbol sdh_state_observers1$$Limit (referred from nrf_sdh.o). Unused section has been removed.
.\Objects\Test.axf: Warning: L6330W: Undefined symbol sdh_soc_observers0$$Base (referred from nrf_sdh_soc.o). Unused section has been removed.
.\Objects\Test.axf: Warning: L6330W: Undefined symbol sdh_soc_observers0$$Limit (referred from nrf_sdh_soc.o). Unused section has been removed.
.\Objects\Test.axf: Warning: L6330W: Undefined symbol sdh_soc_observers1$$Base (referred from nrf_sdh_soc.o). Unused section has been removed.
.\Objects\Test.axf: Warning: L6330W: Undefined symbol sdh_soc_observers1$$Limit (referred from nrf_sdh_soc.o). Unused section has been removed.
.\Objects\Test.axf: Warning: L6330W: Undefined symbol pwr_mgmt_data0$$Base (referred from nrf_pwr_mgmt.o). Unused section has been removed.
.\Objects\Test.axf: Warning: L6330W: Undefined symbol pwr_mgmt_data0$$Limit (referred from nrf_pwr_mgmt.o). Unused section has been removed.
.\Objects\Test.axf: Warning: L6330W: Undefined symbol pwr_mgmt_data1$$Base (referred from nrf_pwr_mgmt.o). Unused section has been removed.
.\Objects\Test.axf: Warning: L6330W: Undefined symbol pwr_mgmt_data1$$Limit (referred from nrf_pwr_mgmt.o). Unused section has been removed.
.\Objects\Test.axf: Warning: L6330W: Undefined symbol pwr_mgmt_data2$$Base (referred from nrf_pwr_mgmt.o). Unused section has been removed.
.\Objects\Test.axf: Warning: L6330W: Undefined symbol pwr_mgmt_data2$$Limit (referred from nrf_pwr_mgmt.o). Unused section has been removed.
Program Size: Code=10536 RO-data=1080 RW-data=132 ZI-data=8836  
Finished: 0 information, 20 warning and 0 error messages.
".\Objects\Test.axf" - 0 Error(s), 20 Warning(s).

<h2>Software Packages used:</h2>

Package Vendor: ARM
                http://www.keil.com/pack/ARM.CMSIS.5.6.0.pack
                ARM.CMSIS.5.6.0
                CMSIS (Cortex Microcontroller Software Interface Standard)
   * Component: CORE Version: 5.3.0

Package Vendor: NordicSemiconductor
                http://developer.nordicsemi.com/nRF5_SDK/pieces/nRF_DeviceFamilyPack/NordicSemiconductor.nRF_DeviceFamilyPack.8.29.0.pack
                NordicSemiconductor.nRF_DeviceFamilyPack.8.29.0
                Nordic Semiconductor nRF ARM devices Device Family Pack with BSD license.
   * Component: Startup Version: 8.29.0

<h2>Collection of Component include folders:</h2>
  .\RTE\_Target_1
  C:\Keil_v5\ARM\PACK\ARM\CMSIS\5.6.0\CMSIS\Core\Include
  C:\Keil_v5\ARM\PACK\NordicSemiconductor\nRF_DeviceFamilyPack\8.29.0\Device\Include

<h2>Collection of Component Files used:</h2>

   * Component: NordicSemiconductor::Device:Startup:8.29.0
      Source file:   Device\Source\arm\arm_startup_nrf52.s
      Source file:   Device\Source\system_nrf52.c
      Include file:  Device\Include\system_nrf52.h
      Include file:  Device\Include\system_nrf.h

   * Component: ARM::CMSIS:CORE:5.3.0
Build Time Elapsed:  00:00:02
</pre>
</body>
</html>
