Component: ARM Compiler 5.06 update 5 (build 528) Tool: armlink [4d35e2]

==============================================================================

Section Cross References

    main.o(i.advertising_init) refers to memseta.o(.text) for __aeabi_memclr4
    main.o(i.advertising_init) refers to ble_advdata.o(i.ble_advdata_encode) for ble_advdata_encode
    main.o(i.advertising_init) refers to app_error.o(i.app_error_handler_bare) for app_error_handler_bare
    main.o(i.advertising_init) refers to main.o(.constdata) for .constdata
    main.o(i.advertising_init) refers to main.o(.bss) for .bss
    main.o(i.advertising_init) refers to main.o(.data) for .data
    main.o(i.advertising_start) refers to app_error.o(i.app_error_handler_bare) for app_error_handler_bare
    main.o(i.advertising_start) refers to main.o(.data) for .data
    main.o(i.assert_nrf_callback) refers to app_error_handler_keil.o(i.app_error_handler) for app_error_handler
    main.o(i.ble_evt_handler) refers to nrf_ble_qwr.o(i.nrf_ble_qwr_conn_handle_assign) for nrf_ble_qwr_conn_handle_assign
    main.o(i.ble_evt_handler) refers to app_error.o(i.app_error_handler_bare) for app_error_handler_bare
    main.o(i.ble_evt_handler) refers to app_button.o(i.app_button_enable) for app_button_enable
    main.o(i.ble_evt_handler) refers to app_button.o(i.app_button_disable) for app_button_disable
    main.o(i.ble_evt_handler) refers to main.o(i.advertising_start) for advertising_start
    main.o(i.ble_evt_handler) refers to main.o(.data) for .data
    main.o(i.ble_evt_handler) refers to main.o(.bss) for .bss
    main.o(i.conn_params_error_handler) refers to app_error.o(i.app_error_handler_bare) for app_error_handler_bare
    main.o(i.main) refers to app_timer2.o(i.app_timer_init) for app_timer_init
    main.o(i.main) refers to app_error.o(i.app_error_handler_bare) for app_error_handler_bare
    main.o(i.main) refers to nrf_pwr_mgmt.o(i.nrf_pwr_mgmt_init) for nrf_pwr_mgmt_init
    main.o(i.main) refers to nrf_sdh.o(i.nrf_sdh_enable_request) for nrf_sdh_enable_request
    main.o(i.main) refers to nrf_sdh_ble.o(i.nrf_sdh_ble_default_cfg_set) for nrf_sdh_ble_default_cfg_set
    main.o(i.main) refers to nrf_sdh_ble.o(i.nrf_sdh_ble_enable) for nrf_sdh_ble_enable
    main.o(i.main) refers to nrf_ble_gatt.o(i.nrf_ble_gatt_init) for nrf_ble_gatt_init
    main.o(i.main) refers to nrf_ble_qwr.o(i.nrf_ble_qwr_init) for nrf_ble_qwr_init
    main.o(i.main) refers to ble_lbs.o(i.ble_lbs_init) for ble_lbs_init
    main.o(i.main) refers to main.o(i.advertising_init) for advertising_init
    main.o(i.main) refers to memseta.o(.text) for __aeabi_memclr4
    main.o(i.main) refers to ble_conn_params.o(i.ble_conn_params_init) for ble_conn_params_init
    main.o(i.main) refers to main.o(i.advertising_start) for advertising_start
    main.o(i.main) refers to main.o(i.saadc_init) for saadc_init
    main.o(i.main) refers to nrfx_saadc.o(i.nrfx_saadc_sample) for nrfx_saadc_sample
    main.o(i.main) refers to main.o(.bss) for .bss
    main.o(i.main) refers to main.o(i.nrf_qwr_error_handler) for nrf_qwr_error_handler
    main.o(i.main) refers to main.o(i.led_write_handler) for led_write_handler
    main.o(i.main) refers to main.o(i.on_conn_params_evt) for on_conn_params_evt
    main.o(i.main) refers to main.o(i.conn_params_error_handler) for conn_params_error_handler
    main.o(i.nrf_qwr_error_handler) refers to app_error.o(i.app_error_handler_bare) for app_error_handler_bare
    main.o(i.on_conn_params_evt) refers to app_error.o(i.app_error_handler_bare) for app_error_handler_bare
    main.o(i.on_conn_params_evt) refers to main.o(.data) for .data
    main.o(i.saadc_callback) refers to nrfx_saadc.o(i.nrfx_saadc_buffer_convert) for nrfx_saadc_buffer_convert
    main.o(i.saadc_callback) refers to app_error.o(i.app_error_handler_bare) for app_error_handler_bare
    main.o(i.saadc_callback) refers to main.o(.data) for .data
    main.o(i.saadc_init) refers to nrfx_saadc.o(i.nrfx_saadc_init) for nrfx_saadc_init
    main.o(i.saadc_init) refers to app_error.o(i.app_error_handler_bare) for app_error_handler_bare
    main.o(i.saadc_init) refers to nrfx_saadc.o(i.nrfx_saadc_channel_init) for nrfx_saadc_channel_init
    main.o(i.saadc_init) refers to nrfx_saadc.o(i.nrfx_saadc_buffer_convert) for nrfx_saadc_buffer_convert
    main.o(i.saadc_init) refers to main.o(.constdata) for .constdata
    main.o(i.saadc_init) refers to main.o(i.saadc_callback) for saadc_callback
    main.o(i.saadc_init) refers to main.o(.bss) for .bss
    main.o(.data) refers to main.o(.bss) for m_enc_advdata
    main.o(.data) refers to main.o(.bss) for m_enc_scan_response_data
    main.o(sdh_ble_observers1) refers to nrf_ble_gatt.o(i.nrf_ble_gatt_on_ble_evt) for nrf_ble_gatt_on_ble_evt
    main.o(sdh_ble_observers1) refers to main.o(.bss) for m_gatt
    main.o(sdh_ble_observers2) refers to ble_lbs.o(i.ble_lbs_on_ble_evt) for ble_lbs_on_ble_evt
    main.o(sdh_ble_observers2) refers to main.o(.bss) for m_lbs
[...]
    components\libraries\balloc\nrf_balloc.c 0x00000000   Number         0  nrf_balloc.o ABSOLUTE
    components\libraries\button\app_button.c 0x00000000   Number         0  app_button.o ABSOLUTE
    components\libraries\experimental_section_vars\nrf_section_iter.c 0x00000000   Number         0  nrf_section_iter.o ABSOLUTE
    components\libraries\memobj\nrf_memobj.c 0x00000000   Number         0  nrf_memobj.o ABSOLUTE
    components\libraries\pwr_mgmt\nrf_pwr_mgmt.c 0x00000000   Number         0  nrf_pwr_mgmt.o ABSOLUTE
    components\libraries\ringbuf\nrf_ringbuf.c 0x00000000   Number         0  nrf_ringbuf.o ABSOLUTE
    components\libraries\sortlist\nrf_sortlist.c 0x00000000   Number         0  nrf_sortlist.o ABSOLUTE
    components\libraries\strerror\nrf_strerror.c 0x00000000   Number         0  nrf_strerror.o ABSOLUTE
    components\libraries\timer\app_timer2.c  0x00000000   Number         0  app_timer2.o ABSOLUTE
    components\libraries\timer\drv_rtc.c     0x00000000   Number         0  drv_rtc.o ABSOLUTE
    components\libraries\util\app_error.c    0x00000000   Number         0  app_error.o ABSOLUTE
    components\libraries\util\app_error_handler_keil.c 0x00000000   Number         0  app_error_handler_keil.o ABSOLUTE
    components\libraries\util\app_error_weak.c 0x00000000   Number         0  app_error_weak.o ABSOLUTE
    components\libraries\util\app_util_platform.c 0x00000000   Number         0  app_util_platform.o ABSOLUTE
    components\softdevice\common\nrf_sdh.c   0x00000000   Number         0  nrf_sdh.o ABSOLUTE
    components\softdevice\common\nrf_sdh_ble.c 0x00000000   Number         0  nrf_sdh_ble.o ABSOLUTE
    components\softdevice\common\nrf_sdh_soc.c 0x00000000   Number         0  nrf_sdh_soc.o ABSOLUTE
    dc.s                                     0x00000000   Number         0  dc.o ABSOLUTE
    external\\fprintf\\nrf_fprintf.c         0x00000000   Number         0  nrf_fprintf.o ABSOLUTE
    external\\fprintf\\nrf_fprintf_format.c  0x00000000   Number         0  nrf_fprintf_format.o ABSOLUTE
    external\fprintf\nrf_fprintf.c           0x00000000   Number         0  nrf_fprintf.o ABSOLUTE
    external\fprintf\nrf_fprintf_format.c    0x00000000   Number         0  nrf_fprintf_format.o ABSOLUTE
    handlers.s                               0x00000000   Number         0  handlers.o ABSOLUTE
    init.s                                   0x00000000   Number         0  init.o ABSOLUTE
    integration\\nrfx\\legacy\\nrf_drv_uart.c 0x00000000   Number         0  nrf_drv_uart.o ABSOLUTE
    integration\nrfx\legacy\nrf_drv_uart.c   0x00000000   Number         0  nrf_drv_uart.o ABSOLUTE
    modules\\nrfx\\drivers\\src\\nrfx_gpiote.c 0x00000000   Number         0  nrfx_gpiote.o ABSOLUTE
    modules\\nrfx\\drivers\\src\\nrfx_ppi.c  0x00000000   Number         0  nrfx_ppi.o ABSOLUTE
    modules\\nrfx\\drivers\\src\\nrfx_saadc.c 0x00000000   Number         0  nrfx_saadc.o ABSOLUTE
    modules\\nrfx\\drivers\\src\\nrfx_timer.c 0x00000000   Number         0  nrfx_timer.o ABSOLUTE
    modules\\nrfx\\drivers\\src\\nrfx_uart.c 0x00000000   Number         0  nrfx_uart.o ABSOLUTE
    modules\\nrfx\\drivers\\src\\nrfx_uarte.c 0x00000000   Number         0  nrfx_uarte.o ABSOLUTE
    modules\\nrfx\\drivers\\src\\prs\\nrfx_prs.c 0x00000000   Number         0  nrfx_prs.o ABSOLUTE
    modules\nrfx\drivers\src\nrfx_gpiote.c   0x00000000   Number         0  nrfx_gpiote.o ABSOLUTE
    modules\nrfx\drivers\src\nrfx_ppi.c      0x00000000   Number         0  nrfx_ppi.o ABSOLUTE
    modules\nrfx\drivers\src\nrfx_saadc.c    0x00000000   Number         0  nrfx_saadc.o ABSOLUTE
    modules\nrfx\drivers\src\nrfx_timer.c    0x00000000   Number         0  nrfx_timer.o ABSOLUTE
    modules\nrfx\drivers\src\nrfx_uart.c     0x00000000   Number         0  nrfx_uart.o ABSOLUTE
    modules\nrfx\drivers\src\nrfx_uarte.c    0x00000000   Number         0  nrfx_uarte.o ABSOLUTE
    modules\nrfx\drivers\src\prs\nrfx_prs.c  0x00000000   Number         0  nrfx_prs.o ABSOLUTE
    RESET                                    0x00026000   Section      512  arm_startup_nrf52.o(RESET)
    .ARM.Collect$$$$00000000                 0x00026200   Section        0  entry.o(.ARM.Collect$$$$00000000)
    .ARM.Collect$$$$00000001                 0x00026200   Section        4  entry2.o(.ARM.Collect$$$$00000001)
    .ARM.Collect$$$$00000004                 0x00026204   Section        4  entry5.o(.ARM.Collect$$$$00000004)
    .ARM.Collect$$$$00000008                 0x00026208   Section        0  entry7b.o(.ARM.Collect$$$$00000008)
    .ARM.Collect$$$$0000000A                 0x00026208   Section        0  entry8b.o(.ARM.Collect$$$$0000000A)
    .ARM.Collect$$$$0000000B                 0x00026208   Section        8  entry9a.o(.ARM.Collect$$$$0000000B)
    .ARM.Collect$$$$0000000D                 0x00026210   Section        0  entry10a.o(.ARM.Collect$$$$0000000D)
    .ARM.Collect$$$$0000000F                 0x00026210   Section        0  entry11a.o(.ARM.Collect$$$$0000000F)
    .ARM.Collect$$$$00002712                 0x00026210   Section        4  entry2.o(.ARM.Collect$$$$00002712)
    __lit__00000000                          0x00026210   Data           4  entry2.o(.ARM.Collect$$$$00002712)
    .emb_text                                0x00026214   Section      200  nrf_atfifo.o(.emb_text)
    $v0                                      0x00026214   Number         0  nrf_atfifo.o(.emb_text)
    .emb_text                                0x000262dc   Section      226  nrf_atomic.o(.emb_text)
    $v0                                      0x000262dc   Number         0  nrf_atomic.o(.emb_text)
    .text                                    0x000263c0   Section       36  arm_startup_nrf52.o(.text)
    $v0                                      0x000263c0   Number         0  arm_startup_nrf52.o(.text)
    .text                                    0x000263e4   Section        0  memcpya.o(.text)
    .text                                    0x00026408   Section        0  memseta.o(.text)
    .text                                    0x0002642c   Section       36  init.o(.text)
    i.GPIOTE_IRQHandler                      0x00026450   Section        0  nrfx_gpiote.o(i.GPIOTE_IRQHandler)
    i.RTC1_IRQHandler                        0x000265b4   Section        0  drv_rtc.o(i.RTC1_IRQHandler)
    i.SAADC_IRQHandler                       0x000265c4   Section        0  nrfx_saadc.o(i.SAADC_IRQHandler)
    i.SWI2_EGU2_IRQHandler                   0x0002670c   Section        0  nrf_sdh.o(i.SWI2_EGU2_IRQHandler)
    i.SystemInit                             0x00026710   Section        0  system_nrf52.o(i.SystemInit)
    i.UARTE0_UART0_IRQHandler                0x00026a3c   Section        0  nrfx_prs.o(i.UARTE0_UART0_IRQHandler)
    i.__scatterload_copy                     0x00026a48   Section       14  handlers.o(i.__scatterload_copy)
    i.__scatterload_null                     0x00026a56   Section        2  handlers.o(i.__scatterload_null)
    i.__scatterload_zeroinit                 0x00026a58   Section       14  handlers.o(i.__scatterload_zeroinit)
    i.__sd_nvic_app_accessible_irq           0x00026a68   Section        0  nrf_sdh.o(i.__sd_nvic_app_accessible_irq)
    __sd_nvic_app_accessible_irq             0x00026a69   Thumb Code    32  nrf_sdh.o(i.__sd_nvic_app_accessible_irq)
    i.advertising_init                       0x00026a8c   Section        0  main.o(i.advertising_init)
    advertising_init                         0x00026a8d   Thumb Code   150  main.o(i.advertising_init)
    i.advertising_start                      0x00026b30   Section        0  main.o(i.advertising_start)
    advertising_start                        0x00026b31   Thumb Code    18  main.o(i.advertising_start)
    i.app_button_disable                     0x00026b48   Section        0  app_button.o(i.app_button_disable)
    i.app_button_enable                      0x00026b90   Section        0  app_button.o(i.app_button_enable)
    i.app_error_fault_handler                0x00026bb4   Section        0  app_error_weak.o(i.app_error_fault_handler)
    i.app_error_handler_bare                 0x00026be4   Section        0  app_error.o(i.app_error_handler_bare)
    i.app_timer_cnt_get                      0x00026bfc   Section        0  app_timer2.o(i.app_timer_cnt_get)
    i.app_timer_create                       0x00026c08   Section        0  app_timer2.o(i.app_timer_create)
    i.app_timer_init                         0x00026c20   Section        0  app_timer2.o(i.app_timer_init)
    i.app_timer_start                        0x00026c7c   Section        0  app_timer2.o(i.app_timer_start)
    i.app_timer_stop                         0x00026cac   Section        0  app_timer2.o(i.app_timer_stop)
    i.app_util_critical_region_enter         0x00026cb8   Section        0  app_util_platform.o(i.app_util_critical_region_enter)
    i.app_util_critical_region_exit          0x00026d00   Section        0  app_util_platform.o(i.app_util_critical_region_exit)
    i.ble_advdata_encode                     0x00026d34   Section        0  ble_advdata.o(i.ble_advdata_encode)
    i.ble_conn_params_init                   0x00026eb8   Section        0  ble_conn_params.o(i.ble_conn_params_init)
    i.ble_device_addr_encode                 0x00026f20   Section        0  ble_advdata.o(i.ble_device_addr_encode)
    ble_device_addr_encode                   0x00026f21   Thumb Code    96  ble_advdata.o(i.ble_device_addr_encode)
    i.ble_evt_handler                        0x00026f80   Section        0  main.o(i.ble_evt_handler)
    ble_evt_handler                          0x00026f81   Thumb Code   154  main.o(i.ble_evt_handler)
    i.ble_evt_handler                        0x00027024   Section        0  ble_conn_params.o(i.ble_evt_handler)
    ble_evt_handler                          0x00027025   Thumb Code   242  ble_conn_params.o(i.ble_evt_handler)
    i.ble_evt_handler                        0x00027120   Section        0  ble_conn_state.o(i.ble_evt_handler)
    ble_evt_handler                          0x00027121   Thumb Code   274  ble_conn_state.o(i.ble_evt_handler)
    i.ble_lbs_init                           0x00027238   Section        0  ble_lbs.o(i.ble_lbs_init)
    i.ble_lbs_on_ble_evt                     0x000272fc   Section        0  ble_lbs.o(i.ble_lbs_on_ble_evt)
    i.ble_srv_is_notification_enabled        0x0002732a   Section        0  ble_srv_common.o(i.ble_srv_is_notification_enabled)
    i.channel_port_get                       0x00027334   Section        0  nrfx_gpiote.o(i.channel_port_get)
    channel_port_get                         0x00027335   Thumb Code    10  nrfx_gpiote.o(i.channel_port_get)
    i.characteristic_add                     0x00027344   Section        0  ble_srv_common.o(i.characteristic_add)
    i.compare_func                           0x000274d4   Section        0  app_timer2.o(i.compare_func)
    compare_func                             0x000274d5   Thumb Code    24  app_timer2.o(i.compare_func)
    i.conn_handle_list_get                   0x000274ec   Section        0  ble_conn_state.o(i.conn_handle_list_get)
    i.conn_int_encode                        0x0002752a   Section        0  ble_advdata.o(i.conn_int_encode)
    conn_int_encode                          0x0002752b   Thumb Code   136  ble_advdata.o(i.conn_int_encode)
    i.conn_params_error_handler              0x000275b2   Section        0  main.o(i.conn_params_error_handler)
    conn_params_error_handler                0x000275b3   Thumb Code     4  main.o(i.conn_params_error_handler)
    i.conn_params_negotiation                0x000275b8   Section        0  ble_conn_params.o(i.conn_params_negotiation)
    conn_params_negotiation                  0x000275b9   Thumb Code    68  ble_conn_params.o(i.conn_params_negotiation)
    i.data_length_update                     0x00027600   Section        0  nrf_ble_gatt.o(i.data_length_update)
    data_length_update                       0x00027601   Thumb Code    30  nrf_ble_gatt.o(i.data_length_update)
    i.drv_rtc_compare_disable                0x0002761e   Section        0  drv_rtc.o(i.drv_rtc_compare_disable)
    i.drv_rtc_compare_pending                0x00027632   Section        0  drv_rtc.o(i.drv_rtc_compare_pending)
    i.drv_rtc_compare_set                    0x00027640   Section        0  drv_rtc.o(i.drv_rtc_compare_set)
    i.drv_rtc_counter_get                    0x00027690   Section        0  drv_rtc.o(i.drv_rtc_counter_get)
    i.drv_rtc_init                           0x00027698   Section        0  drv_rtc.o(i.drv_rtc_init)
    i.drv_rtc_irq_trigger                    0x00027714   Section        0  drv_rtc.o(i.drv_rtc_irq_trigger)
    i.drv_rtc_overflow_enable                0x00027732   Section        0  drv_rtc.o(i.drv_rtc_overflow_enable)
    i.drv_rtc_overflow_pending               0x0002773a   Section        0  drv_rtc.o(i.drv_rtc_overflow_pending)
    i.drv_rtc_start                          0x00027742   Section        0  drv_rtc.o(i.drv_rtc_start)
    i.drv_rtc_stop                           0x0002774a   Section        0  drv_rtc.o(i.drv_rtc_stop)
    i.drv_rtc_windowed_compare_set           0x00027752   Section        0  drv_rtc.o(i.drv_rtc_windowed_compare_set)
    i.evt_enable                             0x00027830   Section        0  drv_rtc.o(i.evt_enable)
    evt_enable                               0x00027831   Thumb Code    18  drv_rtc.o(i.evt_enable)
    i.evt_pending                            0x00027842   Section        0  drv_rtc.o(i.evt_pending)
    evt_pending                              0x00027843   Thumb Code    20  drv_rtc.o(i.evt_pending)
    i.flag_toggle                            0x00027856   Section        0  ble_conn_state.o(i.flag_toggle)
    flag_toggle                              0x00027857   Thumb Code    10  ble_conn_state.o(i.flag_toggle)
    i.get_now                                0x00027860   Section        0  app_timer2.o(i.get_now)
    get_now                                  0x00027861   Thumb Code    46  app_timer2.o(i.get_now)
    i.instance_get                           0x00027894   Section        0  ble_conn_params.o(i.instance_get)
    instance_get                             0x00027895   Thumb Code    14  ble_conn_params.o(i.instance_get)
    i.is_conn_params_ok                      0x000278a8   Section        0  ble_conn_params.o(i.is_conn_params_ok)
    is_conn_params_ok                        0x000278a9   Thumb Code    68  ble_conn_params.o(i.is_conn_params_ok)
    i.led_write_handler                      0x000278ec   Section        0  main.o(i.led_write_handler)
    led_write_handler                        0x000278ed   Thumb Code     2  main.o(i.led_write_handler)
    i.link_init                              0x000278ee   Section        0  nrf_ble_gatt.o(i.link_init)
    link_init                                0x000278ef   Thumb Code    20  nrf_ble_gatt.o(i.link_init)
    i.main                                   0x00027904   Section        0  main.o(i.main)
    i.manuf_specific_data_encode             0x00027a28   Section        0  ble_advdata.o(i.manuf_specific_data_encode)
    manuf_specific_data_encode               0x00027a29   Thumb Code   100  ble_advdata.o(i.manuf_specific_data_encode)
    i.name_encode                            0x00027a8c   Section        0  ble_advdata.o(i.name_encode)
    name_encode                              0x00027a8d   Thumb Code   166  ble_advdata.o(i.name_encode)
    i.nrf_atfifo_init                        0x00027b32   Section        0  nrf_atfifo.o(i.nrf_atfifo_init)
    i.nrf_atfifo_item_alloc                  0x00027b58   Section        0  nrf_atfifo.o(i.nrf_atfifo_item_alloc)
    i.nrf_atfifo_item_free                   0x00027b6e   Section        0  nrf_atfifo.o(i.nrf_atfifo_item_free)
    i.nrf_atfifo_item_get                    0x00027b84   Section        0  nrf_atfifo.o(i.nrf_atfifo_item_get)
    i.nrf_atfifo_item_put                    0x00027b9a   Section        0  nrf_atfifo.o(i.nrf_atfifo_item_put)
    i.nrf_atflags_clear                      0x00027bb0   Section        0  nrf_atflags.o(i.nrf_atflags_clear)
    i.nrf_atflags_get                        0x00027bc6   Section        0  nrf_atflags.o(i.nrf_atflags_get)
    i.nrf_atflags_set                        0x00027bdc   Section        0  nrf_atflags.o(i.nrf_atflags_set)
    i.nrf_atomic_u32_and                     0x00027bf0   Section        0  nrf_atomic.o(i.nrf_atomic_u32_and)
    i.nrf_atomic_u32_or                      0x00027bfc   Section        0  nrf_atomic.o(i.nrf_atomic_u32_or)
    i.nrf_bitmask_bit_is_set                 0x00027c08   Section        0  nrfx_gpiote.o(i.nrf_bitmask_bit_is_set)
    nrf_bitmask_bit_is_set                   0x00027c09   Thumb Code    16  nrfx_gpiote.o(i.nrf_bitmask_bit_is_set)
    i.nrf_bitmask_bit_set                    0x00027c18   Section        0  nrfx_gpiote.o(i.nrf_bitmask_bit_set)
    nrf_bitmask_bit_set                      0x00027c19   Thumb Code    20  nrfx_gpiote.o(i.nrf_bitmask_bit_set)
    i.nrf_ble_gatt_init                      0x00027c2c   Section        0  nrf_ble_gatt.o(i.nrf_ble_gatt_init)
    i.nrf_ble_gatt_on_ble_evt                0x00027c50   Section        0  nrf_ble_gatt.o(i.nrf_ble_gatt_on_ble_evt)
    i.nrf_ble_qwr_conn_handle_assign         0x00027dc4   Section        0  nrf_ble_qwr.o(i.nrf_ble_qwr_conn_handle_assign)
    i.nrf_ble_qwr_init                       0x00027dda   Section        0  nrf_ble_qwr.o(i.nrf_ble_qwr_init)
    i.nrf_ble_qwr_on_ble_evt                 0x00027dfe   Section        0  nrf_ble_qwr.o(i.nrf_ble_qwr_on_ble_evt)
    i.nrf_gpio_cfg_sense_set                 0x00027eb4   Section        0  nrfx_gpiote.o(i.nrf_gpio_cfg_sense_set)
    nrf_gpio_cfg_sense_set                   0x00027eb5   Thumb Code    34  nrfx_gpiote.o(i.nrf_gpio_cfg_sense_set)
    i.nrf_gpio_ports_read                    0x00027ed8   Section        0  nrfx_gpiote.o(i.nrf_gpio_ports_read)
    nrf_gpio_ports_read                      0x00027ed9   Thumb Code    34  nrfx_gpiote.o(i.nrf_gpio_ports_read)
    i.nrf_gpiote_event_clear                 0x00027f00   Section        0  nrfx_gpiote.o(i.nrf_gpiote_event_clear)
    nrf_gpiote_event_clear                   0x00027f01   Thumb Code    16  nrfx_gpiote.o(i.nrf_gpiote_event_clear)
    i.nrf_gpiote_event_is_set                0x00027f14   Section        0  nrfx_gpiote.o(i.nrf_gpiote_event_is_set)
    nrf_gpiote_event_is_set                  0x00027f15   Thumb Code    12  nrfx_gpiote.o(i.nrf_gpiote_event_is_set)
    i.nrf_pwr_mgmt_init                      0x00027f24   Section        0  nrf_pwr_mgmt.o(i.nrf_pwr_mgmt_init)
    i.nrf_qwr_error_handler                  0x00027f4c   Section        0  main.o(i.nrf_qwr_error_handler)
    nrf_qwr_error_handler                    0x00027f4d   Thumb Code     4  main.o(i.nrf_qwr_error_handler)
    i.nrf_rtc_event_clear                    0x00027f50   Section        0  drv_rtc.o(i.nrf_rtc_event_clear)
    nrf_rtc_event_clear                      0x00027f51   Thumb Code    12  drv_rtc.o(i.nrf_rtc_event_clear)
    i.nrf_saadc_buffer_init                  0x00027f5c   Section        0  nrfx_saadc.o(i.nrf_saadc_buffer_init)
    nrf_saadc_buffer_init                    0x00027f5d   Thumb Code    10  nrfx_saadc.o(i.nrf_saadc_buffer_init)
    i.nrf_saadc_channel_input_set            0x00027f6c   Section        0  nrfx_saadc.o(i.nrf_saadc_channel_input_set)
    nrf_saadc_channel_input_set              0x00027f6d   Thumb Code    16  nrfx_saadc.o(i.nrf_saadc_channel_input_set)
    i.nrf_saadc_event_check                  0x00027f80   Section        0  nrfx_saadc.o(i.nrf_saadc_event_check)
    nrf_saadc_event_check                    0x00027f81   Thumb Code    12  nrfx_saadc.o(i.nrf_saadc_event_check)
    i.nrf_saadc_event_clear                  0x00027f90   Section        0  nrfx_saadc.o(i.nrf_saadc_event_clear)
    nrf_saadc_event_clear                    0x00027f91   Thumb Code    16  nrfx_saadc.o(i.nrf_saadc_event_clear)
    i.nrf_sdh_ble_app_ram_start_get          0x00027fa4   Section        0  nrf_sdh_ble.o(i.nrf_sdh_ble_app_ram_start_get)
    i.nrf_sdh_ble_default_cfg_set            0x00027fb8   Section        0  nrf_sdh_ble.o(i.nrf_sdh_ble_default_cfg_set)
    i.nrf_sdh_ble_enable                     0x00028040   Section        0  nrf_sdh_ble.o(i.nrf_sdh_ble_enable)
    i.nrf_sdh_ble_evts_poll                  0x00028054   Section        0  nrf_sdh_ble.o(i.nrf_sdh_ble_evts_poll)
    nrf_sdh_ble_evts_poll                    0x00028055   Thumb Code    82  nrf_sdh_ble.o(i.nrf_sdh_ble_evts_poll)
    i.nrf_sdh_enable_request                 0x000280b0   Section        0  nrf_sdh.o(i.nrf_sdh_enable_request)
    i.nrf_sdh_evts_poll                      0x00028124   Section        0  nrf_sdh.o(i.nrf_sdh_evts_poll)
    i.nrf_sdh_soc_evts_poll                  0x00028148   Section        0  nrf_sdh_soc.o(i.nrf_sdh_soc_evts_poll)
    nrf_sdh_soc_evts_poll                    0x00028149   Thumb Code    56  nrf_sdh_soc.o(i.nrf_sdh_soc_evts_poll)
    i.nrf_section_iter_init                  0x00028184   Section        0  nrf_section_iter.o(i.nrf_section_iter_init)
    i.nrf_section_iter_item_set              0x0002818e   Section        0  nrf_section_iter.o(i.nrf_section_iter_item_set)
    nrf_section_iter_item_set                0x0002818f   Thumb Code    36  nrf_section_iter.o(i.nrf_section_iter_item_set)
    i.nrf_section_iter_next                  0x000281b2   Section        0  nrf_section_iter.o(i.nrf_section_iter_next)
    i.nrf_sortlist_add                       0x000281d2   Section        0  nrf_sortlist.o(i.nrf_sortlist_add)
    i.nrf_sortlist_peek                      0x000281f4   Section        0  nrf_sortlist.o(i.nrf_sortlist_peek)
    i.nrf_sortlist_pop                       0x000281fa   Section        0  nrf_sortlist.o(i.nrf_sortlist_pop)
    i.nrf_sortlist_remove                    0x00028208   Section        0  nrf_sortlist.o(i.nrf_sortlist_remove)
    i.nrfx_coredep_delay_us                  0x00028228   Section        0  drv_rtc.o(i.nrfx_coredep_delay_us)
    nrfx_coredep_delay_us                    0x00028229   Thumb Code    12  drv_rtc.o(i.nrfx_coredep_delay_us)
    i.nrfx_gpiote_in_event_disable           0x00028238   Section        0  nrfx_gpiote.o(i.nrfx_gpiote_in_event_disable)
    i.nrfx_gpiote_in_event_enable            0x00028280   Section        0  nrfx_gpiote.o(i.nrfx_gpiote_in_event_enable)
    i.nrfx_saadc_buffer_convert              0x00028324   Section        0  nrfx_saadc.o(i.nrfx_saadc_buffer_convert)
    i.nrfx_saadc_channel_init                0x000283c8   Section        0  nrfx_saadc.o(i.nrfx_saadc_channel_init)
    i.nrfx_saadc_init                        0x00028474   Section        0  nrfx_saadc.o(i.nrfx_saadc_init)
    i.nrfx_saadc_sample                      0x00028508   Section        0  nrfx_saadc.o(i.nrfx_saadc_sample)
    i.on_conn_params_evt                     0x00028534   Section        0  main.o(i.on_conn_params_evt)
    on_conn_params_evt                       0x00028535   Thumb Code    24  main.o(i.on_conn_params_evt)
    i.pin_in_use_by_port                     0x00028550   Section        0  nrfx_gpiote.o(i.pin_in_use_by_port)
    pin_in_use_by_port                       0x00028551   Thumb Code    20  nrfx_gpiote.o(i.pin_in_use_by_port)
    i.pin_in_use_by_te                       0x00028568   Section        0  nrfx_gpiote.o(i.pin_in_use_by_te)
    pin_in_use_by_te                         0x00028569   Thumb Code    20  nrfx_gpiote.o(i.pin_in_use_by_te)
    i.rtc_irq                                0x00028580   Section        0  app_timer2.o(i.rtc_irq)
    rtc_irq                                  0x00028581   Thumb Code    88  app_timer2.o(i.rtc_irq)
    i.rtc_schedule                           0x000285dc   Section        0  app_timer2.o(i.rtc_schedule)
    rtc_schedule                             0x000285dd   Thumb Code    92  app_timer2.o(i.rtc_schedule)
    i.rtc_update                             0x00028640   Section        0  app_timer2.o(i.rtc_update)
    rtc_update                               0x00028641   Thumb Code   108  app_timer2.o(i.rtc_update)
    i.saadc_callback                         0x000286b4   Section        0  main.o(i.saadc_callback)
    i.saadc_init                             0x000286d8   Section        0  main.o(i.saadc_init)
    i.sdh_request_observer_notify            0x00028730   Section        0  nrf_sdh.o(i.sdh_request_observer_notify)
    sdh_request_observer_notify              0x00028731   Thumb Code    44  nrf_sdh.o(i.sdh_request_observer_notify)
    i.sdh_state_observer_notify              0x00028760   Section        0  nrf_sdh.o(i.sdh_state_observer_notify)
    sdh_state_observer_notify                0x00028761   Thumb Code    38  nrf_sdh.o(i.sdh_state_observer_notify)
    i.send_error_evt                         0x0002878c   Section        0  ble_conn_params.o(i.send_error_evt)
    send_error_evt                           0x0002878d   Thumb Code    12  ble_conn_params.o(i.send_error_evt)
    i.service_data_encode                    0x0002879c   Section        0  ble_advdata.o(i.service_data_encode)
    service_data_encode                      0x0002879d   Thumb Code   136  ble_advdata.o(i.service_data_encode)
    i.set_security_req                       0x00028824   Section        0  ble_srv_common.o(i.set_security_req)
    set_security_req                         0x00028825   Thumb Code    48  ble_srv_common.o(i.set_security_req)
    i.softdevices_evt_irq_enable             0x00028854   Section        0  nrf_sdh.o(i.softdevices_evt_irq_enable)
    softdevices_evt_irq_enable               0x00028855   Thumb Code    80  nrf_sdh.o(i.softdevices_evt_irq_enable)
    i.sortlist_pop                           0x000288ac   Section        0  app_timer2.o(i.sortlist_pop)
    sortlist_pop                             0x000288ad   Thumb Code     6  app_timer2.o(i.sortlist_pop)
    i.timer_expire                           0x000288b8   Section        0  app_timer2.o(i.timer_expire)
    timer_expire                             0x000288b9   Thumb Code    80  app_timer2.o(i.timer_expire)
    i.timer_req_process                      0x00028910   Section        0  app_timer2.o(i.timer_req_process)
    timer_req_process                        0x00028911   Thumb Code   110  app_timer2.o(i.timer_req_process)
    i.timer_req_schedule                     0x00028988   Section        0  app_timer2.o(i.timer_req_schedule)
    timer_req_schedule                       0x00028989   Thumb Code    46  app_timer2.o(i.timer_req_schedule)
    i.uint16_encode                          0x000289c0   Section        0  ble_advdata.o(i.uint16_encode)
    uint16_encode                            0x000289c1   Thumb Code    10  ble_advdata.o(i.uint16_encode)
    i.update_timeout_handler                 0x000289cc   Section        0  ble_conn_params.o(i.update_timeout_handler)
    update_timeout_handler                   0x000289cd   Thumb Code    98  ble_conn_params.o(i.update_timeout_handler)
    i.user_mem_reply                         0x00028a34   Section        0  nrf_ble_qwr.o(i.user_mem_reply)
    user_mem_reply                           0x00028a35   Thumb Code    36  nrf_ble_qwr.o(i.user_mem_reply)
    i.uuid_list_encode                       0x00028a58   Section        0  ble_advdata.o(i.uuid_list_encode)
    uuid_list_encode                         0x00028a59   Thumb Code    48  ble_advdata.o(i.uuid_list_encode)
    i.uuid_list_sized_encode                 0x00028a88   Section        0  ble_advdata.o(i.uuid_list_sized_encode)
    uuid_list_sized_encode                   0x00028a89   Thumb Code   158  ble_advdata.o(i.uuid_list_sized_encode)
    .constdata                               0x00028b28   Section       17  main.o(.constdata)
    default_config                           0x00028b28   Data           4  main.o(.constdata)
    .constdata                               0x00028b3c   Section       22  nrf_ble_gatt.o(.constdata)
    .constdata                               0x00028b54   Section       16  ble_lbs.o(.constdata)
    .constdata                               0x00028b64   Section       16  nrf_sdh.o(.constdata)
    sdh_req_observers_array                  0x00028b64   Data          16  nrf_sdh.o(.constdata)
    .constdata                               0x00028b74   Section       40  nrf_sdh.o(.constdata)
    sdh_req_observers                        0x00028b78   Data          12  nrf_sdh.o(.constdata)
    sdh_state_observers                      0x00028b84   Data          12  nrf_sdh.o(.constdata)
    sdh_stack_observers                      0x00028b90   Data          12  nrf_sdh.o(.constdata)
    .constdata                               0x00028b9c   Section       16  nrf_sdh.o(.constdata)
    sdh_state_observers_array                0x00028b9c   Data          16  nrf_sdh.o(.constdata)
    .constdata                               0x00028bac   Section       16  nrf_sdh.o(.constdata)
    sdh_stack_observers_array                0x00028bac   Data          16  nrf_sdh.o(.constdata)
    .constdata                               0x00028bbc   Section       32  nrf_sdh_ble.o(.constdata)
    sdh_ble_observers_array                  0x00028bbc   Data          32  nrf_sdh_ble.o(.constdata)
    .constdata                               0x00028bdc   Section       16  nrf_sdh_ble.o(.constdata)
    sdh_ble_observers                        0x00028be0   Data          12  nrf_sdh_ble.o(.constdata)
    .constdata                               0x00028bec   Section       16  nrf_sdh_soc.o(.constdata)
    sdh_soc_observers_array                  0x00028bec   Data          16  nrf_sdh_soc.o(.constdata)
    .constdata                               0x00028bfc   Section       12  nrf_sdh_soc.o(.constdata)
    sdh_soc_observers                        0x00028bfc   Data          12  nrf_sdh_soc.o(.constdata)
    .constdata                               0x00028c08   Section        4  nrfx_gpiote.o(.constdata)
    .constdata                               0x00028c0c   Section       20  app_timer2.o(.constdata)
    m_req_fifo                               0x00028c0c   Data           4  app_timer2.o(.constdata)
    m_app_timer_sortlist                     0x00028c14   Data          12  app_timer2.o(.constdata)
    .constdata                               0x00028c20   Section        6  drv_rtc.o(.constdata)
    delay_machine_code                       0x00028c20   Data           6  drv_rtc.o(.constdata)
    .constdata                               0x00028c28   Section       24  nrf_pwr_mgmt.o(.constdata)
    pwr_mgmt_data_array                      0x00028c28   Data          24  nrf_pwr_mgmt.o(.constdata)
    .constdata                               0x00028c40   Section       12  nrf_pwr_mgmt.o(.constdata)
    pwr_mgmt_data                            0x00028c40   Data          12  nrf_pwr_mgmt.o(.constdata)
    .constdata                               0x00028c4c   Section        8  app_button.o(.constdata)
    m_detection_delay_timer_id               0x00028c50   Data           4  app_button.o(.constdata)
    .conststrlit                             0x00028c54   Section        8  nrf_sdh.o(.conststrlit)
    .conststrlit                             0x00028c5c   Section       12  nrf_sdh_soc.o(.conststrlit)
    .conststrlit                             0x00028c68   Section        5  nrfx_uart.o(.conststrlit)
    .conststrlit                             0x00028c70   Section        6  nrfx_uarte.o(.conststrlit)
    .conststrlit                             0x00028c78   Section        4  nrfx_prs.o(.conststrlit)
    .conststrlit                             0x00028c7c   Section        7  nrfx_gpiote.o(.conststrlit)
    .conststrlit                             0x00028c84   Section        6  nrfx_saadc.o(.conststrlit)
    .conststrlit                             0x00028c8c   Section       10  app_timer2.o(.conststrlit)
    .conststrlit                             0x00028c98   Section        9  nrf_sortlist.o(.conststrlit)
    .conststrlit                             0x00028ca4   Section       11  app_button.o(.conststrlit)
    log_const_data                           0x00028cd0   Section        8  nrf_sdh.o(log_const_data)
    __tagsym$$used                           0x00028cd0   Number         0  nrf_sdh.o(log_const_data)
    log_const_data                           0x00028cd8   Section        8  nrf_sdh_soc.o(log_const_data)
    __tagsym$$used                           0x00028cd8   Number         0  nrf_sdh_soc.o(log_const_data)
    log_const_data                           0x00028ce0   Section        8  nrfx_uart.o(log_const_data)
    __tagsym$$used                           0x00028ce0   Number         0  nrfx_uart.o(log_const_data)
    log_const_data                           0x00028ce8   Section        8  nrfx_uarte.o(log_const_data)
    __tagsym$$used                           0x00028ce8   Number         0  nrfx_uarte.o(log_const_data)
    log_const_data                           0x00028cf0   Section        8  nrfx_prs.o(log_const_data)
    __tagsym$$used                           0x00028cf0   Number         0  nrfx_prs.o(log_const_data)
    log_const_data                           0x00028cf8   Section        8  nrfx_gpiote.o(log_const_data)
    __tagsym$$used                           0x00028cf8   Number         0  nrfx_gpiote.o(log_const_data)
    log_const_data                           0x00028d00   Section        8  nrfx_saadc.o(log_const_data)
    __tagsym$$used                           0x00028d00   Number         0  nrfx_saadc.o(log_const_data)
    log_const_data                           0x00028d08   Section        8  app_timer2.o(log_const_data)
    __tagsym$$used                           0x00028d08   Number         0  app_timer2.o(log_const_data)
    log_const_data                           0x00028d10   Section        8  nrf_sortlist.o(log_const_data)
    __tagsym$$used                           0x00028d10   Number         0  nrf_sortlist.o(log_const_data)
    log_const_data                           0x00028d18   Section        8  app_button.o(log_const_data)
    __tagsym$$used                           0x00028d18   Number         0  app_button.o(log_const_data)
    sdh_ble_observers0                       0x00028d20   Section        8  ble_conn_state.o(sdh_ble_observers0)
    __tagsym$$used                           0x00028d20   Number         0  ble_conn_state.o(sdh_ble_observers0)
    m_ble_evt_observer                       0x00028d20   Data           8  ble_conn_state.o(sdh_ble_observers0)
    sdh_ble_observers1                       0x00028d28   Section        8  main.o(sdh_ble_observers1)
    __tagsym$$used                           0x00028d28   Number         0  main.o(sdh_ble_observers1)
    m_gatt_obs                               0x00028d28   Data           8  main.o(sdh_ble_observers1)
    sdh_ble_observers1                       0x00028d30   Section        8  ble_conn_params.o(sdh_ble_observers1)
    __tagsym$$used                           0x00028d30   Number         0  ble_conn_params.o(sdh_ble_observers1)
    m_ble_observer                           0x00028d30   Data           8  ble_conn_params.o(sdh_ble_observers1)
    sdh_ble_observers2                       0x00028d38   Section       16  main.o(sdh_ble_observers2)
    __tagsym$$used                           0x00028d38   Number         0  main.o(sdh_ble_observers2)
    m_lbs_obs                                0x00028d38   Data           8  main.o(sdh_ble_observers2)
    __tagsym$$used                           0x00028d40   Number         0  main.o(sdh_ble_observers2)
    m_qwr_obs                                0x00028d40   Data           8  main.o(sdh_ble_observers2)
    sdh_ble_observers3                       0x00028d48   Section        8  main.o(sdh_ble_observers3)
    __tagsym$$used                           0x00028d48   Number         0  main.o(sdh_ble_observers3)
    m_ble_observer                           0x00028d48   Data           8  main.o(sdh_ble_observers3)
    sdh_stack_observers0                     0x00028d50   Section        8  nrf_sdh_ble.o(sdh_stack_observers0)
    __tagsym$$used                           0x00028d50   Number         0  nrf_sdh_ble.o(sdh_stack_observers0)
    m_nrf_sdh_ble_evts_poll                  0x00028d50   Data           8  nrf_sdh_ble.o(sdh_stack_observers0)
    sdh_stack_observers0                     0x00028d58   Section        8  nrf_sdh_soc.o(sdh_stack_observers0)
    __tagsym$$used                           0x00028d58   Number         0  nrf_sdh_soc.o(sdh_stack_observers0)
    m_nrf_sdh_soc_evts_poll                  0x00028d58   Data           8  nrf_sdh_soc.o(sdh_stack_observers0)
    .data                                    0x20002a98   Section       24  main.o(.data)
    m_adv_handle                             0x20002a98   Data           1  main.o(.data)
    m_conn_handle                            0x20002a9a   Data           2  main.o(.data)
    m_adc_evt_counter                        0x20002a9c   Data           4  main.o(.data)
    m_adv_data                               0x20002aa0   Data          16  main.o(.data)
    .data                                    0x20002ab0   Section        8  ble_conn_params.o(.data)
    m_preferred_conn_params                  0x20002ab0   Data           8  ble_conn_params.o(.data)
    .data                                    0x20002ab8   Section        3  nrf_sdh.o(.data)
    m_nrf_sdh_enabled                        0x20002ab8   Data           1  nrf_sdh.o(.data)
    m_nrf_sdh_suspended                      0x20002ab9   Data           1  nrf_sdh.o(.data)
    m_nrf_sdh_continue                       0x20002aba   Data           1  nrf_sdh.o(.data)
    .data                                    0x20002abb   Section        1  nrf_sdh_ble.o(.data)
    m_stack_is_enabled                       0x20002abb   Data           1  nrf_sdh_ble.o(.data)
    .data                                    0x20002abc   Section        8  nrfx_prs.o(.data)
    m_prs_box_4                              0x20002abc   Data           8  nrfx_prs.o(.data)
    .data                                    0x20002ac8   Section       32  app_timer2.o(.data)
    m_global_active                          0x20002ac8   Data           1  app_timer2.o(.data)
    mp_active_timer                          0x20002acc   Data           4  app_timer2.o(.data)
    m_rtc_inst                               0x20002ad0   Data           8  app_timer2.o(.data)
    m_base_counter                           0x20002ad8   Data           8  app_timer2.o(.data)
    m_stamp64                                0x20002ae0   Data           8  app_timer2.o(.data)
    .data                                    0x20002ae8   Section        4  app_timer2.o(.data)
    m_app_timer_sortlist_sortlist_cb         0x20002ae8   Data           4  app_timer2.o(.data)
    .data                                    0x20002aec   Section       12  drv_rtc.o(.data)
    m_handlers                               0x20002aec   Data           4  drv_rtc.o(.data)
    m_cb                                     0x20002af0   Data           8  drv_rtc.o(.data)
    .data                                    0x20002af8   Section        8  nrf_pwr_mgmt.o(.data)
    m_pwr_mgmt_evt                           0x20002af8   Data           1  nrf_pwr_mgmt.o(.data)
    m_shutdown_started                       0x20002af9   Data           1  nrf_pwr_mgmt.o(.data)
    m_sysoff_mtx                             0x20002afc   Data           4  nrf_pwr_mgmt.o(.data)
    .data                                    0x20002b00   Section       24  app_button.o(.data)
    m_button_count                           0x20002b00   Data           1  app_button.o(.data)
    mp_buttons                               0x20002b04   Data           4  app_button.o(.data)
    m_detection_delay                        0x20002b08   Data           4  app_button.o(.data)
    m_pin_active                             0x20002b10   Data           8  app_button.o(.data)
    .data                                    0x20002b18   Section        4  system_nrf52.o(.data)
    __tagsym$$used                           0x20002b18   Number         0  system_nrf52.o(.data)
    .bss                                     0x20002b1c   Section       76  main.o(.bss)
    m_buffer_pool                            0x20002b1c   Data          20  main.o(.bss)
    m_lbs                                    0x20002b30   Data          24  main.o(.bss)
    m_gatt                                   0x20002b48   Data          20  main.o(.bss)
    m_qwr                                    0x20002b5c   Data          12  main.o(.bss)
    .bss                                     0x20002b68   Section       31  main.o(.bss)
    m_enc_advdata                            0x20002b68   Data          31  main.o(.bss)
    .bss                                     0x20002b87   Section       31  main.o(.bss)
    m_enc_scan_response_data                 0x20002b87   Data          31  main.o(.bss)
    .bss                                     0x20002ba8   Section       80  ble_conn_params.o(.bss)
    m_timer_data                             0x20002ba8   Data          32  ble_conn_params.o(.bss)
    m_conn_params_instances                  0x20002bc8   Data          20  ble_conn_params.o(.bss)
    m_conn_params_config                     0x20002bdc   Data          28  ble_conn_params.o(.bss)
    .bss                                     0x20002bf8   Section      124  ble_conn_state.o(.bss)
    m_bcs                                    0x20002bf8   Data         124  ble_conn_state.o(.bss)
    .bss                                     0x20002c74   Section       92  nrfx_gpiote.o(.bss)
    m_cb                                     0x20002c74   Data          92  nrfx_gpiote.o(.bss)
    .bss                                     0x20002cd0   Section       48  nrfx_saadc.o(.bss)
    m_cb                                     0x20002cd0   Data          48  nrfx_saadc.o(.bss)
    .bss                                     0x20002d00   Section       16  app_timer2.o(.bss)
    m_req_fifo_inst                          0x20002d00   Data          16  app_timer2.o(.bss)
    .bss                                     0x20002d10   Section       88  app_timer2.o(.bss)
    m_req_fifo_data                          0x20002d10   Data          88  app_timer2.o(.bss)
    .bss                                     0x20002d68   Section       12  app_util_platform.o(.bss)
    .bss                                     0x20002d74   Section       12  nrf_pwr_mgmt.o(.bss)
    m_handlers_iter                          0x20002d74   Data          12  nrf_pwr_mgmt.o(.bss)
    .bss                                     0x20002d80   Section       32  app_button.o(.bss)
    m_detection_delay_timer_id_data          0x20002d80   Data          32  app_button.o(.bss)
    STACK                                    0x20002da0   Section     8192  arm_startup_nrf52.o(STACK)

    Global Symbols

    Symbol Name                              Value     Ov Type        Size  Object(Section)

    BuildAttributes$$THM_ISAv4$E$P$D$K$B$S$7EM$VFPi3$EXTD16$VFPS$VFMA$PE$A:L22UL41UL21$X:L11$S22US41US21$IEEE1$IW$USESV6$~STKCKD$USESV7$~SHL$OSPACE$EBA8$MICROLIB$REQ8$EABIv2 0x00000000   Number         0  anon$$obj.o ABSOLUTE
    __ARM_use_no_argv                        0x00000000   Number         0  main.o ABSOLUTE
    __cpp_initialize__aeabi_                  - Undefined Weak Reference
    __cxa_finalize                            - Undefined Weak Reference
    __decompress                              - Undefined Weak Reference
    _clock_init                               - Undefined Weak Reference
    _microlib_exit                            - Undefined Weak Reference
    pwr_mgmt_data0$$Base                      - Undefined Reference
    pwr_mgmt_data0$$Limit                     - Undefined Reference
    pwr_mgmt_data1$$Base                      - Undefined Reference
    pwr_mgmt_data1$$Limit                     - Undefined Reference
    pwr_mgmt_data2$$Base                      - Undefined Reference
    pwr_mgmt_data2$$Limit                     - Undefined Reference
    sdh_req_observers0$$Base                  - Undefined Reference
    sdh_req_observers0$$Limit                 - Undefined Reference
    sdh_req_observers1$$Base                  - Undefined Reference
    sdh_req_observers1$$Limit                 - Undefined Reference
    sdh_soc_observers0$$Base                  - Undefined Reference
    sdh_soc_observers0$$Limit                 - Undefined Reference
    sdh_soc_observers1$$Base                  - Undefined Reference
    sdh_soc_observers1$$Limit                 - Undefined Reference
    sdh_stack_observers1$$Base                - Undefined Reference
    sdh_stack_observers1$$Limit               - Undefined Reference
    sdh_state_observers0$$Base                - Undefined Reference
    sdh_state_observers0$$Limit               - Undefined Reference
    sdh_state_observers1$$Base                - Undefined Reference
    sdh_state_observers1$$Limit               - Undefined Reference
    __Vectors_Size                           0x00000200   Number         0  arm_startup_nrf52.o ABSOLUTE
    __Vectors                                0x00026000   Data           4  arm_startup_nrf52.o(RESET)
    __Vectors_End                            0x00026200   Data           0  arm_startup_nrf52.o(RESET)
    __main                                   0x00026201   Thumb Code     0  entry.o(.ARM.Collect$$$$00000000)
    _main_stk                                0x00026201   Thumb Code     0  entry2.o(.ARM.Collect$$$$00000001)
    _main_scatterload                        0x00026205   Thumb Code     0  entry5.o(.ARM.Collect$$$$00000004)
    __main_after_scatterload                 0x00026209   Thumb Code     0  entry5.o(.ARM.Collect$$$$00000004)
    _main_clock                              0x00026209   Thumb Code     0  entry7b.o(.ARM.Collect$$$$00000008)
    _main_cpp_init                           0x00026209   Thumb Code     0  entry8b.o(.ARM.Collect$$$$0000000A)
    _main_init                               0x00026209   Thumb Code     0  entry9a.o(.ARM.Collect$$$$0000000B)
    __rt_final_cpp                           0x00026211   Thumb Code     0  entry10a.o(.ARM.Collect$$$$0000000D)
    __rt_final_exit                          0x00026211   Thumb Code     0  entry11a.o(.ARM.Collect$$$$0000000F)
    __asm___12_nrf_atfifo_c_51f461e1__nrf_atfifo_wspace_req 0x00026215   Thumb Code    56  nrf_atfifo.o(.emb_text)
    __asm___12_nrf_atfifo_c_51f461e1__nrf_atfifo_wspace_close 0x0002624d   Thumb Code    18  nrf_atfifo.o(.emb_text)
    __asm___12_nrf_atfifo_c_51f461e1__nrf_atfifo_rspace_req 0x0002625f   Thumb Code    58  nrf_atfifo.o(.emb_text)
    __asm___12_nrf_atfifo_c_51f461e1__nrf_atfifo_rspace_close 0x00026299   Thumb Code    18  nrf_atfifo.o(.emb_text)
    __asm___12_nrf_atfifo_c_51f461e1__nrf_atfifo_space_clear 0x000262ab   Thumb Code    50  nrf_atfifo.o(.emb_text)
    __asm___12_nrf_atomic_c_85ca2469__nrf_atomic_internal_mov 0x000262dd   Thumb Code    24  nrf_atomic.o(.emb_text)
    __asm___12_nrf_atomic_c_85ca2469__nrf_atomic_internal_orr 0x000262f5   Thumb Code    26  nrf_atomic.o(.emb_text)
    __asm___12_nrf_atomic_c_85ca2469__nrf_atomic_internal_and 0x0002630f   Thumb Code    26  nrf_atomic.o(.emb_text)
    __asm___12_nrf_atomic_c_85ca2469__nrf_atomic_internal_eor 0x00026329   Thumb Code    26  nrf_atomic.o(.emb_text)
    __asm___12_nrf_atomic_c_85ca2469__nrf_atomic_internal_add 0x00026343   Thumb Code    26  nrf_atomic.o(.emb_text)
    __asm___12_nrf_atomic_c_85ca2469__nrf_atomic_internal_sub 0x0002635d   Thumb Code    26  nrf_atomic.o(.emb_text)
    __asm___12_nrf_atomic_c_85ca2469__nrf_atomic_internal_cmp_exch 0x00026377   Thumb Code    42  nrf_atomic.o(.emb_text)
    __asm___12_nrf_atomic_c_85ca2469__nrf_atomic_internal_sub_hs 0x000263a1   Thumb Code    30  nrf_atomic.o(.emb_text)
    Reset_Handler                            0x000263c1   Thumb Code     8  arm_startup_nrf52.o(.text)
    NMI_Handler                              0x000263c9   Thumb Code     2  arm_startup_nrf52.o(.text)
    HardFault_Handler                        0x000263cb   Thumb Code     2  arm_startup_nrf52.o(.text)
    MemoryManagement_Handler                 0x000263cd   Thumb Code     2  arm_startup_nrf52.o(.text)
    BusFault_Handler                         0x000263cf   Thumb Code     2  arm_startup_nrf52.o(.text)
    UsageFault_Handler                       0x000263d1   Thumb Code     2  arm_startup_nrf52.o(.text)
    SVC_Handler                              0x000263d3   Thumb Code     2  arm_startup_nrf52.o(.text)
    DebugMon_Handler                         0x000263d5   Thumb Code     2  arm_startup_nrf52.o(.text)
    PendSV_Handler                           0x000263d7   Thumb Code     2  arm_startup_nrf52.o(.text)
    SysTick_Handler                          0x000263d9   Thumb Code     2  arm_startup_nrf52.o(.text)
    CCM_AAR_IRQHandler                       0x000263db   Thumb Code     0  arm_startup_nrf52.o(.text)
    COMP_LPCOMP_IRQHandler                   0x000263db   Thumb Code     0  arm_startup_nrf52.o(.text)
    ECB_IRQHandler                           0x000263db   Thumb Code     0  arm_startup_nrf52.o(.text)
    FPU_IRQHandler                           0x000263db   Thumb Code     0  arm_startup_nrf52.o(.text)
    I2S_IRQHandler                           0x000263db   Thumb Code     0  arm_startup_nrf52.o(.text)
    MWU_IRQHandler                           0x000263db   Thumb Code     0  arm_startup_nrf52.o(.text)
    NFCT_IRQHandler                          0x000263db   Thumb Code     0  arm_startup_nrf52.o(.text)
    PDM_IRQHandler                           0x000263db   Thumb Code     0  arm_startup_nrf52.o(.text)
    POWER_CLOCK_IRQHandler                   0x000263db   Thumb Code     0  arm_startup_nrf52.o(.text)
    PWM0_IRQHandler                          0x000263db   Thumb Code     0  arm_startup_nrf52.o(.text)
    PWM1_IRQHandler                          0x000263db   Thumb Code     0  arm_startup_nrf52.o(.text)
    PWM2_IRQHandler                          0x000263db   Thumb Code     0  arm_startup_nrf52.o(.text)
    QDEC_IRQHandler                          0x000263db   Thumb Code     0  arm_startup_nrf52.o(.text)
    RADIO_IRQHandler                         0x000263db   Thumb Code     0  arm_startup_nrf52.o(.text)
    RNG_IRQHandler                           0x000263db   Thumb Code     0  arm_startup_nrf52.o(.text)
    RTC0_IRQHandler                          0x000263db   Thumb Code     0  arm_startup_nrf52.o(.text)
    RTC2_IRQHandler                          0x000263db   Thumb Code     0  arm_startup_nrf52.o(.text)
    SPIM0_SPIS0_TWIM0_TWIS0_SPI0_TWI0_IRQHandler 0x000263db   Thumb Code     0  arm_startup_nrf52.o(.text)
    SPIM1_SPIS1_TWIM1_TWIS1_SPI1_TWI1_IRQHandler 0x000263db   Thumb Code     0  arm_startup_nrf52.o(.text)
    SPIM2_SPIS2_SPI2_IRQHandler              0x000263db   Thumb Code     0  arm_startup_nrf52.o(.text)
    SWI0_EGU0_IRQHandler                     0x000263db   Thumb Code     0  arm_startup_nrf52.o(.text)
    SWI1_EGU1_IRQHandler                     0x000263db   Thumb Code     0  arm_startup_nrf52.o(.text)
    SWI3_EGU3_IRQHandler                     0x000263db   Thumb Code     0  arm_startup_nrf52.o(.text)
    SWI4_EGU4_IRQHandler                     0x000263db   Thumb Code     0  arm_startup_nrf52.o(.text)
    SWI5_EGU5_IRQHandler                     0x000263db   Thumb Code     0  arm_startup_nrf52.o(.text)
    TEMP_IRQHandler                          0x000263db   Thumb Code     0  arm_startup_nrf52.o(.text)
    TIMER0_IRQHandler                        0x000263db   Thumb Code     0  arm_startup_nrf52.o(.text)
    TIMER1_IRQHandler                        0x000263db   Thumb Code     0  arm_startup_nrf52.o(.text)
    TIMER2_IRQHandler                        0x000263db   Thumb Code     0  arm_startup_nrf52.o(.text)
    TIMER3_IRQHandler                        0x000263db   Thumb Code     0  arm_startup_nrf52.o(.text)
    TIMER4_IRQHandler                        0x000263db   Thumb Code     0  arm_startup_nrf52.o(.text)
    WDT_IRQHandler                           0x000263db   Thumb Code     0  arm_startup_nrf52.o(.text)
    __aeabi_memcpy                           0x000263e5   Thumb Code    36  memcpya.o(.text)
    __aeabi_memcpy4                          0x000263e5   Thumb Code     0  memcpya.o(.text)
    __aeabi_memcpy8                          0x000263e5   Thumb Code     0  memcpya.o(.text)
    __aeabi_memset                           0x00026409   Thumb Code    14  memseta.o(.text)
    __aeabi_memset4                          0x00026409   Thumb Code     0  memseta.o(.text)
    __aeabi_memset8                          0x00026409   Thumb Code     0  memseta.o(.text)
    __aeabi_memclr                           0x00026417   Thumb Code     4  memseta.o(.text)
    __aeabi_memclr4                          0x00026417   Thumb Code     0  memseta.o(.text)
    __aeabi_memclr8                          0x00026417   Thumb Code     0  memseta.o(.text)
    _memset$wrapper                          0x0002641b   Thumb Code    18  memseta.o(.text)
    __scatterload                            0x0002642d   Thumb Code    28  init.o(.text)
    __scatterload_rt2                        0x0002642d   Thumb Code     0  init.o(.text)
    GPIOTE_IRQHandler                        0x00026451   Thumb Code   346  nrfx_gpiote.o(i.GPIOTE_IRQHandler)
    RTC1_IRQHandler                          0x000265b5   Thumb Code    12  drv_rtc.o(i.RTC1_IRQHandler)
    SAADC_IRQHandler                         0x000265c5   Thumb Code   320  nrfx_saadc.o(i.SAADC_IRQHandler)
    SWI2_EGU2_IRQHandler                     0x0002670d   Thumb Code     4  nrf_sdh.o(i.SWI2_EGU2_IRQHandler)
    SystemInit                               0x00026711   Thumb Code   740  system_nrf52.o(i.SystemInit)
    UARTE0_UART0_IRQHandler                  0x00026a3d   Thumb Code     6  nrfx_prs.o(i.UARTE0_UART0_IRQHandler)
    __scatterload_copy                       0x00026a49   Thumb Code    14  handlers.o(i.__scatterload_copy)
    __scatterload_null                       0x00026a57   Thumb Code     2  handlers.o(i.__scatterload_null)
    __scatterload_zeroinit                   0x00026a59   Thumb Code    14  handlers.o(i.__scatterload_zeroinit)
    app_button_disable                       0x00026b49   Thumb Code    64  app_button.o(i.app_button_disable)
    app_button_enable                        0x00026b91   Thumb Code    32  app_button.o(i.app_button_enable)
    app_error_fault_handler                  0x00026bb5   Thumb Code    40  app_error_weak.o(i.app_error_fault_handler)
    app_error_handler_bare                   0x00026be5   Thumb Code    22  app_error.o(i.app_error_handler_bare)
    app_timer_cnt_get                        0x00026bfd   Thumb Code     6  app_timer2.o(i.app_timer_cnt_get)
    app_timer_create                         0x00026c09   Thumb Code    22  app_timer2.o(i.app_timer_create)
    app_timer_init                           0x00026c21   Thumb Code    70  app_timer2.o(i.app_timer_init)
    app_timer_start                          0x00026c7d   Thumb Code    48  app_timer2.o(i.app_timer_start)
    app_timer_stop                           0x00026cad   Thumb Code    12  app_timer2.o(i.app_timer_stop)
    app_util_critical_region_enter           0x00026cb9   Thumb Code    64  app_util_platform.o(i.app_util_critical_region_enter)
    app_util_critical_region_exit            0x00026d01   Thumb Code    46  app_util_platform.o(i.app_util_critical_region_exit)
    ble_advdata_encode                       0x00026d35   Thumb Code   386  ble_advdata.o(i.ble_advdata_encode)
    ble_conn_params_init                     0x00026eb9   Thumb Code    90  ble_conn_params.o(i.ble_conn_params_init)
    ble_lbs_init                             0x00027239   Thumb Code   190  ble_lbs.o(i.ble_lbs_init)
    ble_lbs_on_ble_evt                       0x000272fd   Thumb Code    46  ble_lbs.o(i.ble_lbs_on_ble_evt)
    ble_srv_is_notification_enabled          0x0002732b   Thumb Code     8  ble_srv_common.o(i.ble_srv_is_notification_enabled)
    characteristic_add                       0x00027345   Thumb Code   400  ble_srv_common.o(i.characteristic_add)
    conn_handle_list_get                     0x000274ed   Thumb Code    62  ble_conn_state.o(i.conn_handle_list_get)
    drv_rtc_compare_disable                  0x0002761f   Thumb Code    20  drv_rtc.o(i.drv_rtc_compare_disable)
    drv_rtc_compare_pending                  0x00027633   Thumb Code    14  drv_rtc.o(i.drv_rtc_compare_pending)
    drv_rtc_compare_set                      0x00027641   Thumb Code    80  drv_rtc.o(i.drv_rtc_compare_set)
    drv_rtc_counter_get                      0x00027691   Thumb Code     8  drv_rtc.o(i.drv_rtc_counter_get)
    drv_rtc_init                             0x00027699   Thumb Code   118  drv_rtc.o(i.drv_rtc_init)
    drv_rtc_irq_trigger                      0x00027715   Thumb Code    30  drv_rtc.o(i.drv_rtc_irq_trigger)
    drv_rtc_overflow_enable                  0x00027733   Thumb Code     8  drv_rtc.o(i.drv_rtc_overflow_enable)
    drv_rtc_overflow_pending                 0x0002773b   Thumb Code     8  drv_rtc.o(i.drv_rtc_overflow_pending)
    drv_rtc_start                            0x00027743   Thumb Code     8  drv_rtc.o(i.drv_rtc_start)
    drv_rtc_stop                             0x0002774b   Thumb Code     8  drv_rtc.o(i.drv_rtc_stop)
    drv_rtc_windowed_compare_set             0x00027753   Thumb Code   222  drv_rtc.o(i.drv_rtc_windowed_compare_set)
    main                                     0x00027905   Thumb Code   262  main.o(i.main)
    nrf_atfifo_init                          0x00027b33   Thumb Code    38  nrf_atfifo.o(i.nrf_atfifo_init)
    nrf_atfifo_item_alloc                    0x00027b59   Thumb Code    22  nrf_atfifo.o(i.nrf_atfifo_item_alloc)
    nrf_atfifo_item_free                     0x00027b6f   Thumb Code    22  nrf_atfifo.o(i.nrf_atfifo_item_free)
    nrf_atfifo_item_get                      0x00027b85   Thumb Code    22  nrf_atfifo.o(i.nrf_atfifo_item_get)
    nrf_atfifo_item_put                      0x00027b9b   Thumb Code    22  nrf_atfifo.o(i.nrf_atfifo_item_put)
    nrf_atflags_clear                        0x00027bb1   Thumb Code    22  nrf_atflags.o(i.nrf_atflags_clear)
    nrf_atflags_get                          0x00027bc7   Thumb Code    22  nrf_atflags.o(i.nrf_atflags_get)
    nrf_atflags_set                          0x00027bdd   Thumb Code    20  nrf_atflags.o(i.nrf_atflags_set)
    nrf_atomic_u32_and                       0x00027bf1   Thumb Code    12  nrf_atomic.o(i.nrf_atomic_u32_and)
    nrf_atomic_u32_or                        0x00027bfd   Thumb Code    12  nrf_atomic.o(i.nrf_atomic_u32_or)
    nrf_ble_gatt_init                        0x00027c2d   Thumb Code    34  nrf_ble_gatt.o(i.nrf_ble_gatt_init)
    nrf_ble_gatt_on_ble_evt                  0x00027c51   Thumb Code   366  nrf_ble_gatt.o(i.nrf_ble_gatt_on_ble_evt)
    nrf_ble_qwr_conn_handle_assign           0x00027dc5   Thumb Code    22  nrf_ble_qwr.o(i.nrf_ble_qwr_conn_handle_assign)
    nrf_ble_qwr_init                         0x00027ddb   Thumb Code    36  nrf_ble_qwr.o(i.nrf_ble_qwr_init)
    nrf_ble_qwr_on_ble_evt                   0x00027dff   Thumb Code   182  nrf_ble_qwr.o(i.nrf_ble_qwr_on_ble_evt)
    nrf_pwr_mgmt_init                        0x00027f25   Thumb Code    28  nrf_pwr_mgmt.o(i.nrf_pwr_mgmt_init)
    nrf_sdh_ble_app_ram_start_get            0x00027fa5   Thumb Code    16  nrf_sdh_ble.o(i.nrf_sdh_ble_app_ram_start_get)
    nrf_sdh_ble_default_cfg_set              0x00027fb9   Thumb Code   134  nrf_sdh_ble.o(i.nrf_sdh_ble_default_cfg_set)
    nrf_sdh_ble_enable                       0x00028041   Thumb Code    14  nrf_sdh_ble.o(i.nrf_sdh_ble_enable)
    nrf_sdh_enable_request                   0x000280b1   Thumb Code   102  nrf_sdh.o(i.nrf_sdh_enable_request)
    nrf_sdh_evts_poll                        0x00028125   Thumb Code    32  nrf_sdh.o(i.nrf_sdh_evts_poll)
    nrf_section_iter_init                    0x00028185   Thumb Code    10  nrf_section_iter.o(i.nrf_section_iter_init)
    nrf_section_iter_next                    0x000281b3   Thumb Code    32  nrf_section_iter.o(i.nrf_section_iter_next)
    nrf_sortlist_add                         0x000281d3   Thumb Code    34  nrf_sortlist.o(i.nrf_sortlist_add)
    nrf_sortlist_peek                        0x000281f5   Thumb Code     6  nrf_sortlist.o(i.nrf_sortlist_peek)
    nrf_sortlist_pop                         0x000281fb   Thumb Code    14  nrf_sortlist.o(i.nrf_sortlist_pop)
    nrf_sortlist_remove                      0x00028209   Thumb Code    30  nrf_sortlist.o(i.nrf_sortlist_remove)
    nrfx_gpiote_in_event_disable             0x00028239   Thumb Code    66  nrfx_gpiote.o(i.nrfx_gpiote_in_event_disable)
    nrfx_gpiote_in_event_enable              0x00028281   Thumb Code   156  nrfx_gpiote.o(i.nrfx_gpiote_in_event_enable)
    nrfx_saadc_buffer_convert                0x00028325   Thumb Code   154  nrfx_saadc.o(i.nrfx_saadc_buffer_convert)
    nrfx_saadc_channel_init                  0x000283c9   Thumb Code   160  nrfx_saadc.o(i.nrfx_saadc_channel_init)
    nrfx_saadc_init                          0x00028475   Thumb Code   130  nrfx_saadc.o(i.nrfx_saadc_init)
    nrfx_saadc_sample                        0x00028509   Thumb Code    34  nrfx_saadc.o(i.nrfx_saadc_sample)
    saadc_callback                           0x000286b5   Thumb Code    32  main.o(i.saadc_callback)
    saadc_init                               0x000286d9   Thumb Code    74  main.o(i.saadc_init)
    m_ram_start                              0x00028bdc   Data           4  nrf_sdh_ble.o(.constdata)
    Region$$Table$$Base                      0x00028cb0   Number         0  anon$$obj.o(Region$$Table)
    Region$$Table$$Limit                     0x00028cd0   Number         0  anon$$obj.o(Region$$Table)
    m_nrf_log_nrf_sdh_logs_data_const        0x00028cd0   Data           8  nrf_sdh.o(log_const_data)
    m_nrf_log_nrf_sdh_soc_logs_data_const    0x00028cd8   Data           8  nrf_sdh_soc.o(log_const_data)
    m_nrf_log_UART_logs_data_const           0x00028ce0   Data           8  nrfx_uart.o(log_const_data)
    m_nrf_log_UARTE_logs_data_const          0x00028ce8   Data           8  nrfx_uarte.o(log_const_data)
    m_nrf_log_PRS_logs_data_const            0x00028cf0   Data           8  nrfx_prs.o(log_const_data)
    m_nrf_log_GPIOTE_logs_data_const         0x00028cf8   Data           8  nrfx_gpiote.o(log_const_data)
    m_nrf_log_SAADC_logs_data_const          0x00028d00   Data           8  nrfx_saadc.o(log_const_data)
    m_nrf_log_app_timer_logs_data_const      0x00028d08   Data           8  app_timer2.o(log_const_data)
    m_nrf_log_sortlist_logs_data_const       0x00028d10   Data           8  nrf_sortlist.o(log_const_data)
    m_nrf_log_app_button_logs_data_const     0x00028d18   Data           8  app_button.o(log_const_data)
    sdh_ble_observers0$$Base                 0x00028d20   Number         0  ble_conn_state.o(sdh_ble_observers0)
    sdh_ble_observers0$$Limit                0x00028d28   Number         0  ble_conn_state.o(sdh_ble_observers0)
    sdh_ble_observers1$$Base                 0x00028d28   Number         0  main.o(sdh_ble_observers1)
    sdh_ble_observers1$$Limit                0x00028d38   Number         0  ble_conn_params.o(sdh_ble_observers1)
    sdh_ble_observers2$$Base                 0x00028d38   Number         0  main.o(sdh_ble_observers2)
    sdh_ble_observers2$$Limit                0x00028d48   Number         0  main.o(sdh_ble_observers2)
    sdh_ble_observers3$$Base                 0x00028d48   Number         0  main.o(sdh_ble_observers3)
    sdh_ble_observers3$$Limit                0x00028d50   Number         0  main.o(sdh_ble_observers3)
    sdh_stack_observers0$$Base               0x00028d50   Number         0  nrf_sdh_ble.o(sdh_stack_observers0)
    sdh_stack_observers0$$Limit              0x00028d60   Number         0  nrf_sdh_soc.o(sdh_stack_observers0)
    Image$$RW_IRAM1$$Base                    0x20002a98   Number         0  anon$$obj.o ABSOLUTE
    SystemCoreClock                          0x20002b18   Data           4  system_nrf52.o(.data)
    nrf_nvic_state                           0x20002d68   Data          12  app_util_platform.o(.bss)
    __initial_sp                             0x20004da0   Data           0  arm_startup_nrf52.o(STACK)



==============================================================================

Memory Map of the image

  Image Entry point : 0x00026201

  Load Region LR_IROM1 (Base: 0x00026000, Size: 0x00002de4, Max: 0x000da000, ABSOLUTE)

    Execution Region ER_IROM1 (Exec base: 0x00026000, Load base: 0x00026000, Size: 0x00002d60, Max: 0x000da000, ABSOLUTE)

    Exec Addr    Load Addr    Size         Type   Attr      Idx    E Section Name        Object

    0x00026000   0x00026000   0x00000200   Data   RO         3492    RESET               arm_startup_nrf52.o
    0x00026200   0x00026200   0x00000000   Code   RO         3539  * .ARM.Collect$$$$00000000  mc_w.l(entry.o)
    0x00026200   0x00026200   0x00000004   Code   RO         3554    .ARM.Collect$$$$00000001  mc_w.l(entry2.o)
    0x00026204   0x00026204   0x00000004   Code   RO         3557    .ARM.Collect$$$$00000004  mc_w.l(entry5.o)
    0x00026208   0x00026208   0x00000000   Code   RO         3559    .ARM.Collect$$$$00000008  mc_w.l(entry7b.o)
    0x00026208   0x00026208   0x00000000   Code   RO         3561    .ARM.Collect$$$$0000000A  mc_w.l(entry8b.o)
    0x00026208   0x00026208   0x00000008   Code   RO         3562    .ARM.Collect$$$$0000000B  mc_w.l(entry9a.o)
    0x00026210   0x00026210   0x00000000   Code   RO         3564    .ARM.Collect$$$$0000000D  mc_w.l(entry10a.o)
    0x00026210   0x00026210   0x00000000   Code   RO         3566    .ARM.Collect$$$$0000000F  mc_w.l(entry11a.o)
    0x00026210   0x00026210   0x00000004   Code   RO         3555    .ARM.Collect$$$$00002712  mc_w.l(entry2.o)
    0x00026214   0x00026214   0x000000c8   Code   RO         2562    .emb_text           nrf_atfifo.o
    0x000262dc   0x000262dc   0x000000e2   Code   RO         2639    .emb_text           nrf_atomic.o
    0x000263be   0x000263be   0x00000002   PAD
    0x000263c0   0x000263c0   0x00000024   Code   RO         3493    .text               arm_startup_nrf52.o
    0x000263e4   0x000263e4   0x00000024   Code   RO         3544    .text               mc_w.l(memcpya.o)
    0x00026408   0x00026408   0x00000024   Code   RO         3546    .text               mc_w.l(memseta.o)
    0x0002642c   0x0002642c   0x00000024   Code   RO         3568    .text               mc_w.l(init.o)
    0x00026450   0x00026450   0x00000164   Code   RO         1679    i.GPIOTE_IRQHandler  nrfx_gpiote.o
    0x000265b4   0x000265b4   0x00000010   Code   RO         2291    i.RTC1_IRQHandler   drv_rtc.o
    0x000265c4   0x000265c4   0x00000148   Code   RO         1948    i.SAADC_IRQHandler  nrfx_saadc.o
    0x0002670c   0x0002670c   0x00000004   Code   RO          991    i.SWI2_EGU2_IRQHandler  nrf_sdh.o
    0x00026710   0x00026710   0x0000032c   Code   RO         3501    i.SystemInit        system_nrf52.o
    0x00026a3c   0x00026a3c   0x0000000c   Code   RO         1625    i.UARTE0_UART0_IRQHandler  nrfx_prs.o
    0x00026a48   0x00026a48   0x0000000e   Code   RO         3572    i.__scatterload_copy  mc_w.l(handlers.o)
    0x00026a56   0x00026a56   0x00000002   Code   RO         3573    i.__scatterload_null  mc_w.l(handlers.o)
    0x00026a58   0x00026a58   0x0000000e   Code   RO         3574    i.__scatterload_zeroinit  mc_w.l(handlers.o)
    0x00026a66   0x00026a66   0x00000002   PAD
    0x00026a68   0x00026a68   0x00000024   Code   RO          992    i.__sd_nvic_app_accessible_irq  nrf_sdh.o
    0x00026a8c   0x00026a8c   0x000000a4   Code   RO            4    i.advertising_init  main.o
    0x00026b30   0x00026b30   0x00000018   Code   RO            5    i.advertising_start  main.o
    0x00026b48   0x00026b48   0x00000048   Code   RO         3391    i.app_button_disable  app_button.o
    0x00026b90   0x00026b90   0x00000024   Code   RO         3392    i.app_button_enable  app_button.o
    0x00026bb4   0x00026bb4   0x00000030   Code   RO         3257    i.app_error_fault_handler  app_error_weak.o
    0x00026be4   0x00026be4   0x00000016   Code   RO         2450    i.app_error_handler_bare  app_error.o
    0x00026bfa   0x00026bfa   0x00000002   PAD
    0x00026bfc   0x00026bfc   0x0000000c   Code   RO         2137    i.app_timer_cnt_get  app_timer2.o
    0x00026c08   0x00026c08   0x00000016   Code   RO         2138    i.app_timer_create  app_timer2.o
    0x00026c1e   0x00026c1e   0x00000002   PAD
    0x00026c20   0x00026c20   0x0000005c   Code   RO         2139    i.app_timer_init    app_timer2.o
    0x00026c7c   0x00026c7c   0x00000030   Code   RO         2142    i.app_timer_start   app_timer2.o
    0x00026cac   0x00026cac   0x0000000c   Code   RO         2143    i.app_timer_stop    app_timer2.o
    0x00026cb8   0x00026cb8   0x00000048   Code   RO         3180    i.app_util_critical_region_enter  app_util_platform.o
    0x00026d00   0x00026d00   0x00000034   Code   RO         3181    i.app_util_critical_region_exit  app_util_platform.o
    0x00026d34   0x00026d34   0x00000182   Code   RO          357    i.ble_advdata_encode  ble_advdata.o
    0x00026eb6   0x00026eb6   0x00000002   PAD
    0x00026eb8   0x00026eb8   0x00000068   Code   RO          485    i.ble_conn_params_init  ble_conn_params.o
    0x00026f20   0x00026f20   0x00000060   Code   RO          363    i.ble_device_addr_encode  ble_advdata.o
    0x00026f80   0x00026f80   0x000000a4   Code   RO            7    i.ble_evt_handler   main.o
    0x00027024   0x00027024   0x000000fc   Code   RO          487    i.ble_evt_handler   ble_conn_params.o
    0x00027120   0x00027120   0x00000118   Code   RO          596    i.ble_evt_handler   ble_conn_state.o
    0x00027238   0x00027238   0x000000c4   Code   RO          951    i.ble_lbs_init      ble_lbs.o
    0x000272fc   0x000272fc   0x0000002e   Code   RO          952    i.ble_lbs_on_ble_evt  ble_lbs.o
    0x0002732a   0x0002732a   0x00000008   Code   RO          751    i.ble_srv_is_notification_enabled  ble_srv_common.o
    0x00027332   0x00027332   0x00000002   PAD
    0x00027334   0x00027334   0x00000010   Code   RO         1682    i.channel_port_get  nrfx_gpiote.o
    0x00027344   0x00027344   0x00000190   Code   RO          753    i.characteristic_add  ble_srv_common.o
    0x000274d4   0x000274d4   0x00000018   Code   RO         2145    i.compare_func      app_timer2.o
    0x000274ec   0x000274ec   0x0000003e   Code   RO          597    i.conn_handle_list_get  ble_conn_state.o
    0x0002752a   0x0002752a   0x00000088   Code   RO          364    i.conn_int_encode   ble_advdata.o
    0x000275b2   0x000275b2   0x00000004   Code   RO            8    i.conn_params_error_handler  main.o
    0x000275b6   0x000275b6   0x00000002   PAD
    0x000275b8   0x000275b8   0x00000048   Code   RO          488    i.conn_params_negotiation  ble_conn_params.o
    0x00027600   0x00027600   0x0000001e   Code   RO          818    i.data_length_update  nrf_ble_gatt.o
    0x0002761e   0x0002761e   0x00000014   Code   RO         2292    i.drv_rtc_compare_disable  drv_rtc.o
    0x00027632   0x00027632   0x0000000e   Code   RO         2294    i.drv_rtc_compare_pending  drv_rtc.o
    0x00027640   0x00027640   0x00000050   Code   RO         2295    i.drv_rtc_compare_set  drv_rtc.o
    0x00027690   0x00027690   0x00000008   Code   RO         2296    i.drv_rtc_counter_get  drv_rtc.o
    0x00027698   0x00027698   0x0000007c   Code   RO         2297    i.drv_rtc_init      drv_rtc.o
    0x00027714   0x00027714   0x0000001e   Code   RO         2298    i.drv_rtc_irq_trigger  drv_rtc.o
    0x00027732   0x00027732   0x00000008   Code   RO         2300    i.drv_rtc_overflow_enable  drv_rtc.o
    0x0002773a   0x0002773a   0x00000008   Code   RO         2301    i.drv_rtc_overflow_pending  drv_rtc.o
    0x00027742   0x00027742   0x00000008   Code   RO         2302    i.drv_rtc_start     drv_rtc.o
    0x0002774a   0x0002774a   0x00000008   Code   RO         2303    i.drv_rtc_stop      drv_rtc.o
    0x00027752   0x00027752   0x000000de   Code   RO         2308    i.drv_rtc_windowed_compare_set  drv_rtc.o
    0x00027830   0x00027830   0x00000012   Code   RO         2309    i.evt_enable        drv_rtc.o
    0x00027842   0x00027842   0x00000014   Code   RO         2310    i.evt_pending       drv_rtc.o
    0x00027856   0x00027856   0x0000000a   Code   RO          598    i.flag_toggle       ble_conn_state.o
    0x00027860   0x00027860   0x00000034   Code   RO         2146    i.get_now           app_timer2.o
    0x00027894   0x00027894   0x00000014   Code   RO          489    i.instance_get      ble_conn_params.o
    0x000278a8   0x000278a8   0x00000044   Code   RO          490    i.is_conn_params_ok  ble_conn_params.o
    0x000278ec   0x000278ec   0x00000002   Code   RO            9    i.led_write_handler  main.o
    0x000278ee   0x000278ee   0x00000014   Code   RO          819    i.link_init         nrf_ble_gatt.o
    0x00027902   0x00027902   0x00000002   PAD
    0x00027904   0x00027904   0x00000124   Code   RO           10    i.main              main.o
    0x00027a28   0x00027a28   0x00000064   Code   RO          365    i.manuf_specific_data_encode  ble_advdata.o
    0x00027a8c   0x00027a8c   0x000000a6   Code   RO          366    i.name_encode       ble_advdata.o
    0x00027b32   0x00027b32   0x00000026   Code   RO         2566    i.nrf_atfifo_init   nrf_atfifo.o
    0x00027b58   0x00027b58   0x00000016   Code   RO         2567    i.nrf_atfifo_item_alloc  nrf_atfifo.o
    0x00027b6e   0x00027b6e   0x00000016   Code   RO         2568    i.nrf_atfifo_item_free  nrf_atfifo.o
    0x00027b84   0x00027b84   0x00000016   Code   RO         2569    i.nrf_atfifo_item_get  nrf_atfifo.o
    0x00027b9a   0x00027b9a   0x00000016   Code   RO         2570    i.nrf_atfifo_item_put  nrf_atfifo.o
    0x00027bb0   0x00027bb0   0x00000016   Code   RO         2493    i.nrf_atflags_clear  nrf_atflags.o
    0x00027bc6   0x00027bc6   0x00000016   Code   RO         2498    i.nrf_atflags_get   nrf_atflags.o
    0x00027bdc   0x00027bdc   0x00000014   Code   RO         2500    i.nrf_atflags_set   nrf_atflags.o
    0x00027bf0   0x00027bf0   0x0000000c   Code   RO         2645    i.nrf_atomic_u32_and  nrf_atomic.o
    0x00027bfc   0x00027bfc   0x0000000c   Code   RO         2654    i.nrf_atomic_u32_or  nrf_atomic.o
    0x00027c08   0x00027c08   0x00000010   Code   RO         1683    i.nrf_bitmask_bit_is_set  nrfx_gpiote.o
    0x00027c18   0x00027c18   0x00000014   Code   RO         1684    i.nrf_bitmask_bit_set  nrfx_gpiote.o
    0x00027c2c   0x00027c2c   0x00000022   Code   RO          825    i.nrf_ble_gatt_init  nrf_ble_gatt.o
    0x00027c4e   0x00027c4e   0x00000002   PAD
    0x00027c50   0x00027c50   0x00000174   Code   RO          826    i.nrf_ble_gatt_on_ble_evt  nrf_ble_gatt.o
    0x00027dc4   0x00027dc4   0x00000016   Code   RO          904    i.nrf_ble_qwr_conn_handle_assign  nrf_ble_qwr.o
    0x00027dda   0x00027dda   0x00000024   Code   RO          905    i.nrf_ble_qwr_init  nrf_ble_qwr.o
    0x00027dfe   0x00027dfe   0x000000b6   Code   RO          906    i.nrf_ble_qwr_on_ble_evt  nrf_ble_qwr.o
    0x00027eb4   0x00027eb4   0x00000022   Code   RO         1687    i.nrf_gpio_cfg_sense_set  nrfx_gpiote.o
    0x00027ed6   0x00027ed6   0x00000002   PAD
    0x00027ed8   0x00027ed8   0x00000028   Code   RO         1688    i.nrf_gpio_ports_read  nrfx_gpiote.o
    0x00027f00   0x00027f00   0x00000014   Code   RO         1689    i.nrf_gpiote_event_clear  nrfx_gpiote.o
    0x00027f14   0x00027f14   0x00000010   Code   RO         1690    i.nrf_gpiote_event_is_set  nrfx_gpiote.o
    0x00027f24   0x00027f24   0x00000028   Code   RO         3286    i.nrf_pwr_mgmt_init  nrf_pwr_mgmt.o
    0x00027f4c   0x00027f4c   0x00000004   Code   RO           11    i.nrf_qwr_error_handler  main.o
    0x00027f50   0x00027f50   0x0000000c   Code   RO         2311    i.nrf_rtc_event_clear  drv_rtc.o
    0x00027f5c   0x00027f5c   0x00000010   Code   RO         1949    i.nrf_saadc_buffer_init  nrfx_saadc.o
    0x00027f6c   0x00027f6c   0x00000014   Code   RO         1950    i.nrf_saadc_channel_input_set  nrfx_saadc.o
    0x00027f80   0x00027f80   0x00000010   Code   RO         1951    i.nrf_saadc_event_check  nrfx_saadc.o
    0x00027f90   0x00027f90   0x00000014   Code   RO         1952    i.nrf_saadc_event_clear  nrfx_saadc.o
    0x00027fa4   0x00027fa4   0x00000014   Code   RO         1124    i.nrf_sdh_ble_app_ram_start_get  nrf_sdh_ble.o
    0x00027fb8   0x00027fb8   0x00000086   Code   RO         1125    i.nrf_sdh_ble_default_cfg_set  nrf_sdh_ble.o
    0x0002803e   0x0002803e   0x00000002   PAD
    0x00028040   0x00028040   0x00000014   Code   RO         1126    i.nrf_sdh_ble_enable  nrf_sdh_ble.o
    0x00028054   0x00028054   0x0000005c   Code   RO         1127    i.nrf_sdh_ble_evts_poll  nrf_sdh_ble.o
    0x000280b0   0x000280b0   0x00000074   Code   RO          994    i.nrf_sdh_enable_request  nrf_sdh.o
    0x00028124   0x00028124   0x00000024   Code   RO          995    i.nrf_sdh_evts_poll  nrf_sdh.o
    0x00028148   0x00028148   0x0000003c   Code   RO         1174    i.nrf_sdh_soc_evts_poll  nrf_sdh_soc.o
    0x00028184   0x00028184   0x0000000a   Code   RO         3139    i.nrf_section_iter_init  nrf_section_iter.o
    0x0002818e   0x0002818e   0x00000024   Code   RO         3140    i.nrf_section_iter_item_set  nrf_section_iter.o
    0x000281b2   0x000281b2   0x00000020   Code   RO         3141    i.nrf_section_iter_next  nrf_section_iter.o
    0x000281d2   0x000281d2   0x00000022   Code   RO         3080    i.nrf_sortlist_add  nrf_sortlist.o
    0x000281f4   0x000281f4   0x00000006   Code   RO         3082    i.nrf_sortlist_peek  nrf_sortlist.o
    0x000281fa   0x000281fa   0x0000000e   Code   RO         3083    i.nrf_sortlist_pop  nrf_sortlist.o
    0x00028208   0x00028208   0x0000001e   Code   RO         3084    i.nrf_sortlist_remove  nrf_sortlist.o
    0x00028226   0x00028226   0x00000002   PAD
    0x00028228   0x00028228   0x00000010   Code   RO         2312    i.nrfx_coredep_delay_us  drv_rtc.o
    0x00028238   0x00028238   0x00000048   Code   RO         1694    i.nrfx_gpiote_in_event_disable  nrfx_gpiote.o
    0x00028280   0x00028280   0x000000a4   Code   RO         1695    i.nrfx_gpiote_in_event_enable  nrfx_gpiote.o
    0x00028324   0x00028324   0x000000a4   Code   RO         1956    i.nrfx_saadc_buffer_convert  nrfx_saadc.o
    0x000283c8   0x000283c8   0x000000ac   Code   RO         1958    i.nrfx_saadc_channel_init  nrfx_saadc.o
    0x00028474   0x00028474   0x00000094   Code   RO         1960    i.nrfx_saadc_init   nrfx_saadc.o
    0x00028508   0x00028508   0x0000002c   Code   RO         1963    i.nrfx_saadc_sample  nrfx_saadc.o
    0x00028534   0x00028534   0x0000001c   Code   RO           12    i.on_conn_params_evt  main.o
    0x00028550   0x00028550   0x00000018   Code   RO         1716    i.pin_in_use_by_port  nrfx_gpiote.o
    0x00028568   0x00028568   0x00000018   Code   RO         1717    i.pin_in_use_by_te  nrfx_gpiote.o
    0x00028580   0x00028580   0x0000005c   Code   RO         2147    i.rtc_irq           app_timer2.o
    0x000285dc   0x000285dc   0x00000064   Code   RO         2148    i.rtc_schedule      app_timer2.o
    0x00028640   0x00028640   0x00000074   Code   RO         2149    i.rtc_update        app_timer2.o
    0x000286b4   0x000286b4   0x00000024   Code   RO           13    i.saadc_callback    main.o
    0x000286d8   0x000286d8   0x00000058   Code   RO           14    i.saadc_init        main.o
    0x00028730   0x00028730   0x00000030   Code   RO         1001    i.sdh_request_observer_notify  nrf_sdh.o
    0x00028760   0x00028760   0x0000002c   Code   RO         1002    i.sdh_state_observer_notify  nrf_sdh.o
    0x0002878c   0x0002878c   0x00000010   Code   RO          491    i.send_error_evt    ble_conn_params.o
    0x0002879c   0x0002879c   0x00000088   Code   RO          367    i.service_data_encode  ble_advdata.o
    0x00028824   0x00028824   0x00000030   Code   RO          755    i.set_security_req  ble_srv_common.o
    0x00028854   0x00028854   0x00000058   Code   RO         1004    i.softdevices_evt_irq_enable  nrf_sdh.o
    0x000288ac   0x000288ac   0x0000000c   Code   RO         2150    i.sortlist_pop      app_timer2.o
    0x000288b8   0x000288b8   0x00000058   Code   RO         2151    i.timer_expire      app_timer2.o
    0x00028910   0x00028910   0x00000078   Code   RO         2152    i.timer_req_process  app_timer2.o
    0x00028988   0x00028988   0x00000038   Code   RO         2153    i.timer_req_schedule  app_timer2.o
    0x000289c0   0x000289c0   0x0000000a   Code   RO          368    i.uint16_encode     ble_advdata.o
    0x000289ca   0x000289ca   0x00000002   PAD
    0x000289cc   0x000289cc   0x00000068   Code   RO          492    i.update_timeout_handler  ble_conn_params.o
    0x00028a34   0x00028a34   0x00000024   Code   RO          907    i.user_mem_reply    nrf_ble_qwr.o
    0x00028a58   0x00028a58   0x00000030   Code   RO          369    i.uuid_list_encode  ble_advdata.o
    0x00028a88   0x00028a88   0x0000009e   Code   RO          370    i.uuid_list_sized_encode  ble_advdata.o
    0x00028b26   0x00028b26   0x00000002   PAD
    0x00028b28   0x00028b28   0x00000011   Data   RO           18    .constdata          main.o
    0x00028b39   0x00028b39   0x00000003   PAD
    0x00028b3c   0x00028b3c   0x00000016   Data   RO          827    .constdata          nrf_ble_gatt.o
    0x00028b52   0x00028b52   0x00000002   PAD
    0x00028b54   0x00028b54   0x00000010   Data   RO          954    .constdata          ble_lbs.o
    0x00028b64   0x00028b64   0x00000010   Data   RO         1005    .constdata          nrf_sdh.o
    0x00028b74   0x00028b74   0x00000028   Data   RO         1006    .constdata          nrf_sdh.o
    0x00028b9c   0x00028b9c   0x00000010   Data   RO         1007    .constdata          nrf_sdh.o
    0x00028bac   0x00028bac   0x00000010   Data   RO         1008    .constdata          nrf_sdh.o
    0x00028bbc   0x00028bbc   0x00000020   Data   RO         1128    .constdata          nrf_sdh_ble.o
    0x00028bdc   0x00028bdc   0x00000010   Data   RO         1129    .constdata          nrf_sdh_ble.o
    0x00028bec   0x00028bec   0x00000010   Data   RO         1175    .constdata          nrf_sdh_soc.o
    0x00028bfc   0x00028bfc   0x0000000c   Data   RO         1176    .constdata          nrf_sdh_soc.o
    0x00028c08   0x00028c08   0x00000004   Data   RO         1719    .constdata          nrfx_gpiote.o
    0x00028c0c   0x00028c0c   0x00000014   Data   RO         2156    .constdata          app_timer2.o
    0x00028c20   0x00028c20   0x00000006   Data   RO         2313    .constdata          drv_rtc.o
    0x00028c26   0x00028c26   0x00000002   PAD
    0x00028c28   0x00028c28   0x00000018   Data   RO         3291    .constdata          nrf_pwr_mgmt.o
    0x00028c40   0x00028c40   0x0000000c   Data   RO         3292    .constdata          nrf_pwr_mgmt.o
    0x00028c4c   0x00028c4c   0x00000008   Data   RO         3404    .constdata          app_button.o
    0x00028c54   0x00028c54   0x00000008   Data   RO         1009    .conststrlit        nrf_sdh.o
    0x00028c5c   0x00028c5c   0x0000000c   Data   RO         1177    .conststrlit        nrf_sdh_soc.o
    0x00028c68   0x00028c68   0x00000005   Data   RO         1243    .conststrlit        nrfx_uart.o
    0x00028c6d   0x00028c6d   0x00000003   PAD
    0x00028c70   0x00028c70   0x00000006   Data   RO         1440    .conststrlit        nrfx_uarte.o
    0x00028c76   0x00028c76   0x00000002   PAD
    0x00028c78   0x00028c78   0x00000004   Data   RO         1630    .conststrlit        nrfx_prs.o
    0x00028c7c   0x00028c7c   0x00000007   Data   RO         1723    .conststrlit        nrfx_gpiote.o
    0x00028c83   0x00028c83   0x00000001   PAD
    0x00028c84   0x00028c84   0x00000006   Data   RO         1976    .conststrlit        nrfx_saadc.o
    0x00028c8a   0x00028c8a   0x00000002   PAD
    0x00028c8c   0x00028c8c   0x0000000a   Data   RO         2157    .conststrlit        app_timer2.o
    0x00028c96   0x00028c96   0x00000002   PAD
    0x00028c98   0x00028c98   0x00000009   Data   RO         3085    .conststrlit        nrf_sortlist.o
    0x00028ca1   0x00028ca1   0x00000003   PAD
    0x00028ca4   0x00028ca4   0x0000000b   Data   RO         3405    .conststrlit        app_button.o
    0x00028caf   0x00028caf   0x00000001   PAD
    0x00028cb0   0x00028cb0   0x00000020   Data   RO         3570    Region$$Table       anon$$obj.o
    0x00028cd0   0x00028cd0   0x00000008   Data   RO         1011    log_const_data      nrf_sdh.o
    0x00028cd8   0x00028cd8   0x00000008   Data   RO         1178    log_const_data      nrf_sdh_soc.o
    0x00028ce0   0x00028ce0   0x00000008   Data   RO         1244    log_const_data      nrfx_uart.o
    0x00028ce8   0x00028ce8   0x00000008   Data   RO         1441    log_const_data      nrfx_uarte.o
    0x00028cf0   0x00028cf0   0x00000008   Data   RO         1632    log_const_data      nrfx_prs.o
    0x00028cf8   0x00028cf8   0x00000008   Data   RO         1724    log_const_data      nrfx_gpiote.o
    0x00028d00   0x00028d00   0x00000008   Data   RO         1977    log_const_data      nrfx_saadc.o
    0x00028d08   0x00028d08   0x00000008   Data   RO         2160    log_const_data      app_timer2.o
    0x00028d10   0x00028d10   0x00000008   Data   RO         3086    log_const_data      nrf_sortlist.o
    0x00028d18   0x00028d18   0x00000008   Data   RO         3407    log_const_data      app_button.o
    0x00028d20   0x00028d20   0x00000008   Data   RO          602    sdh_ble_observers0  ble_conn_state.o
    0x00028d28   0x00028d28   0x00000008   Data   RO           21    sdh_ble_observers1  main.o
    0x00028d30   0x00028d30   0x00000008   Data   RO          495    sdh_ble_observers1  ble_conn_params.o
    0x00028d38   0x00028d38   0x00000010   Data   RO           22    sdh_ble_observers2  main.o
    0x00028d48   0x00028d48   0x00000008   Data   RO           23    sdh_ble_observers3  main.o
    0x00028d50   0x00028d50   0x00000008   Data   RO         1131    sdh_stack_observers0  nrf_sdh_ble.o
    0x00028d58   0x00028d58   0x00000008   Data   RO         1179    sdh_stack_observers0  nrf_sdh_soc.o


    Execution Region RW_IRAM1 (Exec base: 0x20002a98, Load base: 0x00028d60, Size: 0x00002308, Max: 0x0003d568, ABSOLUTE)

    Exec Addr    Load Addr    Size         Type   Attr      Idx    E Section Name        Object

    0x20002a98   0x00028d60   0x00000018   Data   RW           20    .data               main.o
    0x20002ab0   0x00028d78   0x00000008   Data   RW          494    .data               ble_conn_params.o
    0x20002ab8   0x00028d80   0x00000003   Data   RW         1010    .data               nrf_sdh.o
    0x20002abb   0x00028d83   0x00000001   Data   RW         1130    .data               nrf_sdh_ble.o
    0x20002abc   0x00028d84   0x00000008   Data   RW         1631    .data               nrfx_prs.o
    0x20002ac4   0x00028d8c   0x00000004   PAD
    0x20002ac8   0x00028d90   0x00000020   Data   RW         2158    .data               app_timer2.o
    0x20002ae8   0x00028db0   0x00000004   Data   RW         2159    .data               app_timer2.o
    0x20002aec   0x00028db4   0x0000000c   Data   RW         2314    .data               drv_rtc.o
    0x20002af8   0x00028dc0   0x00000008   Data   RW         3293    .data               nrf_pwr_mgmt.o
    0x20002b00   0x00028dc8   0x00000018   Data   RW         3406    .data               app_button.o
    0x20002b18   0x00028de0   0x00000004   Data   RW         3502    .data               system_nrf52.o
    0x20002b1c        -       0x0000004c   Zero   RW           15    .bss                main.o
    0x20002b68        -       0x0000001f   Zero   RW           16    .bss                main.o
    0x20002b87        -       0x0000001f   Zero   RW           17    .bss                main.o
    0x20002ba6   0x00028de4   0x00000002   PAD
    0x20002ba8        -       0x00000050   Zero   RW          493    .bss                ble_conn_params.o
    0x20002bf8        -       0x0000007c   Zero   RW          601    .bss                ble_conn_state.o
    0x20002c74        -       0x0000005c   Zero   RW         1718    .bss                nrfx_gpiote.o
    0x20002cd0        -       0x00000030   Zero   RW         1967    .bss                nrfx_saadc.o
    0x20002d00        -       0x00000010   Zero   RW         2154    .bss                app_timer2.o
    0x20002d10        -       0x00000058   Zero   RW         2155    .bss                app_timer2.o
    0x20002d68        -       0x0000000c   Zero   RW         3186    .bss                app_util_platform.o
    0x20002d74        -       0x0000000c   Zero   RW         3290    .bss                nrf_pwr_mgmt.o
    0x20002d80        -       0x00000020   Zero   RW         3402    .bss                app_button.o
    0x20002da0        -       0x00002000   Zero   RW         3490    STACK               arm_startup_nrf52.o


==============================================================================

Image component sizes


      Code (inc. data)   RO Data    RW Data    ZI Data      Debug   Object Name

       108         12         27         24         32       3480   app_button.o
        22          0          0          0          0       4365   app_error.o
        48          8          0          0          0      30689   app_error_weak.o
       846         88         38         36        104      16177   app_timer2.o
       124         14          0          0         12       9938   app_util_platform.o
        36          8        512          0       8192        836   arm_startup_nrf52.o
      1236          0          0          0          0      95311   ble_advdata.o
       636         44          8          8         80      12651   ble_conn_params.o
       352          6          8          0        124       5493   ble_conn_state.o
       242          6         16          0          0       3400   ble_lbs.o
       456          6          0          0          0       3335   ble_srv_common.o
       612         14          6         12          0      46449   drv_rtc.o
       806         82         49         24        138     161455   main.o
       326          0          0          0          0       6815   nrf_atfifo.o
        64          0          0          0          0       3192   nrf_atflags.o
       250          0          0          0          0       3528   nrf_atomic.o
       456          6         22          0          0      34022   nrf_ble_gatt.o
       276          0          0          0          0      12297   nrf_ble_qwr.o
        40         12         36          8         12       4811   nrf_pwr_mgmt.o
       372         40        104          3          0      45842   nrf_sdh.o
       266         20         56          1          0       6159   nrf_sdh_ble.o
        60          4         56          0          0       3464   nrf_sdh_soc.o
        78          0          0          0          0       3780   nrf_section_iter.o
        84          0         17          0          0       4349   nrf_sortlist.o
       802         52         19          0         92      21412   nrfx_gpiote.o
        12          6         12          8          0       1722   nrfx_prs.o
       928         76         14          0         48      17222   nrfx_saadc.o
         0          0         13          0          0      43299   nrfx_uart.o
         0          0         14          0          0      10010   nrfx_uarte.o
       812         72          0          4          0      11723   system_nrf52.o

    ----------------------------------------------------------------------
     10376        576       1080        132       8836     627226   Object Totals
         0          0         32          0          0          0   (incl. Generated)
        26          0         21          4          2          0   (incl. Padding)

    ----------------------------------------------------------------------

      Code (inc. data)   RO Data    RW Data    ZI Data      Debug   Library Member Name

         0          0          0          0          0          0   entry.o
         0          0          0          0          0          0   entry10a.o
         0          0          0          0          0          0   entry11a.o
         8          4          0          0          0          0   entry2.o
         4          0          0          0          0          0   entry5.o
         0          0          0          0          0          0   entry7b.o
         0          0          0          0          0          0   entry8b.o
         8          4          0          0          0          0   entry9a.o
        30          0          0          0          0          0   handlers.o
        36          8          0          0          0         68   init.o
        36          0          0          0          0         68   memcpya.o
        36          0          0          0          0        108   memseta.o

    ----------------------------------------------------------------------
       160         16          0          0          0        244   Library Totals
         2          0          0          0          0          0   (incl. Padding)

    ----------------------------------------------------------------------

      Code (inc. data)   RO Data    RW Data    ZI Data      Debug   Library Name

       158         16          0          0          0        244   mc_w.l

    ----------------------------------------------------------------------
       160         16          0          0          0        244   Library Totals

    ----------------------------------------------------------------------

==============================================================================


      Code (inc. data)   RO Data    RW Data    ZI Data      Debug   

     10536        592       1080        132       8836     614922   Grand Totals
     10536        592       1080        132       8836     614922   ELF Image Totals
     10536        592       1080        132          0          0   ROM Totals

==============================================================================

    Total RO  Size (Code + RO Data)                11616 (  11.34kB)
    Total RW  Size (RW Data + ZI Data)              8968 (   8.76kB)
    Total ROM Size (Code + RO Data + RW Data)      11748 (  11.47kB)

==============================================================================

