Component: ARM Compiler 5.06 update 5 (build 528) Tool: armlink [4d35e2]

==============================================================================

Section Cross References

    main.o(i.advertising_init) refers to memseta.o(.text) for __aeabi_memclr4
    main.o(i.advertising_init) refers to ble_advdata.o(i.ble_advdata_encode) for ble_advdata_encode
    main.o(i.advertising_init) refers to app_error.o(i.app_error_handler_bare) for app_error_handler_bare
    main.o(i.advertising_init) refers to main.o(.constdata) for .constdata
    main.o(i.advertising_init) refers to main.o(.bss) for .bss
    main.o(i.advertising_init) refers to main.o(.data) for .data
    main.o(i.advertising_start) refers to app_error.o(i.app_error_handler_bare) for app_error_handler_bare
    main.o(i.advertising_start) refers to main.o(.data) for .data
    main.o(i.assert_nrf_callback) refers to app_error_handler_keil.o(i.app_error_handler) for app_error_handler
    main.o(i.ble_evt_handler) refers to nrf_ble_qwr.o(i.nrf_ble_qwr_conn_handle_assign) for nrf_ble_qwr_conn_handle_assign
    main.o(i.ble_evt_handler) refers to app_error.o(i.app_error_handler_bare) for app_error_handler_bare
    main.o(i.ble_evt_handler) refers to app_button.o(i.app_button_enable) for app_button_enable
    main.o(i.ble_evt_handler) refers to app_button.o(i.app_button_disable) for app_button_disable
    main.o(i.ble_evt_handler) refers to main.o(i.advertising_start) for advertising_start
    main.o(i.ble_evt_handler) refers to main.o(.data) for .data
    main.o(i.ble_evt_handler) refers to main.o(.bss) for .bss
    main.o(i.conn_params_error_handler) refers to app_error.o(i.app_error_handler_bare) for app_error_handler_bare
    main.o(i.main) refers to app_timer2.o(i.app_timer_init) for app_timer_init
    main.o(i.main) refers to app_error.o(i.app_error_handler_bare) for app_error_handler_bare
    main.o(i.main) refers to nrf_pwr_mgmt.o(i.nrf_pwr_mgmt_init) for nrf_pwr_mgmt_init
    main.o(i.main) refers to nrf_sdh.o(i.nrf_sdh_enable_request) for nrf_sdh_enable_request
    main.o(i.main) refers to nrf_sdh_ble.o(i.nrf_sdh_ble_default_cfg_set) for nrf_sdh_ble_default_cfg_set
    main.o(i.main) refers to nrf_sdh_ble.o(i.nrf_sdh_ble_enable) for nrf_sdh_ble_enable
    main.o(i.main) refers to nrf_ble_gatt.o(i.nrf_ble_gatt_init) for nrf_ble_gatt_init
    main.o(i.main) refers to nrf_ble_qwr.o(i.nrf_ble_qwr_init) for nrf_ble_qwr_init
    main.o(i.main) refers to ble_lbs.o(i.ble_lbs_init) for ble_lbs_init
    main.o(i.main) refers to main.o(i.advertising_init) for advertising_init
    main.o(i.main) refers to memseta.o(.text) for __aeabi_memclr4
    main.o(i.main) refers to ble_conn_params.o(i.ble_conn_params_init) for ble_conn_params_init
    main.o(i.main) refers to main.o(i.advertising_start) for advertising_start
    main.o(i.main) refers to main.o(.bss) for .bss
    main.o(i.main) refers to main.o(i.nrf_qwr_error_handler) for nrf_qwr_error_handler
    main.o(i.main) refers to main.o(i.led_write_handler) for led_write_handler
    main.o(i.main) refers to main.o(i.on_conn_params_evt) for on_conn_params_evt
    main.o(i.main) refers to main.o(i.conn_params_error_handler) for conn_params_error_handler
    main.o(i.nrf_qwr_error_handler) refers to app_error.o(i.app_error_handler_bare) for app_error_handler_bare
    main.o(i.on_conn_params_evt) refers to app_error.o(i.app_error_handler_bare) for app_error_handler_bare
    main.o(i.on_conn_params_evt) refers to main.o(.data) for .data
    main.o(.data) refers to main.o(.bss) for m_enc_advdata
    main.o(.data) refers to main.o(.bss) for m_enc_scan_response_data
    main.o(sdh_ble_observers1) refers to nrf_ble_gatt.o(i.nrf_ble_gatt_on_ble_evt) for nrf_ble_gatt_on_ble_evt
    main.o(sdh_ble_observers1) refers to main.o(.bss) for m_gatt
    main.o(sdh_ble_observers2) refers to ble_lbs.o(i.ble_lbs_on_ble_evt) for ble_lbs_on_ble_evt
    main.o(sdh_ble_observers2) refers to main.o(.bss) for m_lbs
    main.o(sdh_ble_observers2) refers to nrf_ble_qwr.o(i.nrf_ble_qwr_on_ble_evt) for nrf_ble_qwr_on_ble_evt
    main.o(sdh_ble_observers3) refers to main.o(i.ble_evt_handler) for ble_evt_handler
    ble_advdata.o(i.ble_advdata_appearance_find) refers to ble_advdata.o(i.ble_advdata_search) for ble_advdata_search
    ble_advdata.o(i.ble_advdata_encode) refers to ble_advdata.o(i.ble_device_addr_encode) for ble_device_addr_encode
    ble_advdata.o(i.ble_advdata_encode) refers to ble_advdata.o(i.uint16_encode) for uint16_encode
    ble_advdata.o(i.ble_advdata_encode) refers to ble_advdata.o(i.uuid_list_encode) for uuid_list_encode
    ble_advdata.o(i.ble_advdata_encode) refers to ble_advdata.o(i.conn_int_encode) for conn_int_encode
    ble_advdata.o(i.ble_advdata_encode) refers to ble_advdata.o(i.manuf_specific_data_encode) for manuf_specific_data_encode
    ble_advdata.o(i.ble_advdata_encode) refers to ble_advdata.o(i.service_data_encode) for service_data_encode
[...]
    ../clib/microlib/init/entry.s            0x00000000   Number         0  entry7a.o ABSOLUTE
    ../clib/microlib/init/entry.s            0x00000000   Number         0  entry7b.o ABSOLUTE
    ../clib/microlib/init/entry.s            0x00000000   Number         0  entry8a.o ABSOLUTE
    ../clib/microlib/init/entry.s            0x00000000   Number         0  entry8b.o ABSOLUTE
    ../clib/microlib/init/entry.s            0x00000000   Number         0  entry9a.o ABSOLUTE
    ../clib/microlib/longlong.c              0x00000000   Number         0  llshl.o ABSOLUTE
    ../clib/microlib/string/memcmp.c         0x00000000   Number         0  memcmp.o ABSOLUTE
    ../clib/microlib/string/memcpy.c         0x00000000   Number         0  memcpyb.o ABSOLUTE
    ../clib/microlib/string/memcpy.c         0x00000000   Number         0  memcpya.o ABSOLUTE
    ../clib/microlib/string/memset.c         0x00000000   Number         0  memseta.o ABSOLUTE
    ../clib/microlib/string/strlen.c         0x00000000   Number         0  strlen.o ABSOLUTE
    RTE\Device\nRF52832_xxAA\arm_startup_nrf52.s 0x00000000   Number         0  arm_startup_nrf52.o ABSOLUTE
    RTE\Device\nRF52832_xxAA\system_nrf52.c  0x00000000   Number         0  system_nrf52.o ABSOLUTE
    RTE\\Device\\nRF52832_xxAA\\system_nrf52.c 0x00000000   Number         0  system_nrf52.o ABSOLUTE
    User\\main.c                             0x00000000   Number         0  main.o ABSOLUTE
    User\main.c                              0x00000000   Number         0  main.o ABSOLUTE
    components\\ble\\ble_services\\ble_lbs\\ble_lbs.c 0x00000000   Number         0  ble_lbs.o ABSOLUTE
    components\\ble\\common\\ble_advdata.c   0x00000000   Number         0  ble_advdata.o ABSOLUTE
    components\\ble\\common\\ble_conn_params.c 0x00000000   Number         0  ble_conn_params.o ABSOLUTE
    components\\ble\\common\\ble_conn_state.c 0x00000000   Number         0  ble_conn_state.o ABSOLUTE
    components\\ble\\common\\ble_srv_common.c 0x00000000   Number         0  ble_srv_common.o ABSOLUTE
    components\\ble\\nrf_ble_gatt\\nrf_ble_gatt.c 0x00000000   Number         0  nrf_ble_gatt.o ABSOLUTE
    components\\ble\\nrf_ble_qwr\\nrf_ble_qwr.c 0x00000000   Number         0  nrf_ble_qwr.o ABSOLUTE
    components\\libraries\\atomic\\nrf_atomic.c 0x00000000   Number         0  nrf_atomic.o ABSOLUTE
    components\\libraries\\atomic_fifo\\nrf_atfifo.c 0x00000000   Number         0  nrf_atfifo.o ABSOLUTE
    components\\libraries\\atomic_flags\\nrf_atflags.c 0x00000000   Number         0  nrf_atflags.o ABSOLUTE
    components\\libraries\\balloc\\nrf_balloc.c 0x00000000   Number         0  nrf_balloc.o ABSOLUTE
    components\\libraries\\button\\app_button.c 0x00000000   Number         0  app_button.o ABSOLUTE
    components\\libraries\\experimental_section_vars\\nrf_section_iter.c 0x00000000   Number         0  nrf_section_iter.o ABSOLUTE
    components\\libraries\\memobj\\nrf_memobj.c 0x00000000   Number         0  nrf_memobj.o ABSOLUTE
    components\\libraries\\pwr_mgmt\\nrf_pwr_mgmt.c 0x00000000   Number         0  nrf_pwr_mgmt.o ABSOLUTE
    components\\libraries\\ringbuf\\nrf_ringbuf.c 0x00000000   Number         0  nrf_ringbuf.o ABSOLUTE
    components\\libraries\\sortlist\\nrf_sortlist.c 0x00000000   Number         0  nrf_sortlist.o ABSOLUTE
    components\\libraries\\strerror\\nrf_strerror.c 0x00000000   Number         0  nrf_strerror.o ABSOLUTE
    components\\libraries\\timer\\app_timer2.c 0x00000000   Number         0  app_timer2.o ABSOLUTE
    components\\libraries\\timer\\drv_rtc.c  0x00000000   Number         0  drv_rtc.o ABSOLUTE
    components\\libraries\\util\\app_error.c 0x00000000   Number         0  app_error.o ABSOLUTE
    components\\libraries\\util\\app_error_handler_keil.c 0x00000000   Number         0  app_error_handler_keil.o ABSOLUTE
    components\\libraries\\util\\app_error_weak.c 0x00000000   Number         0  app_error_weak.o ABSOLUTE
    components\\libraries\\util\\app_util_platform.c 0x00000000   Number         0  app_util_platform.o ABSOLUTE
    components\\softdevice\\common\\nrf_sdh.c 0x00000000   Number         0  nrf_sdh.o ABSOLUTE
    components\\softdevice\\common\\nrf_sdh_ble.c 0x00000000   Number         0  nrf_sdh_ble.o ABSOLUTE
    components\\softdevice\\common\\nrf_sdh_soc.c 0x00000000   Number         0  nrf_sdh_soc.o ABSOLUTE
    components\ble\ble_services\ble_lbs\ble_lbs.c 0x00000000   Number         0  ble_lbs.o ABSOLUTE
    components\ble\common\ble_advdata.c      0x00000000   Number         0  ble_advdata.o ABSOLUTE
    components\ble\common\ble_conn_params.c  0x00000000   Number         0  ble_conn_params.o ABSOLUTE
    components\ble\common\ble_conn_state.c   0x00000000   Number         0  ble_conn_state.o ABSOLUTE
    components\ble\common\ble_srv_common.c   0x00000000   Number         0  ble_srv_common.o ABSOLUTE
    components\ble\nrf_ble_gatt\nrf_ble_gatt.c 0x00000000   Number         0  nrf_ble_gatt.o ABSOLUTE
    components\ble\nrf_ble_qwr\nrf_ble_qwr.c 0x00000000   Number         0  nrf_ble_qwr.o ABSOLUTE
    components\libraries\atomic\nrf_atomic.c 0x00000000   Number         0  nrf_atomic.o ABSOLUTE
    components\libraries\atomic_fifo\nrf_atfifo.c 0x00000000   Number         0  nrf_atfifo.o ABSOLUTE
    components\libraries\atomic_flags\nrf_atflags.c 0x00000000   Number         0  nrf_atflags.o ABSOLUTE
    components\libraries\balloc\nrf_balloc.c 0x00000000   Number         0  nrf_balloc.o ABSOLUTE
    components\libraries\button\app_button.c 0x00000000   Number         0  app_button.o ABSOLUTE
    components\libraries\experimental_section_vars\nrf_section_iter.c 0x00000000   Number         0  nrf_section_iter.o ABSOLUTE
    components\libraries\memobj\nrf_memobj.c 0x00000000   Number         0  nrf_memobj.o ABSOLUTE
    components\libraries\pwr_mgmt\nrf_pwr_mgmt.c 0x00000000   Number         0  nrf_pwr_mgmt.o ABSOLUTE
    components\libraries\ringbuf\nrf_ringbuf.c 0x00000000   Number         0  nrf_ringbuf.o ABSOLUTE
    components\libraries\sortlist\nrf_sortlist.c 0x00000000   Number         0  nrf_sortlist.o ABSOLUTE
    components\libraries\strerror\nrf_strerror.c 0x00000000   Number         0  nrf_strerror.o ABSOLUTE
    components\libraries\timer\app_timer2.c  0x00000000   Number         0  app_timer2.o ABSOLUTE
    components\libraries\timer\drv_rtc.c     0x00000000   Number         0  drv_rtc.o ABSOLUTE
    components\libraries\util\app_error.c    0x00000000   Number         0  app_error.o ABSOLUTE
    components\libraries\util\app_error_handler_keil.c 0x00000000   Number         0  app_error_handler_keil.o ABSOLUTE
    components\libraries\util\app_error_weak.c 0x00000000   Number         0  app_error_weak.o ABSOLUTE
    components\libraries\util\app_util_platform.c 0x00000000   Number         0  app_util_platform.o ABSOLUTE
    components\softdevice\common\nrf_sdh.c   0x00000000   Number         0  nrf_sdh.o ABSOLUTE
    components\softdevice\common\nrf_sdh_ble.c 0x00000000   Number         0  nrf_sdh_ble.o ABSOLUTE
    components\softdevice\common\nrf_sdh_soc.c 0x00000000   Number         0  nrf_sdh_soc.o ABSOLUTE
    dc.s                                     0x00000000   Number         0  dc.o ABSOLUTE
    external\\fprintf\\nrf_fprintf.c         0x00000000   Number         0  nrf_fprintf.o ABSOLUTE
    external\\fprintf\\nrf_fprintf_format.c  0x00000000   Number         0  nrf_fprintf_format.o ABSOLUTE
    external\fprintf\nrf_fprintf.c           0x00000000   Number         0  nrf_fprintf.o ABSOLUTE
    external\fprintf\nrf_fprintf_format.c    0x00000000   Number         0  nrf_fprintf_format.o ABSOLUTE
    handlers.s                               0x00000000   Number         0  handlers.o ABSOLUTE
    init.s                                   0x00000000   Number         0  init.o ABSOLUTE
    integration\\nrfx\\legacy\\nrf_drv_uart.c 0x00000000   Number         0  nrf_drv_uart.o ABSOLUTE
    integration\nrfx\legacy\nrf_drv_uart.c   0x00000000   Number         0  nrf_drv_uart.o ABSOLUTE
    modules\\nrfx\\drivers\\src\\nrfx_gpiote.c 0x00000000   Number         0  nrfx_gpiote.o ABSOLUTE
    modules\\nrfx\\drivers\\src\\nrfx_uart.c 0x00000000   Number         0  nrfx_uart.o ABSOLUTE
    modules\\nrfx\\drivers\\src\\nrfx_uarte.c 0x00000000   Number         0  nrfx_uarte.o ABSOLUTE
    modules\\nrfx\\drivers\\src\\prs\\nrfx_prs.c 0x00000000   Number         0  nrfx_prs.o ABSOLUTE
    modules\nrfx\drivers\src\nrfx_gpiote.c   0x00000000   Number         0  nrfx_gpiote.o ABSOLUTE
    modules\nrfx\drivers\src\nrfx_uart.c     0x00000000   Number         0  nrfx_uart.o ABSOLUTE
    modules\nrfx\drivers\src\nrfx_uarte.c    0x00000000   Number         0  nrfx_uarte.o ABSOLUTE
    modules\nrfx\drivers\src\prs\nrfx_prs.c  0x00000000   Number         0  nrfx_prs.o ABSOLUTE
    RESET                                    0x00026000   Section      512  arm_startup_nrf52.o(RESET)
    .ARM.Collect$$$$00000000                 0x00026200   Section        0  entry.o(.ARM.Collect$$$$00000000)
    .ARM.Collect$$$$00000001                 0x00026200   Section        4  entry2.o(.ARM.Collect$$$$00000001)
    .ARM.Collect$$$$00000004                 0x00026204   Section        4  entry5.o(.ARM.Collect$$$$00000004)
    .ARM.Collect$$$$00000008                 0x00026208   Section        0  entry7b.o(.ARM.Collect$$$$00000008)
    .ARM.Collect$$$$0000000A                 0x00026208   Section        0  entry8b.o(.ARM.Collect$$$$0000000A)
    .ARM.Collect$$$$0000000B                 0x00026208   Section        8  entry9a.o(.ARM.Collect$$$$0000000B)
    .ARM.Collect$$$$0000000D                 0x00026210   Section        0  entry10a.o(.ARM.Collect$$$$0000000D)
    .ARM.Collect$$$$0000000F                 0x00026210   Section        0  entry11a.o(.ARM.Collect$$$$0000000F)
    .ARM.Collect$$$$00002712                 0x00026210   Section        4  entry2.o(.ARM.Collect$$$$00002712)
    __lit__00000000                          0x00026210   Data           4  entry2.o(.ARM.Collect$$$$00002712)
    .emb_text                                0x00026214   Section      200  nrf_atfifo.o(.emb_text)
    $v0                                      0x00026214   Number         0  nrf_atfifo.o(.emb_text)
    .emb_text                                0x000262dc   Section      226  nrf_atomic.o(.emb_text)
    $v0                                      0x000262dc   Number         0  nrf_atomic.o(.emb_text)
    .text                                    0x000263c0   Section       36  arm_startup_nrf52.o(.text)
    $v0                                      0x000263c0   Number         0  arm_startup_nrf52.o(.text)
    .text                                    0x000263e4   Section        0  memcpya.o(.text)
    .text                                    0x00026408   Section        0  memseta.o(.text)
    .text                                    0x0002642c   Section       36  init.o(.text)
    i.GPIOTE_IRQHandler                      0x00026450   Section        0  nrfx_gpiote.o(i.GPIOTE_IRQHandler)
    i.RTC1_IRQHandler                        0x000265b4   Section        0  drv_rtc.o(i.RTC1_IRQHandler)
    i.SWI2_EGU2_IRQHandler                   0x000265c4   Section        0  nrf_sdh.o(i.SWI2_EGU2_IRQHandler)
    i.SystemInit                             0x000265c8   Section        0  system_nrf52.o(i.SystemInit)
    i.UARTE0_UART0_IRQHandler                0x000268f4   Section        0  nrfx_prs.o(i.UARTE0_UART0_IRQHandler)
    i.__scatterload_copy                     0x00026900   Section       14  handlers.o(i.__scatterload_copy)
    i.__scatterload_null                     0x0002690e   Section        2  handlers.o(i.__scatterload_null)
    i.__scatterload_zeroinit                 0x00026910   Section       14  handlers.o(i.__scatterload_zeroinit)
    i.__sd_nvic_app_accessible_irq           0x00026920   Section        0  nrf_sdh.o(i.__sd_nvic_app_accessible_irq)
    __sd_nvic_app_accessible_irq             0x00026921   Thumb Code    32  nrf_sdh.o(i.__sd_nvic_app_accessible_irq)
    i.advertising_init                       0x00026944   Section        0  main.o(i.advertising_init)
    advertising_init                         0x00026945   Thumb Code   148  main.o(i.advertising_init)
    i.advertising_start                      0x000269e4   Section        0  main.o(i.advertising_start)
    advertising_start                        0x000269e5   Thumb Code    18  main.o(i.advertising_start)
    i.app_button_disable                     0x000269fc   Section        0  app_button.o(i.app_button_disable)
    i.app_button_enable                      0x00026a44   Section        0  app_button.o(i.app_button_enable)
    i.app_error_fault_handler                0x00026a68   Section        0  app_error_weak.o(i.app_error_fault_handler)
    i.app_error_handler_bare                 0x00026a98   Section        0  app_error.o(i.app_error_handler_bare)
    i.app_timer_cnt_get                      0x00026ab0   Section        0  app_timer2.o(i.app_timer_cnt_get)
    i.app_timer_create                       0x00026abc   Section        0  app_timer2.o(i.app_timer_create)
    i.app_timer_init                         0x00026ad4   Section        0  app_timer2.o(i.app_timer_init)
    i.app_timer_start                        0x00026b30   Section        0  app_timer2.o(i.app_timer_start)
    i.app_timer_stop                         0x00026b60   Section        0  app_timer2.o(i.app_timer_stop)
    i.app_util_critical_region_enter         0x00026b6c   Section        0  app_util_platform.o(i.app_util_critical_region_enter)
    i.app_util_critical_region_exit          0x00026bb4   Section        0  app_util_platform.o(i.app_util_critical_region_exit)
    i.ble_advdata_encode                     0x00026be8   Section        0  ble_advdata.o(i.ble_advdata_encode)
    i.ble_conn_params_init                   0x00026d6c   Section        0  ble_conn_params.o(i.ble_conn_params_init)
    i.ble_device_addr_encode                 0x00026dd4   Section        0  ble_advdata.o(i.ble_device_addr_encode)
    ble_device_addr_encode                   0x00026dd5   Thumb Code    96  ble_advdata.o(i.ble_device_addr_encode)
    i.ble_evt_handler                        0x00026e34   Section        0  main.o(i.ble_evt_handler)
    ble_evt_handler                          0x00026e35   Thumb Code   154  main.o(i.ble_evt_handler)
    i.ble_evt_handler                        0x00026ed8   Section        0  ble_conn_params.o(i.ble_evt_handler)
    ble_evt_handler                          0x00026ed9   Thumb Code   242  ble_conn_params.o(i.ble_evt_handler)
    i.ble_evt_handler                        0x00026fd4   Section        0  ble_conn_state.o(i.ble_evt_handler)
    ble_evt_handler                          0x00026fd5   Thumb Code   274  ble_conn_state.o(i.ble_evt_handler)
    i.ble_lbs_init                           0x000270ec   Section        0  ble_lbs.o(i.ble_lbs_init)
    i.ble_lbs_on_ble_evt                     0x000271b0   Section        0  ble_lbs.o(i.ble_lbs_on_ble_evt)
    i.ble_srv_is_notification_enabled        0x000271de   Section        0  ble_srv_common.o(i.ble_srv_is_notification_enabled)
    i.channel_port_get                       0x000271e8   Section        0  nrfx_gpiote.o(i.channel_port_get)
    channel_port_get                         0x000271e9   Thumb Code    10  nrfx_gpiote.o(i.channel_port_get)
    i.characteristic_add                     0x000271f8   Section        0  ble_srv_common.o(i.characteristic_add)
    i.compare_func                           0x00027388   Section        0  app_timer2.o(i.compare_func)
    compare_func                             0x00027389   Thumb Code    24  app_timer2.o(i.compare_func)
    i.conn_handle_list_get                   0x000273a0   Section        0  ble_conn_state.o(i.conn_handle_list_get)
    i.conn_int_encode                        0x000273de   Section        0  ble_advdata.o(i.conn_int_encode)
    conn_int_encode                          0x000273df   Thumb Code   136  ble_advdata.o(i.conn_int_encode)
    i.conn_params_error_handler              0x00027466   Section        0  main.o(i.conn_params_error_handler)
    conn_params_error_handler                0x00027467   Thumb Code     4  main.o(i.conn_params_error_handler)
    i.conn_params_negotiation                0x0002746c   Section        0  ble_conn_params.o(i.conn_params_negotiation)
    conn_params_negotiation                  0x0002746d   Thumb Code    68  ble_conn_params.o(i.conn_params_negotiation)
    i.data_length_update                     0x000274b4   Section        0  nrf_ble_gatt.o(i.data_length_update)
    data_length_update                       0x000274b5   Thumb Code    30  nrf_ble_gatt.o(i.data_length_update)
    i.drv_rtc_compare_disable                0x000274d2   Section        0  drv_rtc.o(i.drv_rtc_compare_disable)
    i.drv_rtc_compare_pending                0x000274e6   Section        0  drv_rtc.o(i.drv_rtc_compare_pending)
    i.drv_rtc_compare_set                    0x000274f4   Section        0  drv_rtc.o(i.drv_rtc_compare_set)
    i.drv_rtc_counter_get                    0x00027544   Section        0  drv_rtc.o(i.drv_rtc_counter_get)
    i.drv_rtc_init                           0x0002754c   Section        0  drv_rtc.o(i.drv_rtc_init)
    i.drv_rtc_irq_trigger                    0x000275c8   Section        0  drv_rtc.o(i.drv_rtc_irq_trigger)
    i.drv_rtc_overflow_enable                0x000275e6   Section        0  drv_rtc.o(i.drv_rtc_overflow_enable)
    i.drv_rtc_overflow_pending               0x000275ee   Section        0  drv_rtc.o(i.drv_rtc_overflow_pending)
    i.drv_rtc_start                          0x000275f6   Section        0  drv_rtc.o(i.drv_rtc_start)
    i.drv_rtc_stop                           0x000275fe   Section        0  drv_rtc.o(i.drv_rtc_stop)
    i.drv_rtc_windowed_compare_set           0x00027606   Section        0  drv_rtc.o(i.drv_rtc_windowed_compare_set)
    i.evt_enable                             0x000276e4   Section        0  drv_rtc.o(i.evt_enable)
    evt_enable                               0x000276e5   Thumb Code    18  drv_rtc.o(i.evt_enable)
    i.evt_pending                            0x000276f6   Section        0  drv_rtc.o(i.evt_pending)
    evt_pending                              0x000276f7   Thumb Code    20  drv_rtc.o(i.evt_pending)
    i.flag_toggle                            0x0002770a   Section        0  ble_conn_state.o(i.flag_toggle)
    flag_toggle                              0x0002770b   Thumb Code    10  ble_conn_state.o(i.flag_toggle)
    i.get_now                                0x00027714   Section        0  app_timer2.o(i.get_now)
    get_now                                  0x00027715   Thumb Code    46  app_timer2.o(i.get_now)
    i.instance_get                           0x00027748   Section        0  ble_conn_params.o(i.instance_get)
    instance_get                             0x00027749   Thumb Code    14  ble_conn_params.o(i.instance_get)
    i.is_conn_params_ok                      0x0002775c   Section        0  ble_conn_params.o(i.is_conn_params_ok)
    is_conn_params_ok                        0x0002775d   Thumb Code    68  ble_conn_params.o(i.is_conn_params_ok)
    i.led_write_handler                      0x000277a0   Section        0  main.o(i.led_write_handler)
    led_write_handler                        0x000277a1   Thumb Code     2  main.o(i.led_write_handler)
    i.link_init                              0x000277a2   Section        0  nrf_ble_gatt.o(i.link_init)
    link_init                                0x000277a3   Thumb Code    20  nrf_ble_gatt.o(i.link_init)
    i.main                                   0x000277b8   Section        0  main.o(i.main)
    i.manuf_specific_data_encode             0x000278d4   Section        0  ble_advdata.o(i.manuf_specific_data_encode)
    manuf_specific_data_encode               0x000278d5   Thumb Code   100  ble_advdata.o(i.manuf_specific_data_encode)
    i.name_encode                            0x00027938   Section        0  ble_advdata.o(i.name_encode)
    name_encode                              0x00027939   Thumb Code   166  ble_advdata.o(i.name_encode)
    i.nrf_atfifo_init                        0x000279de   Section        0  nrf_atfifo.o(i.nrf_atfifo_init)
    i.nrf_atfifo_item_alloc                  0x00027a04   Section        0  nrf_atfifo.o(i.nrf_atfifo_item_alloc)
    i.nrf_atfifo_item_free                   0x00027a1a   Section        0  nrf_atfifo.o(i.nrf_atfifo_item_free)
    i.nrf_atfifo_item_get                    0x00027a30   Section        0  nrf_atfifo.o(i.nrf_atfifo_item_get)
    i.nrf_atfifo_item_put                    0x00027a46   Section        0  nrf_atfifo.o(i.nrf_atfifo_item_put)
    i.nrf_atflags_clear                      0x00027a5c   Section        0  nrf_atflags.o(i.nrf_atflags_clear)
    i.nrf_atflags_get                        0x00027a72   Section        0  nrf_atflags.o(i.nrf_atflags_get)
    i.nrf_atflags_set                        0x00027a88   Section        0  nrf_atflags.o(i.nrf_atflags_set)
    i.nrf_atomic_u32_and                     0x00027a9c   Section        0  nrf_atomic.o(i.nrf_atomic_u32_and)
    i.nrf_atomic_u32_or                      0x00027aa8   Section        0  nrf_atomic.o(i.nrf_atomic_u32_or)
    i.nrf_bitmask_bit_is_set                 0x00027ab4   Section        0  nrfx_gpiote.o(i.nrf_bitmask_bit_is_set)
    nrf_bitmask_bit_is_set                   0x00027ab5   Thumb Code    16  nrfx_gpiote.o(i.nrf_bitmask_bit_is_set)
    i.nrf_bitmask_bit_set                    0x00027ac4   Section        0  nrfx_gpiote.o(i.nrf_bitmask_bit_set)
    nrf_bitmask_bit_set                      0x00027ac5   Thumb Code    20  nrfx_gpiote.o(i.nrf_bitmask_bit_set)
    i.nrf_ble_gatt_init                      0x00027ad8   Section        0  nrf_ble_gatt.o(i.nrf_ble_gatt_init)
    i.nrf_ble_gatt_on_ble_evt                0x00027afc   Section        0  nrf_ble_gatt.o(i.nrf_ble_gatt_on_ble_evt)
    i.nrf_ble_qwr_conn_handle_assign         0x00027c70   Section        0  nrf_ble_qwr.o(i.nrf_ble_qwr_conn_handle_assign)
    i.nrf_ble_qwr_init                       0x00027c86   Section        0  nrf_ble_qwr.o(i.nrf_ble_qwr_init)
    i.nrf_ble_qwr_on_ble_evt                 0x00027caa   Section        0  nrf_ble_qwr.o(i.nrf_ble_qwr_on_ble_evt)
    i.nrf_gpio_cfg_sense_set                 0x00027d60   Section        0  nrfx_gpiote.o(i.nrf_gpio_cfg_sense_set)
    nrf_gpio_cfg_sense_set                   0x00027d61   Thumb Code    34  nrfx_gpiote.o(i.nrf_gpio_cfg_sense_set)
    i.nrf_gpio_ports_read                    0x00027d84   Section        0  nrfx_gpiote.o(i.nrf_gpio_ports_read)
    nrf_gpio_ports_read                      0x00027d85   Thumb Code    34  nrfx_gpiote.o(i.nrf_gpio_ports_read)
    i.nrf_gpiote_event_clear                 0x00027dac   Section        0  nrfx_gpiote.o(i.nrf_gpiote_event_clear)
    nrf_gpiote_event_clear                   0x00027dad   Thumb Code    16  nrfx_gpiote.o(i.nrf_gpiote_event_clear)
    i.nrf_gpiote_event_is_set                0x00027dc0   Section        0  nrfx_gpiote.o(i.nrf_gpiote_event_is_set)
    nrf_gpiote_event_is_set                  0x00027dc1   Thumb Code    12  nrfx_gpiote.o(i.nrf_gpiote_event_is_set)
    i.nrf_pwr_mgmt_init                      0x00027dd0   Section        0  nrf_pwr_mgmt.o(i.nrf_pwr_mgmt_init)
    i.nrf_qwr_error_handler                  0x00027df8   Section        0  main.o(i.nrf_qwr_error_handler)
    nrf_qwr_error_handler                    0x00027df9   Thumb Code     4  main.o(i.nrf_qwr_error_handler)
    i.nrf_rtc_event_clear                    0x00027dfc   Section        0  drv_rtc.o(i.nrf_rtc_event_clear)
    nrf_rtc_event_clear                      0x00027dfd   Thumb Code    12  drv_rtc.o(i.nrf_rtc_event_clear)
    i.nrf_sdh_ble_app_ram_start_get          0x00027e08   Section        0  nrf_sdh_ble.o(i.nrf_sdh_ble_app_ram_start_get)
    i.nrf_sdh_ble_default_cfg_set            0x00027e1c   Section        0  nrf_sdh_ble.o(i.nrf_sdh_ble_default_cfg_set)
    i.nrf_sdh_ble_enable                     0x00027ea4   Section        0  nrf_sdh_ble.o(i.nrf_sdh_ble_enable)
    i.nrf_sdh_ble_evts_poll                  0x00027eb8   Section        0  nrf_sdh_ble.o(i.nrf_sdh_ble_evts_poll)
    nrf_sdh_ble_evts_poll                    0x00027eb9   Thumb Code    82  nrf_sdh_ble.o(i.nrf_sdh_ble_evts_poll)
    i.nrf_sdh_enable_request                 0x00027f14   Section        0  nrf_sdh.o(i.nrf_sdh_enable_request)
    i.nrf_sdh_evts_poll                      0x00027f88   Section        0  nrf_sdh.o(i.nrf_sdh_evts_poll)
    i.nrf_sdh_soc_evts_poll                  0x00027fac   Section        0  nrf_sdh_soc.o(i.nrf_sdh_soc_evts_poll)
    nrf_sdh_soc_evts_poll                    0x00027fad   Thumb Code    56  nrf_sdh_soc.o(i.nrf_sdh_soc_evts_poll)
    i.nrf_section_iter_init                  0x00027fe8   Section        0  nrf_section_iter.o(i.nrf_section_iter_init)
    i.nrf_section_iter_item_set              0x00027ff2   Section        0  nrf_section_iter.o(i.nrf_section_iter_item_set)
    nrf_section_iter_item_set                0x00027ff3   Thumb Code    36  nrf_section_iter.o(i.nrf_section_iter_item_set)
    i.nrf_section_iter_next                  0x00028016   Section        0  nrf_section_iter.o(i.nrf_section_iter_next)
    i.nrf_sortlist_add                       0x00028036   Section        0  nrf_sortlist.o(i.nrf_sortlist_add)
    i.nrf_sortlist_peek                      0x00028058   Section        0  nrf_sortlist.o(i.nrf_sortlist_peek)
    i.nrf_sortlist_pop                       0x0002805e   Section        0  nrf_sortlist.o(i.nrf_sortlist_pop)
    i.nrf_sortlist_remove                    0x0002806c   Section        0  nrf_sortlist.o(i.nrf_sortlist_remove)
    i.nrfx_coredep_delay_us                  0x0002808c   Section        0  drv_rtc.o(i.nrfx_coredep_delay_us)
    nrfx_coredep_delay_us                    0x0002808d   Thumb Code    12  drv_rtc.o(i.nrfx_coredep_delay_us)
    i.nrfx_gpiote_in_event_disable           0x0002809c   Section        0  nrfx_gpiote.o(i.nrfx_gpiote_in_event_disable)
    i.nrfx_gpiote_in_event_enable            0x000280e4   Section        0  nrfx_gpiote.o(i.nrfx_gpiote_in_event_enable)
    i.on_conn_params_evt                     0x00028188   Section        0  main.o(i.on_conn_params_evt)
    on_conn_params_evt                       0x00028189   Thumb Code    24  main.o(i.on_conn_params_evt)
    i.pin_in_use_by_port                     0x000281a4   Section        0  nrfx_gpiote.o(i.pin_in_use_by_port)
    pin_in_use_by_port                       0x000281a5   Thumb Code    20  nrfx_gpiote.o(i.pin_in_use_by_port)
    i.pin_in_use_by_te                       0x000281bc   Section        0  nrfx_gpiote.o(i.pin_in_use_by_te)
    pin_in_use_by_te                         0x000281bd   Thumb Code    20  nrfx_gpiote.o(i.pin_in_use_by_te)
    i.rtc_irq                                0x000281d4   Section        0  app_timer2.o(i.rtc_irq)
    rtc_irq                                  0x000281d5   Thumb Code    88  app_timer2.o(i.rtc_irq)
    i.rtc_schedule                           0x00028230   Section        0  app_timer2.o(i.rtc_schedule)
    rtc_schedule                             0x00028231   Thumb Code    92  app_timer2.o(i.rtc_schedule)
    i.rtc_update                             0x00028294   Section        0  app_timer2.o(i.rtc_update)
    rtc_update                               0x00028295   Thumb Code   108  app_timer2.o(i.rtc_update)
    i.sdh_request_observer_notify            0x00028308   Section        0  nrf_sdh.o(i.sdh_request_observer_notify)
    sdh_request_observer_notify              0x00028309   Thumb Code    44  nrf_sdh.o(i.sdh_request_observer_notify)
    i.sdh_state_observer_notify              0x00028338   Section        0  nrf_sdh.o(i.sdh_state_observer_notify)
    sdh_state_observer_notify                0x00028339   Thumb Code    38  nrf_sdh.o(i.sdh_state_observer_notify)
    i.send_error_evt                         0x00028364   Section        0  ble_conn_params.o(i.send_error_evt)
    send_error_evt                           0x00028365   Thumb Code    12  ble_conn_params.o(i.send_error_evt)
    i.service_data_encode                    0x00028374   Section        0  ble_advdata.o(i.service_data_encode)
    service_data_encode                      0x00028375   Thumb Code   136  ble_advdata.o(i.service_data_encode)
    i.set_security_req                       0x000283fc   Section        0  ble_srv_common.o(i.set_security_req)
    set_security_req                         0x000283fd   Thumb Code    48  ble_srv_common.o(i.set_security_req)
    i.softdevices_evt_irq_enable             0x0002842c   Section        0  nrf_sdh.o(i.softdevices_evt_irq_enable)
    softdevices_evt_irq_enable               0x0002842d   Thumb Code    80  nrf_sdh.o(i.softdevices_evt_irq_enable)
    i.sortlist_pop                           0x00028484   Section        0  app_timer2.o(i.sortlist_pop)
    sortlist_pop                             0x00028485   Thumb Code     6  app_timer2.o(i.sortlist_pop)
    i.timer_expire                           0x00028490   Section        0  app_timer2.o(i.timer_expire)
    timer_expire                             0x00028491   Thumb Code    80  app_timer2.o(i.timer_expire)
    i.timer_req_process                      0x000284e8   Section        0  app_timer2.o(i.timer_req_process)
    timer_req_process                        0x000284e9   Thumb Code   110  app_timer2.o(i.timer_req_process)
    i.timer_req_schedule                     0x00028560   Section        0  app_timer2.o(i.timer_req_schedule)
    timer_req_schedule                       0x00028561   Thumb Code    46  app_timer2.o(i.timer_req_schedule)
    i.uint16_encode                          0x00028598   Section        0  ble_advdata.o(i.uint16_encode)
    uint16_encode                            0x00028599   Thumb Code    10  ble_advdata.o(i.uint16_encode)
    i.update_timeout_handler                 0x000285a4   Section        0  ble_conn_params.o(i.update_timeout_handler)
    update_timeout_handler                   0x000285a5   Thumb Code    98  ble_conn_params.o(i.update_timeout_handler)
    i.user_mem_reply                         0x0002860c   Section        0  nrf_ble_qwr.o(i.user_mem_reply)
    user_mem_reply                           0x0002860d   Thumb Code    36  nrf_ble_qwr.o(i.user_mem_reply)
    i.uuid_list_encode                       0x00028630   Section        0  ble_advdata.o(i.uuid_list_encode)
    uuid_list_encode                         0x00028631   Thumb Code    48  ble_advdata.o(i.uuid_list_encode)
    i.uuid_list_sized_encode                 0x00028660   Section        0  ble_advdata.o(i.uuid_list_sized_encode)
    uuid_list_sized_encode                   0x00028661   Thumb Code   158  ble_advdata.o(i.uuid_list_sized_encode)
    .constdata                               0x00028700   Section        4  main.o(.constdata)
    .constdata                               0x00028704   Section       22  nrf_ble_gatt.o(.constdata)
    .constdata                               0x0002871c   Section       16  ble_lbs.o(.constdata)
    .constdata                               0x0002872c   Section       16  nrf_sdh.o(.constdata)
    sdh_req_observers_array                  0x0002872c   Data          16  nrf_sdh.o(.constdata)
    .constdata                               0x0002873c   Section       40  nrf_sdh.o(.constdata)
    sdh_req_observers                        0x00028740   Data          12  nrf_sdh.o(.constdata)
    sdh_state_observers                      0x0002874c   Data          12  nrf_sdh.o(.constdata)
    sdh_stack_observers                      0x00028758   Data          12  nrf_sdh.o(.constdata)
    .constdata                               0x00028764   Section       16  nrf_sdh.o(.constdata)
    sdh_state_observers_array                0x00028764   Data          16  nrf_sdh.o(.constdata)
    .constdata                               0x00028774   Section       16  nrf_sdh.o(.constdata)
    sdh_stack_observers_array                0x00028774   Data          16  nrf_sdh.o(.constdata)
    .constdata                               0x00028784   Section       32  nrf_sdh_ble.o(.constdata)
    sdh_ble_observers_array                  0x00028784   Data          32  nrf_sdh_ble.o(.constdata)
    .constdata                               0x000287a4   Section       16  nrf_sdh_ble.o(.constdata)
    sdh_ble_observers                        0x000287a8   Data          12  nrf_sdh_ble.o(.constdata)
    .constdata                               0x000287b4   Section       16  nrf_sdh_soc.o(.constdata)
    sdh_soc_observers_array                  0x000287b4   Data          16  nrf_sdh_soc.o(.constdata)
    .constdata                               0x000287c4   Section       12  nrf_sdh_soc.o(.constdata)
    sdh_soc_observers                        0x000287c4   Data          12  nrf_sdh_soc.o(.constdata)
    .constdata                               0x000287d0   Section        4  nrfx_gpiote.o(.constdata)
    .constdata                               0x000287d4   Section       20  app_timer2.o(.constdata)
    m_req_fifo                               0x000287d4   Data           4  app_timer2.o(.constdata)
    m_app_timer_sortlist                     0x000287dc   Data          12  app_timer2.o(.constdata)
    .constdata                               0x000287f0   Section        6  drv_rtc.o(.constdata)
    delay_machine_code                       0x000287f0   Data           6  drv_rtc.o(.constdata)
    .constdata                               0x000287f8   Section       24  nrf_pwr_mgmt.o(.constdata)
    pwr_mgmt_data_array                      0x000287f8   Data          24  nrf_pwr_mgmt.o(.constdata)
    .constdata                               0x00028810   Section       12  nrf_pwr_mgmt.o(.constdata)
    pwr_mgmt_data                            0x00028810   Data          12  nrf_pwr_mgmt.o(.constdata)
    .constdata                               0x0002881c   Section        8  app_button.o(.constdata)
    m_detection_delay_timer_id               0x00028820   Data           4  app_button.o(.constdata)
    .conststrlit                             0x00028824   Section        8  nrf_sdh.o(.conststrlit)
    .conststrlit                             0x0002882c   Section       12  nrf_sdh_soc.o(.conststrlit)
    .conststrlit                             0x00028838   Section        5  nrfx_uart.o(.conststrlit)
    .conststrlit                             0x00028840   Section        6  nrfx_uarte.o(.conststrlit)
    .conststrlit                             0x00028848   Section        4  nrfx_prs.o(.conststrlit)
    .conststrlit                             0x0002884c   Section        7  nrfx_gpiote.o(.conststrlit)
    .conststrlit                             0x00028854   Section       10  app_timer2.o(.conststrlit)
    .conststrlit                             0x00028860   Section        9  nrf_sortlist.o(.conststrlit)
    .conststrlit                             0x0002886c   Section       11  app_button.o(.conststrlit)
    log_const_data                           0x00028898   Section        8  nrf_sdh.o(log_const_data)
    __tagsym$$used                           0x00028898   Number         0  nrf_sdh.o(log_const_data)
    log_const_data                           0x000288a0   Section        8  nrf_sdh_soc.o(log_const_data)
    __tagsym$$used                           0x000288a0   Number         0  nrf_sdh_soc.o(log_const_data)
    log_const_data                           0x000288a8   Section        8  nrfx_uart.o(log_const_data)
    __tagsym$$used                           0x000288a8   Number         0  nrfx_uart.o(log_const_data)
    log_const_data                           0x000288b0   Section        8  nrfx_uarte.o(log_const_data)
    __tagsym$$used                           0x000288b0   Number         0  nrfx_uarte.o(log_const_data)
    log_const_data                           0x000288b8   Section        8  nrfx_prs.o(log_const_data)
    __tagsym$$used                           0x000288b8   Number         0  nrfx_prs.o(log_const_data)
    log_const_data                           0x000288c0   Section        8  nrfx_gpiote.o(log_const_data)
    __tagsym$$used                           0x000288c0   Number         0  nrfx_gpiote.o(log_const_data)
    log_const_data                           0x000288c8   Section        8  app_timer2.o(log_const_data)
    __tagsym$$used                           0x000288c8   Number         0  app_timer2.o(log_const_data)
    log_const_data                           0x000288d0   Section        8  nrf_sortlist.o(log_const_data)
    __tagsym$$used                           0x000288d0   Number         0  nrf_sortlist.o(log_const_data)
    log_const_data                           0x000288d8   Section        8  app_button.o(log_const_data)
    __tagsym$$used                           0x000288d8   Number         0  app_button.o(log_const_data)
    sdh_ble_observers0                       0x000288e0   Section        8  ble_conn_state.o(sdh_ble_observers0)
    __tagsym$$used                           0x000288e0   Number         0  ble_conn_state.o(sdh_ble_observers0)
    m_ble_evt_observer                       0x000288e0   Data           8  ble_conn_state.o(sdh_ble_observers0)
    sdh_ble_observers1                       0x000288e8   Section        8  main.o(sdh_ble_observers1)
    __tagsym$$used                           0x000288e8   Number         0  main.o(sdh_ble_observers1)
    m_gatt_obs                               0x000288e8   Data           8  main.o(sdh_ble_observers1)
    sdh_ble_observers1                       0x000288f0   Section        8  ble_conn_params.o(sdh_ble_observers1)
    __tagsym$$used                           0x000288f0   Number         0  ble_conn_params.o(sdh_ble_observers1)
    m_ble_observer                           0x000288f0   Data           8  ble_conn_params.o(sdh_ble_observers1)
    sdh_ble_observers2                       0x000288f8   Section       16  main.o(sdh_ble_observers2)
    __tagsym$$used                           0x000288f8   Number         0  main.o(sdh_ble_observers2)
    m_lbs_obs                                0x000288f8   Data           8  main.o(sdh_ble_observers2)
    __tagsym$$used                           0x00028900   Number         0  main.o(sdh_ble_observers2)
    m_qwr_obs                                0x00028900   Data           8  main.o(sdh_ble_observers2)
    sdh_ble_observers3                       0x00028908   Section        8  main.o(sdh_ble_observers3)
    __tagsym$$used                           0x00028908   Number         0  main.o(sdh_ble_observers3)
    m_ble_observer                           0x00028908   Data           8  main.o(sdh_ble_observers3)
    sdh_stack_observers0                     0x00028910   Section        8  nrf_sdh_ble.o(sdh_stack_observers0)
    __tagsym$$used                           0x00028910   Number         0  nrf_sdh_ble.o(sdh_stack_observers0)
    m_nrf_sdh_ble_evts_poll                  0x00028910   Data           8  nrf_sdh_ble.o(sdh_stack_observers0)
    sdh_stack_observers0                     0x00028918   Section        8  nrf_sdh_soc.o(sdh_stack_observers0)
    __tagsym$$used                           0x00028918   Number         0  nrf_sdh_soc.o(sdh_stack_observers0)
    m_nrf_sdh_soc_evts_poll                  0x00028918   Data           8  nrf_sdh_soc.o(sdh_stack_observers0)
    .data                                    0x20002a98   Section       20  main.o(.data)
    m_adv_handle                             0x20002a98   Data           1  main.o(.data)
    m_conn_handle                            0x20002a9a   Data           2  main.o(.data)
    m_adv_data                               0x20002a9c   Data          16  main.o(.data)
    .data                                    0x20002aac   Section        8  ble_conn_params.o(.data)
    m_preferred_conn_params                  0x20002aac   Data           8  ble_conn_params.o(.data)
    .data                                    0x20002ab4   Section        3  nrf_sdh.o(.data)
    m_nrf_sdh_enabled                        0x20002ab4   Data           1  nrf_sdh.o(.data)
    m_nrf_sdh_suspended                      0x20002ab5   Data           1  nrf_sdh.o(.data)
    m_nrf_sdh_continue                       0x20002ab6   Data           1  nrf_sdh.o(.data)
    .data                                    0x20002ab7   Section        1  nrf_sdh_ble.o(.data)
    m_stack_is_enabled                       0x20002ab7   Data           1  nrf_sdh_ble.o(.data)
    .data                                    0x20002ab8   Section        8  nrfx_prs.o(.data)
    m_prs_box_4                              0x20002ab8   Data           8  nrfx_prs.o(.data)
    .data                                    0x20002ac0   Section       32  app_timer2.o(.data)
    m_global_active                          0x20002ac0   Data           1  app_timer2.o(.data)
    mp_active_timer                          0x20002ac4   Data           4  app_timer2.o(.data)
    m_rtc_inst                               0x20002ac8   Data           8  app_timer2.o(.data)
    m_base_counter                           0x20002ad0   Data           8  app_timer2.o(.data)
    m_stamp64                                0x20002ad8   Data           8  app_timer2.o(.data)
    .data                                    0x20002ae0   Section        4  app_timer2.o(.data)
    m_app_timer_sortlist_sortlist_cb         0x20002ae0   Data           4  app_timer2.o(.data)
    .data                                    0x20002ae4   Section       12  drv_rtc.o(.data)
    m_handlers                               0x20002ae4   Data           4  drv_rtc.o(.data)
    m_cb                                     0x20002ae8   Data           8  drv_rtc.o(.data)
    .data                                    0x20002af0   Section        8  nrf_pwr_mgmt.o(.data)
    m_pwr_mgmt_evt                           0x20002af0   Data           1  nrf_pwr_mgmt.o(.data)
    m_shutdown_started                       0x20002af1   Data           1  nrf_pwr_mgmt.o(.data)
    m_sysoff_mtx                             0x20002af4   Data           4  nrf_pwr_mgmt.o(.data)
    .data                                    0x20002af8   Section       24  app_button.o(.data)
    m_button_count                           0x20002af8   Data           1  app_button.o(.data)
    mp_buttons                               0x20002afc   Data           4  app_button.o(.data)
    m_detection_delay                        0x20002b00   Data           4  app_button.o(.data)
    m_pin_active                             0x20002b08   Data           8  app_button.o(.data)
    .data                                    0x20002b10   Section        4  system_nrf52.o(.data)
    __tagsym$$used                           0x20002b10   Number         0  system_nrf52.o(.data)
    .bss                                     0x20002b14   Section       56  main.o(.bss)
    m_lbs                                    0x20002b14   Data          24  main.o(.bss)
    m_gatt                                   0x20002b2c   Data          20  main.o(.bss)
    m_qwr                                    0x20002b40   Data          12  main.o(.bss)
    .bss                                     0x20002b4c   Section       31  main.o(.bss)
    m_enc_advdata                            0x20002b4c   Data          31  main.o(.bss)
    .bss                                     0x20002b6b   Section       31  main.o(.bss)
    m_enc_scan_response_data                 0x20002b6b   Data          31  main.o(.bss)
    .bss                                     0x20002b90   Section       80  ble_conn_params.o(.bss)
    m_timer_data                             0x20002b90   Data          32  ble_conn_params.o(.bss)
    m_conn_params_instances                  0x20002bb0   Data          20  ble_conn_params.o(.bss)
    m_conn_params_config                     0x20002bc4   Data          28  ble_conn_params.o(.bss)
    .bss                                     0x20002be0   Section      124  ble_conn_state.o(.bss)
    m_bcs                                    0x20002be0   Data         124  ble_conn_state.o(.bss)
    .bss                                     0x20002c5c   Section       92  nrfx_gpiote.o(.bss)
    m_cb                                     0x20002c5c   Data          92  nrfx_gpiote.o(.bss)
    .bss                                     0x20002cb8   Section       16  app_timer2.o(.bss)
    m_req_fifo_inst                          0x20002cb8   Data          16  app_timer2.o(.bss)
    .bss                                     0x20002cc8   Section       88  app_timer2.o(.bss)
    m_req_fifo_data                          0x20002cc8   Data          88  app_timer2.o(.bss)
    .bss                                     0x20002d20   Section       12  app_util_platform.o(.bss)
    .bss                                     0x20002d2c   Section       12  nrf_pwr_mgmt.o(.bss)
    m_handlers_iter                          0x20002d2c   Data          12  nrf_pwr_mgmt.o(.bss)
    .bss                                     0x20002d38   Section       32  app_button.o(.bss)
    m_detection_delay_timer_id_data          0x20002d38   Data          32  app_button.o(.bss)
    STACK                                    0x20002d58   Section     8192  arm_startup_nrf52.o(STACK)

    Global Symbols

    Symbol Name                              Value     Ov Type        Size  Object(Section)

    BuildAttributes$$THM_ISAv4$E$P$D$K$B$S$7EM$VFPi3$EXTD16$VFPS$VFMA$PE$A:L22UL41UL21$X:L11$S22US41US21$IEEE1$IW$USESV6$~STKCKD$USESV7$~SHL$OSPACE$EBA8$MICROLIB$REQ8$EABIv2 0x00000000   Number         0  anon$$obj.o ABSOLUTE
    __ARM_use_no_argv                        0x00000000   Number         0  main.o ABSOLUTE
    __cpp_initialize__aeabi_                  - Undefined Weak Reference
    __cxa_finalize                            - Undefined Weak Reference
    __decompress                              - Undefined Weak Reference
    _clock_init                               - Undefined Weak Reference
    _microlib_exit                            - Undefined Weak Reference
    pwr_mgmt_data0$$Base                      - Undefined Reference
    pwr_mgmt_data0$$Limit                     - Undefined Reference
    pwr_mgmt_data1$$Base                      - Undefined Reference
    pwr_mgmt_data1$$Limit                     - Undefined Reference
    pwr_mgmt_data2$$Base                      - Undefined Reference
    pwr_mgmt_data2$$Limit                     - Undefined Reference
    sdh_req_observers0$$Base                  - Undefined Reference
    sdh_req_observers0$$Limit                 - Undefined Reference
    sdh_req_observers1$$Base                  - Undefined Reference
    sdh_req_observers1$$Limit                 - Undefined Reference
    sdh_soc_observers0$$Base                  - Undefined Reference
    sdh_soc_observers0$$Limit                 - Undefined Reference
    sdh_soc_observers1$$Base                  - Undefined Reference
    sdh_soc_observers1$$Limit                 - Undefined Reference
    sdh_stack_observers1$$Base                - Undefined Reference
    sdh_stack_observers1$$Limit               - Undefined Reference
    sdh_state_observers0$$Base                - Undefined Reference
    sdh_state_observers0$$Limit               - Undefined Reference
    sdh_state_observers1$$Base                - Undefined Reference
    sdh_state_observers1$$Limit               - Undefined Reference
    __Vectors_Size                           0x00000200   Number         0  arm_startup_nrf52.o ABSOLUTE
    __Vectors                                0x00026000   Data           4  arm_startup_nrf52.o(RESET)
    __Vectors_End                            0x00026200   Data           0  arm_startup_nrf52.o(RESET)
    __main                                   0x00026201   Thumb Code     0  entry.o(.ARM.Collect$$$$00000000)
    _main_stk                                0x00026201   Thumb Code     0  entry2.o(.ARM.Collect$$$$00000001)
    _main_scatterload                        0x00026205   Thumb Code     0  entry5.o(.ARM.Collect$$$$00000004)
    __main_after_scatterload                 0x00026209   Thumb Code     0  entry5.o(.ARM.Collect$$$$00000004)
    _main_clock                              0x00026209   Thumb Code     0  entry7b.o(.ARM.Collect$$$$00000008)
    _main_cpp_init                           0x00026209   Thumb Code     0  entry8b.o(.ARM.Collect$$$$0000000A)
    _main_init                               0x00026209   Thumb Code     0  entry9a.o(.ARM.Collect$$$$0000000B)
    __rt_final_cpp                           0x00026211   Thumb Code     0  entry10a.o(.ARM.Collect$$$$0000000D)
    __rt_final_exit                          0x00026211   Thumb Code     0  entry11a.o(.ARM.Collect$$$$0000000F)
    __asm___12_nrf_atfifo_c_51f461e1__nrf_atfifo_wspace_req 0x00026215   Thumb Code    56  nrf_atfifo.o(.emb_text)
    __asm___12_nrf_atfifo_c_51f461e1__nrf_atfifo_wspace_close 0x0002624d   Thumb Code    18  nrf_atfifo.o(.emb_text)
    __asm___12_nrf_atfifo_c_51f461e1__nrf_atfifo_rspace_req 0x0002625f   Thumb Code    58  nrf_atfifo.o(.emb_text)
    __asm___12_nrf_atfifo_c_51f461e1__nrf_atfifo_rspace_close 0x00026299   Thumb Code    18  nrf_atfifo.o(.emb_text)
    __asm___12_nrf_atfifo_c_51f461e1__nrf_atfifo_space_clear 0x000262ab   Thumb Code    50  nrf_atfifo.o(.emb_text)
    __asm___12_nrf_atomic_c_85ca2469__nrf_atomic_internal_mov 0x000262dd   Thumb Code    24  nrf_atomic.o(.emb_text)
    __asm___12_nrf_atomic_c_85ca2469__nrf_atomic_internal_orr 0x000262f5   Thumb Code    26  nrf_atomic.o(.emb_text)
    __asm___12_nrf_atomic_c_85ca2469__nrf_atomic_internal_and 0x0002630f   Thumb Code    26  nrf_atomic.o(.emb_text)
    __asm___12_nrf_atomic_c_85ca2469__nrf_atomic_internal_eor 0x00026329   Thumb Code    26  nrf_atomic.o(.emb_text)
    __asm___12_nrf_atomic_c_85ca2469__nrf_atomic_internal_add 0x00026343   Thumb Code    26  nrf_atomic.o(.emb_text)
    __asm___12_nrf_atomic_c_85ca2469__nrf_atomic_internal_sub 0x0002635d   Thumb Code    26  nrf_atomic.o(.emb_text)
    __asm___12_nrf_atomic_c_85ca2469__nrf_atomic_internal_cmp_exch 0x00026377   Thumb Code    42  nrf_atomic.o(.emb_text)
    __asm___12_nrf_atomic_c_85ca2469__nrf_atomic_internal_sub_hs 0x000263a1   Thumb Code    30  nrf_atomic.o(.emb_text)
    Reset_Handler                            0x000263c1   Thumb Code     8  arm_startup_nrf52.o(.text)
    NMI_Handler                              0x000263c9   Thumb Code     2  arm_startup_nrf52.o(.text)
    HardFault_Handler                        0x000263cb   Thumb Code     2  arm_startup_nrf52.o(.text)
    MemoryManagement_Handler                 0x000263cd   Thumb Code     2  arm_startup_nrf52.o(.text)
    BusFault_Handler                         0x000263cf   Thumb Code     2  arm_startup_nrf52.o(.text)
    UsageFault_Handler                       0x000263d1   Thumb Code     2  arm_startup_nrf52.o(.text)
    SVC_Handler                              0x000263d3   Thumb Code     2  arm_startup_nrf52.o(.text)
    DebugMon_Handler                         0x000263d5   Thumb Code     2  arm_startup_nrf52.o(.text)
    PendSV_Handler                           0x000263d7   Thumb Code     2  arm_startup_nrf52.o(.text)
    SysTick_Handler                          0x000263d9   Thumb Code     2  arm_startup_nrf52.o(.text)
    CCM_AAR_IRQHandler                       0x000263db   Thumb Code     0  arm_startup_nrf52.o(.text)
    COMP_LPCOMP_IRQHandler                   0x000263db   Thumb Code     0  arm_startup_nrf52.o(.text)
    ECB_IRQHandler                           0x000263db   Thumb Code     0  arm_startup_nrf52.o(.text)
    FPU_IRQHandler                           0x000263db   Thumb Code     0  arm_startup_nrf52.o(.text)
    I2S_IRQHandler                           0x000263db   Thumb Code     0  arm_startup_nrf52.o(.text)
    MWU_IRQHandler                           0x000263db   Thumb Code     0  arm_startup_nrf52.o(.text)
    NFCT_IRQHandler                          0x000263db   Thumb Code     0  arm_startup_nrf52.o(.text)
    PDM_IRQHandler                           0x000263db   Thumb Code     0  arm_startup_nrf52.o(.text)
    POWER_CLOCK_IRQHandler                   0x000263db   Thumb Code     0  arm_startup_nrf52.o(.text)
    PWM0_IRQHandler                          0x000263db   Thumb Code     0  arm_startup_nrf52.o(.text)
    PWM1_IRQHandler                          0x000263db   Thumb Code     0  arm_startup_nrf52.o(.text)
    PWM2_IRQHandler                          0x000263db   Thumb Code     0  arm_startup_nrf52.o(.text)
    QDEC_IRQHandler                          0x000263db   Thumb Code     0  arm_startup_nrf52.o(.text)
    RADIO_IRQHandler                         0x000263db   Thumb Code     0  arm_startup_nrf52.o(.text)
    RNG_IRQHandler                           0x000263db   Thumb Code     0  arm_startup_nrf52.o(.text)
    RTC0_IRQHandler                          0x000263db   Thumb Code     0  arm_startup_nrf52.o(.text)
    RTC2_IRQHandler                          0x000263db   Thumb Code     0  arm_startup_nrf52.o(.text)
    SAADC_IRQHandler                         0x000263db   Thumb Code     0  arm_startup_nrf52.o(.text)
    SPIM0_SPIS0_TWIM0_TWIS0_SPI0_TWI0_IRQHandler 0x000263db   Thumb Code     0  arm_startup_nrf52.o(.text)
    SPIM1_SPIS1_TWIM1_TWIS1_SPI1_TWI1_IRQHandler 0x000263db   Thumb Code     0  arm_startup_nrf52.o(.text)
    SPIM2_SPIS2_SPI2_IRQHandler              0x000263db   Thumb Code     0  arm_startup_nrf52.o(.text)
    SWI0_EGU0_IRQHandler                     0x000263db   Thumb Code     0  arm_startup_nrf52.o(.text)
    SWI1_EGU1_IRQHandler                     0x000263db   Thumb Code     0  arm_startup_nrf52.o(.text)
    SWI3_EGU3_IRQHandler                     0x000263db   Thumb Code     0  arm_startup_nrf52.o(.text)
    SWI4_EGU4_IRQHandler                     0x000263db   Thumb Code     0  arm_startup_nrf52.o(.text)
    SWI5_EGU5_IRQHandler                     0x000263db   Thumb Code     0  arm_startup_nrf52.o(.text)
    TEMP_IRQHandler                          0x000263db   Thumb Code     0  arm_startup_nrf52.o(.text)
    TIMER0_IRQHandler                        0x000263db   Thumb Code     0  arm_startup_nrf52.o(.text)
    TIMER1_IRQHandler                        0x000263db   Thumb Code     0  arm_startup_nrf52.o(.text)
    TIMER2_IRQHandler                        0x000263db   Thumb Code     0  arm_startup_nrf52.o(.text)
    TIMER3_IRQHandler                        0x000263db   Thumb Code     0  arm_startup_nrf52.o(.text)
    TIMER4_IRQHandler                        0x000263db   Thumb Code     0  arm_startup_nrf52.o(.text)
    WDT_IRQHandler                           0x000263db   Thumb Code     0  arm_startup_nrf52.o(.text)
    __aeabi_memcpy                           0x000263e5   Thumb Code    36  memcpya.o(.text)
    __aeabi_memcpy4                          0x000263e5   Thumb Code     0  memcpya.o(.text)
    __aeabi_memcpy8                          0x000263e5   Thumb Code     0  memcpya.o(.text)
    __aeabi_memset                           0x00026409   Thumb Code    14  memseta.o(.text)
    __aeabi_memset4                          0x00026409   Thumb Code     0  memseta.o(.text)
    __aeabi_memset8                          0x00026409   Thumb Code     0  memseta.o(.text)
    __aeabi_memclr                           0x00026417   Thumb Code     4  memseta.o(.text)
    __aeabi_memclr4                          0x00026417   Thumb Code     0  memseta.o(.text)
    __aeabi_memclr8                          0x00026417   Thumb Code     0  memseta.o(.text)
    _memset$wrapper                          0x0002641b   Thumb Code    18  memseta.o(.text)
    __scatterload                            0x0002642d   Thumb Code    28  init.o(.text)
    __scatterload_rt2                        0x0002642d   Thumb Code     0  init.o(.text)
    GPIOTE_IRQHandler                        0x00026451   Thumb Code   346  nrfx_gpiote.o(i.GPIOTE_IRQHandler)
    RTC1_IRQHandler                          0x000265b5   Thumb Code    12  drv_rtc.o(i.RTC1_IRQHandler)
    SWI2_EGU2_IRQHandler                     0x000265c5   Thumb Code     4  nrf_sdh.o(i.SWI2_EGU2_IRQHandler)
    SystemInit                               0x000265c9   Thumb Code   740  system_nrf52.o(i.SystemInit)
    UARTE0_UART0_IRQHandler                  0x000268f5   Thumb Code     6  nrfx_prs.o(i.UARTE0_UART0_IRQHandler)
    __scatterload_copy                       0x00026901   Thumb Code    14  handlers.o(i.__scatterload_copy)
    __scatterload_null                       0x0002690f   Thumb Code     2  handlers.o(i.__scatterload_null)
    __scatterload_zeroinit                   0x00026911   Thumb Code    14  handlers.o(i.__scatterload_zeroinit)
    app_button_disable                       0x000269fd   Thumb Code    64  app_button.o(i.app_button_disable)
    app_button_enable                        0x00026a45   Thumb Code    32  app_button.o(i.app_button_enable)
    app_error_fault_handler                  0x00026a69   Thumb Code    40  app_error_weak.o(i.app_error_fault_handler)
    app_error_handler_bare                   0x00026a99   Thumb Code    22  app_error.o(i.app_error_handler_bare)
    app_timer_cnt_get                        0x00026ab1   Thumb Code     6  app_timer2.o(i.app_timer_cnt_get)
    app_timer_create                         0x00026abd   Thumb Code    22  app_timer2.o(i.app_timer_create)
    app_timer_init                           0x00026ad5   Thumb Code    70  app_timer2.o(i.app_timer_init)
    app_timer_start                          0x00026b31   Thumb Code    48  app_timer2.o(i.app_timer_start)
    app_timer_stop                           0x00026b61   Thumb Code    12  app_timer2.o(i.app_timer_stop)
    app_util_critical_region_enter           0x00026b6d   Thumb Code    64  app_util_platform.o(i.app_util_critical_region_enter)
    app_util_critical_region_exit            0x00026bb5   Thumb Code    46  app_util_platform.o(i.app_util_critical_region_exit)
    ble_advdata_encode                       0x00026be9   Thumb Code   386  ble_advdata.o(i.ble_advdata_encode)
    ble_conn_params_init                     0x00026d6d   Thumb Code    90  ble_conn_params.o(i.ble_conn_params_init)
    ble_lbs_init                             0x000270ed   Thumb Code   190  ble_lbs.o(i.ble_lbs_init)
    ble_lbs_on_ble_evt                       0x000271b1   Thumb Code    46  ble_lbs.o(i.ble_lbs_on_ble_evt)
    ble_srv_is_notification_enabled          0x000271df   Thumb Code     8  ble_srv_common.o(i.ble_srv_is_notification_enabled)
    characteristic_add                       0x000271f9   Thumb Code   400  ble_srv_common.o(i.characteristic_add)
    conn_handle_list_get                     0x000273a1   Thumb Code    62  ble_conn_state.o(i.conn_handle_list_get)
    drv_rtc_compare_disable                  0x000274d3   Thumb Code    20  drv_rtc.o(i.drv_rtc_compare_disable)
    drv_rtc_compare_pending                  0x000274e7   Thumb Code    14  drv_rtc.o(i.drv_rtc_compare_pending)
    drv_rtc_compare_set                      0x000274f5   Thumb Code    80  drv_rtc.o(i.drv_rtc_compare_set)
    drv_rtc_counter_get                      0x00027545   Thumb Code     8  drv_rtc.o(i.drv_rtc_counter_get)
    drv_rtc_init                             0x0002754d   Thumb Code   118  drv_rtc.o(i.drv_rtc_init)
    drv_rtc_irq_trigger                      0x000275c9   Thumb Code    30  drv_rtc.o(i.drv_rtc_irq_trigger)
    drv_rtc_overflow_enable                  0x000275e7   Thumb Code     8  drv_rtc.o(i.drv_rtc_overflow_enable)
    drv_rtc_overflow_pending                 0x000275ef   Thumb Code     8  drv_rtc.o(i.drv_rtc_overflow_pending)
    drv_rtc_start                            0x000275f7   Thumb Code     8  drv_rtc.o(i.drv_rtc_start)
    drv_rtc_stop                             0x000275ff   Thumb Code     8  drv_rtc.o(i.drv_rtc_stop)
    drv_rtc_windowed_compare_set             0x00027607   Thumb Code   222  drv_rtc.o(i.drv_rtc_windowed_compare_set)
    main                                     0x000277b9   Thumb Code   254  main.o(i.main)
    nrf_atfifo_init                          0x000279df   Thumb Code    38  nrf_atfifo.o(i.nrf_atfifo_init)
    nrf_atfifo_item_alloc                    0x00027a05   Thumb Code    22  nrf_atfifo.o(i.nrf_atfifo_item_alloc)
    nrf_atfifo_item_free                     0x00027a1b   Thumb Code    22  nrf_atfifo.o(i.nrf_atfifo_item_free)
    nrf_atfifo_item_get                      0x00027a31   Thumb Code    22  nrf_atfifo.o(i.nrf_atfifo_item_get)
    nrf_atfifo_item_put                      0x00027a47   Thumb Code    22  nrf_atfifo.o(i.nrf_atfifo_item_put)
    nrf_atflags_clear                        0x00027a5d   Thumb Code    22  nrf_atflags.o(i.nrf_atflags_clear)
    nrf_atflags_get                          0x00027a73   Thumb Code    22  nrf_atflags.o(i.nrf_atflags_get)
    nrf_atflags_set                          0x00027a89   Thumb Code    20  nrf_atflags.o(i.nrf_atflags_set)
    nrf_atomic_u32_and                       0x00027a9d   Thumb Code    12  nrf_atomic.o(i.nrf_atomic_u32_and)
    nrf_atomic_u32_or                        0x00027aa9   Thumb Code    12  nrf_atomic.o(i.nrf_atomic_u32_or)
    nrf_ble_gatt_init                        0x00027ad9   Thumb Code    34  nrf_ble_gatt.o(i.nrf_ble_gatt_init)
    nrf_ble_gatt_on_ble_evt                  0x00027afd   Thumb Code   366  nrf_ble_gatt.o(i.nrf_ble_gatt_on_ble_evt)
    nrf_ble_qwr_conn_handle_assign           0x00027c71   Thumb Code    22  nrf_ble_qwr.o(i.nrf_ble_qwr_conn_handle_assign)
    nrf_ble_qwr_init                         0x00027c87   Thumb Code    36  nrf_ble_qwr.o(i.nrf_ble_qwr_init)
    nrf_ble_qwr_on_ble_evt                   0x00027cab   Thumb Code   182  nrf_ble_qwr.o(i.nrf_ble_qwr_on_ble_evt)
    nrf_pwr_mgmt_init                        0x00027dd1   Thumb Code    28  nrf_pwr_mgmt.o(i.nrf_pwr_mgmt_init)
    nrf_sdh_ble_app_ram_start_get            0x00027e09   Thumb Code    16  nrf_sdh_ble.o(i.nrf_sdh_ble_app_ram_start_get)
    nrf_sdh_ble_default_cfg_set              0x00027e1d   Thumb Code   134  nrf_sdh_ble.o(i.nrf_sdh_ble_default_cfg_set)
    nrf_sdh_ble_enable                       0x00027ea5   Thumb Code    14  nrf_sdh_ble.o(i.nrf_sdh_ble_enable)
    nrf_sdh_enable_request                   0x00027f15   Thumb Code   102  nrf_sdh.o(i.nrf_sdh_enable_request)
    nrf_sdh_evts_poll                        0x00027f89   Thumb Code    32  nrf_sdh.o(i.nrf_sdh_evts_poll)
    nrf_section_iter_init                    0x00027fe9   Thumb Code    10  nrf_section_iter.o(i.nrf_section_iter_init)
    nrf_section_iter_next                    0x00028017   Thumb Code    32  nrf_section_iter.o(i.nrf_section_iter_next)
    nrf_sortlist_add                         0x00028037   Thumb Code    34  nrf_sortlist.o(i.nrf_sortlist_add)
    nrf_sortlist_peek                        0x00028059   Thumb Code     6  nrf_sortlist.o(i.nrf_sortlist_peek)
    nrf_sortlist_pop                         0x0002805f   Thumb Code    14  nrf_sortlist.o(i.nrf_sortlist_pop)
    nrf_sortlist_remove                      0x0002806d   Thumb Code    30  nrf_sortlist.o(i.nrf_sortlist_remove)
    nrfx_gpiote_in_event_disable             0x0002809d   Thumb Code    66  nrfx_gpiote.o(i.nrfx_gpiote_in_event_disable)
    nrfx_gpiote_in_event_enable              0x000280e5   Thumb Code   156  nrfx_gpiote.o(i.nrfx_gpiote_in_event_enable)
    m_ram_start                              0x000287a4   Data           4  nrf_sdh_ble.o(.constdata)
    Region$$Table$$Base                      0x00028878   Number         0  anon$$obj.o(Region$$Table)
    Region$$Table$$Limit                     0x00028898   Number         0  anon$$obj.o(Region$$Table)
    m_nrf_log_nrf_sdh_logs_data_const        0x00028898   Data           8  nrf_sdh.o(log_const_data)
    m_nrf_log_nrf_sdh_soc_logs_data_const    0x000288a0   Data           8  nrf_sdh_soc.o(log_const_data)
    m_nrf_log_UART_logs_data_const           0x000288a8   Data           8  nrfx_uart.o(log_const_data)
    m_nrf_log_UARTE_logs_data_const          0x000288b0   Data           8  nrfx_uarte.o(log_const_data)
    m_nrf_log_PRS_logs_data_const            0x000288b8   Data           8  nrfx_prs.o(log_const_data)
    m_nrf_log_GPIOTE_logs_data_const         0x000288c0   Data           8  nrfx_gpiote.o(log_const_data)
    m_nrf_log_app_timer_logs_data_const      0x000288c8   Data           8  app_timer2.o(log_const_data)
    m_nrf_log_sortlist_logs_data_const       0x000288d0   Data           8  nrf_sortlist.o(log_const_data)
    m_nrf_log_app_button_logs_data_const     0x000288d8   Data           8  app_button.o(log_const_data)
    sdh_ble_observers0$$Base                 0x000288e0   Number         0  ble_conn_state.o(sdh_ble_observers0)
    sdh_ble_observers0$$Limit                0x000288e8   Number         0  ble_conn_state.o(sdh_ble_observers0)
    sdh_ble_observers1$$Base                 0x000288e8   Number         0  main.o(sdh_ble_observers1)
    sdh_ble_observers1$$Limit                0x000288f8   Number         0  ble_conn_params.o(sdh_ble_observers1)
    sdh_ble_observers2$$Base                 0x000288f8   Number         0  main.o(sdh_ble_observers2)
    sdh_ble_observers2$$Limit                0x00028908   Number         0  main.o(sdh_ble_observers2)
    sdh_ble_observers3$$Base                 0x00028908   Number         0  main.o(sdh_ble_observers3)
    sdh_ble_observers3$$Limit                0x00028910   Number         0  main.o(sdh_ble_observers3)
    sdh_stack_observers0$$Base               0x00028910   Number         0  nrf_sdh_ble.o(sdh_stack_observers0)
    sdh_stack_observers0$$Limit              0x00028920   Number         0  nrf_sdh_soc.o(sdh_stack_observers0)
    Image$$RW_IRAM1$$Base                    0x20002a98   Number         0  anon$$obj.o ABSOLUTE
    SystemCoreClock                          0x20002b10   Data           4  system_nrf52.o(.data)
    nrf_nvic_state                           0x20002d20   Data          12  app_util_platform.o(.bss)
    __initial_sp                             0x20004d58   Data           0  arm_startup_nrf52.o(STACK)



==============================================================================

Memory Map of the image

  Image Entry point : 0x00026201

  Load Region LR_IROM1 (Base: 0x00026000, Size: 0x0000299c, Max: 0x000da000, ABSOLUTE)

    Execution Region ER_IROM1 (Exec base: 0x00026000, Load base: 0x00026000, Size: 0x00002920, Max: 0x000da000, ABSOLUTE)

    Exec Addr    Load Addr    Size         Type   Attr      Idx    E Section Name        Object

    0x00026000   0x00026000   0x00000200   Data   RO         3266    RESET               arm_startup_nrf52.o
    0x00026200   0x00026200   0x00000000   Code   RO         3313  * .ARM.Collect$$$$00000000  mc_w.l(entry.o)
    0x00026200   0x00026200   0x00000004   Code   RO         3328    .ARM.Collect$$$$00000001  mc_w.l(entry2.o)
    0x00026204   0x00026204   0x00000004   Code   RO         3331    .ARM.Collect$$$$00000004  mc_w.l(entry5.o)
    0x00026208   0x00026208   0x00000000   Code   RO         3333    .ARM.Collect$$$$00000008  mc_w.l(entry7b.o)
    0x00026208   0x00026208   0x00000000   Code   RO         3335    .ARM.Collect$$$$0000000A  mc_w.l(entry8b.o)
    0x00026208   0x00026208   0x00000008   Code   RO         3336    .ARM.Collect$$$$0000000B  mc_w.l(entry9a.o)
    0x00026210   0x00026210   0x00000000   Code   RO         3338    .ARM.Collect$$$$0000000D  mc_w.l(entry10a.o)
    0x00026210   0x00026210   0x00000000   Code   RO         3340    .ARM.Collect$$$$0000000F  mc_w.l(entry11a.o)
    0x00026210   0x00026210   0x00000004   Code   RO         3329    .ARM.Collect$$$$00002712  mc_w.l(entry2.o)
    0x00026214   0x00026214   0x000000c8   Code   RO         2336    .emb_text           nrf_atfifo.o
    0x000262dc   0x000262dc   0x000000e2   Code   RO         2413    .emb_text           nrf_atomic.o
    0x000263be   0x000263be   0x00000002   PAD
    0x000263c0   0x000263c0   0x00000024   Code   RO         3267    .text               arm_startup_nrf52.o
    0x000263e4   0x000263e4   0x00000024   Code   RO         3318    .text               mc_w.l(memcpya.o)
    0x00026408   0x00026408   0x00000024   Code   RO         3320    .text               mc_w.l(memseta.o)
    0x0002642c   0x0002642c   0x00000024   Code   RO         3342    .text               mc_w.l(init.o)
    0x00026450   0x00026450   0x00000164   Code   RO         1638    i.GPIOTE_IRQHandler  nrfx_gpiote.o
    0x000265b4   0x000265b4   0x00000010   Code   RO         2062    i.RTC1_IRQHandler   drv_rtc.o
    0x000265c4   0x000265c4   0x00000004   Code   RO          950    i.SWI2_EGU2_IRQHandler  nrf_sdh.o
    0x000265c8   0x000265c8   0x0000032c   Code   RO         3275    i.SystemInit        system_nrf52.o
    0x000268f4   0x000268f4   0x0000000c   Code   RO         1584    i.UARTE0_UART0_IRQHandler  nrfx_prs.o
    0x00026900   0x00026900   0x0000000e   Code   RO         3346    i.__scatterload_copy  mc_w.l(handlers.o)
    0x0002690e   0x0002690e   0x00000002   Code   RO         3347    i.__scatterload_null  mc_w.l(handlers.o)
    0x00026910   0x00026910   0x0000000e   Code   RO         3348    i.__scatterload_zeroinit  mc_w.l(handlers.o)
    0x0002691e   0x0002691e   0x00000002   PAD
    0x00026920   0x00026920   0x00000024   Code   RO          951    i.__sd_nvic_app_accessible_irq  nrf_sdh.o
    0x00026944   0x00026944   0x000000a0   Code   RO            4    i.advertising_init  main.o
    0x000269e4   0x000269e4   0x00000018   Code   RO            5    i.advertising_start  main.o
    0x000269fc   0x000269fc   0x00000048   Code   RO         3165    i.app_button_disable  app_button.o
    0x00026a44   0x00026a44   0x00000024   Code   RO         3166    i.app_button_enable  app_button.o
    0x00026a68   0x00026a68   0x00000030   Code   RO         3031    i.app_error_fault_handler  app_error_weak.o
    0x00026a98   0x00026a98   0x00000016   Code   RO         2224    i.app_error_handler_bare  app_error.o
    0x00026aae   0x00026aae   0x00000002   PAD
    0x00026ab0   0x00026ab0   0x0000000c   Code   RO         1908    i.app_timer_cnt_get  app_timer2.o
    0x00026abc   0x00026abc   0x00000016   Code   RO         1909    i.app_timer_create  app_timer2.o
    0x00026ad2   0x00026ad2   0x00000002   PAD
    0x00026ad4   0x00026ad4   0x0000005c   Code   RO         1910    i.app_timer_init    app_timer2.o
    0x00026b30   0x00026b30   0x00000030   Code   RO         1913    i.app_timer_start   app_timer2.o
    0x00026b60   0x00026b60   0x0000000c   Code   RO         1914    i.app_timer_stop    app_timer2.o
    0x00026b6c   0x00026b6c   0x00000048   Code   RO         2954    i.app_util_critical_region_enter  app_util_platform.o
    0x00026bb4   0x00026bb4   0x00000034   Code   RO         2955    i.app_util_critical_region_exit  app_util_platform.o
    0x00026be8   0x00026be8   0x00000182   Code   RO          316    i.ble_advdata_encode  ble_advdata.o
    0x00026d6a   0x00026d6a   0x00000002   PAD
    0x00026d6c   0x00026d6c   0x00000068   Code   RO          444    i.ble_conn_params_init  ble_conn_params.o
    0x00026dd4   0x00026dd4   0x00000060   Code   RO          322    i.ble_device_addr_encode  ble_advdata.o
    0x00026e34   0x00026e34   0x000000a4   Code   RO            7    i.ble_evt_handler   main.o
    0x00026ed8   0x00026ed8   0x000000fc   Code   RO          446    i.ble_evt_handler   ble_conn_params.o
    0x00026fd4   0x00026fd4   0x00000118   Code   RO          555    i.ble_evt_handler   ble_conn_state.o
    0x000270ec   0x000270ec   0x000000c4   Code   RO          910    i.ble_lbs_init      ble_lbs.o
    0x000271b0   0x000271b0   0x0000002e   Code   RO          911    i.ble_lbs_on_ble_evt  ble_lbs.o
    0x000271de   0x000271de   0x00000008   Code   RO          710    i.ble_srv_is_notification_enabled  ble_srv_common.o
    0x000271e6   0x000271e6   0x00000002   PAD
    0x000271e8   0x000271e8   0x00000010   Code   RO         1641    i.channel_port_get  nrfx_gpiote.o
    0x000271f8   0x000271f8   0x00000190   Code   RO          712    i.characteristic_add  ble_srv_common.o
    0x00027388   0x00027388   0x00000018   Code   RO         1916    i.compare_func      app_timer2.o
    0x000273a0   0x000273a0   0x0000003e   Code   RO          556    i.conn_handle_list_get  ble_conn_state.o
    0x000273de   0x000273de   0x00000088   Code   RO          323    i.conn_int_encode   ble_advdata.o
    0x00027466   0x00027466   0x00000004   Code   RO            8    i.conn_params_error_handler  main.o
    0x0002746a   0x0002746a   0x00000002   PAD
    0x0002746c   0x0002746c   0x00000048   Code   RO          447    i.conn_params_negotiation  ble_conn_params.o
    0x000274b4   0x000274b4   0x0000001e   Code   RO          777    i.data_length_update  nrf_ble_gatt.o
    0x000274d2   0x000274d2   0x00000014   Code   RO         2063    i.drv_rtc_compare_disable  drv_rtc.o
    0x000274e6   0x000274e6   0x0000000e   Code   RO         2065    i.drv_rtc_compare_pending  drv_rtc.o
    0x000274f4   0x000274f4   0x00000050   Code   RO         2066    i.drv_rtc_compare_set  drv_rtc.o
    0x00027544   0x00027544   0x00000008   Code   RO         2067    i.drv_rtc_counter_get  drv_rtc.o
    0x0002754c   0x0002754c   0x0000007c   Code   RO         2068    i.drv_rtc_init      drv_rtc.o
    0x000275c8   0x000275c8   0x0000001e   Code   RO         2069    i.drv_rtc_irq_trigger  drv_rtc.o
    0x000275e6   0x000275e6   0x00000008   Code   RO         2071    i.drv_rtc_overflow_enable  drv_rtc.o
    0x000275ee   0x000275ee   0x00000008   Code   RO         2072    i.drv_rtc_overflow_pending  drv_rtc.o
    0x000275f6   0x000275f6   0x00000008   Code   RO         2073    i.drv_rtc_start     drv_rtc.o
    0x000275fe   0x000275fe   0x00000008   Code   RO         2074    i.drv_rtc_stop      drv_rtc.o
    0x00027606   0x00027606   0x000000de   Code   RO         2079    i.drv_rtc_windowed_compare_set  drv_rtc.o
    0x000276e4   0x000276e4   0x00000012   Code   RO         2080    i.evt_enable        drv_rtc.o
    0x000276f6   0x000276f6   0x00000014   Code   RO         2081    i.evt_pending       drv_rtc.o
    0x0002770a   0x0002770a   0x0000000a   Code   RO          557    i.flag_toggle       ble_conn_state.o
    0x00027714   0x00027714   0x00000034   Code   RO         1917    i.get_now           app_timer2.o
    0x00027748   0x00027748   0x00000014   Code   RO          448    i.instance_get      ble_conn_params.o
    0x0002775c   0x0002775c   0x00000044   Code   RO          449    i.is_conn_params_ok  ble_conn_params.o
    0x000277a0   0x000277a0   0x00000002   Code   RO            9    i.led_write_handler  main.o
    0x000277a2   0x000277a2   0x00000014   Code   RO          778    i.link_init         nrf_ble_gatt.o
    0x000277b6   0x000277b6   0x00000002   PAD
    0x000277b8   0x000277b8   0x0000011c   Code   RO           10    i.main              main.o
    0x000278d4   0x000278d4   0x00000064   Code   RO          324    i.manuf_specific_data_encode  ble_advdata.o
    0x00027938   0x00027938   0x000000a6   Code   RO          325    i.name_encode       ble_advdata.o
    0x000279de   0x000279de   0x00000026   Code   RO         2340    i.nrf_atfifo_init   nrf_atfifo.o
    0x00027a04   0x00027a04   0x00000016   Code   RO         2341    i.nrf_atfifo_item_alloc  nrf_atfifo.o
    0x00027a1a   0x00027a1a   0x00000016   Code   RO         2342    i.nrf_atfifo_item_free  nrf_atfifo.o
    0x00027a30   0x00027a30   0x00000016   Code   RO         2343    i.nrf_atfifo_item_get  nrf_atfifo.o
    0x00027a46   0x00027a46   0x00000016   Code   RO         2344    i.nrf_atfifo_item_put  nrf_atfifo.o
    0x00027a5c   0x00027a5c   0x00000016   Code   RO         2267    i.nrf_atflags_clear  nrf_atflags.o
    0x00027a72   0x00027a72   0x00000016   Code   RO         2272    i.nrf_atflags_get   nrf_atflags.o
    0x00027a88   0x00027a88   0x00000014   Code   RO         2274    i.nrf_atflags_set   nrf_atflags.o
    0x00027a9c   0x00027a9c   0x0000000c   Code   RO         2419    i.nrf_atomic_u32_and  nrf_atomic.o
    0x00027aa8   0x00027aa8   0x0000000c   Code   RO         2428    i.nrf_atomic_u32_or  nrf_atomic.o
    0x00027ab4   0x00027ab4   0x00000010   Code   RO         1642    i.nrf_bitmask_bit_is_set  nrfx_gpiote.o
    0x00027ac4   0x00027ac4   0x00000014   Code   RO         1643    i.nrf_bitmask_bit_set  nrfx_gpiote.o
    0x00027ad8   0x00027ad8   0x00000022   Code   RO          784    i.nrf_ble_gatt_init  nrf_ble_gatt.o
    0x00027afa   0x00027afa   0x00000002   PAD
    0x00027afc   0x00027afc   0x00000174   Code   RO          785    i.nrf_ble_gatt_on_ble_evt  nrf_ble_gatt.o
    0x00027c70   0x00027c70   0x00000016   Code   RO          863    i.nrf_ble_qwr_conn_handle_assign  nrf_ble_qwr.o
    0x00027c86   0x00027c86   0x00000024   Code   RO          864    i.nrf_ble_qwr_init  nrf_ble_qwr.o
    0x00027caa   0x00027caa   0x000000b6   Code   RO          865    i.nrf_ble_qwr_on_ble_evt  nrf_ble_qwr.o
    0x00027d60   0x00027d60   0x00000022   Code   RO         1646    i.nrf_gpio_cfg_sense_set  nrfx_gpiote.o
    0x00027d82   0x00027d82   0x00000002   PAD
    0x00027d84   0x00027d84   0x00000028   Code   RO         1647    i.nrf_gpio_ports_read  nrfx_gpiote.o
    0x00027dac   0x00027dac   0x00000014   Code   RO         1648    i.nrf_gpiote_event_clear  nrfx_gpiote.o
    0x00027dc0   0x00027dc0   0x00000010   Code   RO         1649    i.nrf_gpiote_event_is_set  nrfx_gpiote.o
    0x00027dd0   0x00027dd0   0x00000028   Code   RO         3060    i.nrf_pwr_mgmt_init  nrf_pwr_mgmt.o
    0x00027df8   0x00027df8   0x00000004   Code   RO           11    i.nrf_qwr_error_handler  main.o
    0x00027dfc   0x00027dfc   0x0000000c   Code   RO         2082    i.nrf_rtc_event_clear  drv_rtc.o
    0x00027e08   0x00027e08   0x00000014   Code   RO         1083    i.nrf_sdh_ble_app_ram_start_get  nrf_sdh_ble.o
    0x00027e1c   0x00027e1c   0x00000086   Code   RO         1084    i.nrf_sdh_ble_default_cfg_set  nrf_sdh_ble.o
    0x00027ea2   0x00027ea2   0x00000002   PAD
    0x00027ea4   0x00027ea4   0x00000014   Code   RO         1085    i.nrf_sdh_ble_enable  nrf_sdh_ble.o
    0x00027eb8   0x00027eb8   0x0000005c   Code   RO         1086    i.nrf_sdh_ble_evts_poll  nrf_sdh_ble.o
    0x00027f14   0x00027f14   0x00000074   Code   RO          953    i.nrf_sdh_enable_request  nrf_sdh.o
    0x00027f88   0x00027f88   0x00000024   Code   RO          954    i.nrf_sdh_evts_poll  nrf_sdh.o
    0x00027fac   0x00027fac   0x0000003c   Code   RO         1133    i.nrf_sdh_soc_evts_poll  nrf_sdh_soc.o
    0x00027fe8   0x00027fe8   0x0000000a   Code   RO         2913    i.nrf_section_iter_init  nrf_section_iter.o
    0x00027ff2   0x00027ff2   0x00000024   Code   RO         2914    i.nrf_section_iter_item_set  nrf_section_iter.o
    0x00028016   0x00028016   0x00000020   Code   RO         2915    i.nrf_section_iter_next  nrf_section_iter.o
    0x00028036   0x00028036   0x00000022   Code   RO         2854    i.nrf_sortlist_add  nrf_sortlist.o
    0x00028058   0x00028058   0x00000006   Code   RO         2856    i.nrf_sortlist_peek  nrf_sortlist.o
    0x0002805e   0x0002805e   0x0000000e   Code   RO         2857    i.nrf_sortlist_pop  nrf_sortlist.o
    0x0002806c   0x0002806c   0x0000001e   Code   RO         2858    i.nrf_sortlist_remove  nrf_sortlist.o
    0x0002808a   0x0002808a   0x00000002   PAD
    0x0002808c   0x0002808c   0x00000010   Code   RO         2083    i.nrfx_coredep_delay_us  drv_rtc.o
    0x0002809c   0x0002809c   0x00000048   Code   RO         1653    i.nrfx_gpiote_in_event_disable  nrfx_gpiote.o
    0x000280e4   0x000280e4   0x000000a4   Code   RO         1654    i.nrfx_gpiote_in_event_enable  nrfx_gpiote.o
    0x00028188   0x00028188   0x0000001c   Code   RO           12    i.on_conn_params_evt  main.o
    0x000281a4   0x000281a4   0x00000018   Code   RO         1675    i.pin_in_use_by_port  nrfx_gpiote.o
    0x000281bc   0x000281bc   0x00000018   Code   RO         1676    i.pin_in_use_by_te  nrfx_gpiote.o
    0x000281d4   0x000281d4   0x0000005c   Code   RO         1918    i.rtc_irq           app_timer2.o
    0x00028230   0x00028230   0x00000064   Code   RO         1919    i.rtc_schedule      app_timer2.o
    0x00028294   0x00028294   0x00000074   Code   RO         1920    i.rtc_update        app_timer2.o
    0x00028308   0x00028308   0x00000030   Code   RO          960    i.sdh_request_observer_notify  nrf_sdh.o
    0x00028338   0x00028338   0x0000002c   Code   RO          961    i.sdh_state_observer_notify  nrf_sdh.o
    0x00028364   0x00028364   0x00000010   Code   RO          450    i.send_error_evt    ble_conn_params.o
    0x00028374   0x00028374   0x00000088   Code   RO          326    i.service_data_encode  ble_advdata.o
    0x000283fc   0x000283fc   0x00000030   Code   RO          714    i.set_security_req  ble_srv_common.o
    0x0002842c   0x0002842c   0x00000058   Code   RO          963    i.softdevices_evt_irq_enable  nrf_sdh.o
    0x00028484   0x00028484   0x0000000c   Code   RO         1921    i.sortlist_pop      app_timer2.o
    0x00028490   0x00028490   0x00000058   Code   RO         1922    i.timer_expire      app_timer2.o
    0x000284e8   0x000284e8   0x00000078   Code   RO         1923    i.timer_req_process  app_timer2.o
    0x00028560   0x00028560   0x00000038   Code   RO         1924    i.timer_req_schedule  app_timer2.o
    0x00028598   0x00028598   0x0000000a   Code   RO          327    i.uint16_encode     ble_advdata.o
    0x000285a2   0x000285a2   0x00000002   PAD
    0x000285a4   0x000285a4   0x00000068   Code   RO          451    i.update_timeout_handler  ble_conn_params.o
    0x0002860c   0x0002860c   0x00000024   Code   RO          866    i.user_mem_reply    nrf_ble_qwr.o
    0x00028630   0x00028630   0x00000030   Code   RO          328    i.uuid_list_encode  ble_advdata.o
    0x00028660   0x00028660   0x0000009e   Code   RO          329    i.uuid_list_sized_encode  ble_advdata.o
    0x000286fe   0x000286fe   0x00000002   PAD
    0x00028700   0x00028700   0x00000004   Data   RO           16    .constdata          main.o
    0x00028704   0x00028704   0x00000016   Data   RO          786    .constdata          nrf_ble_gatt.o
    0x0002871a   0x0002871a   0x00000002   PAD
    0x0002871c   0x0002871c   0x00000010   Data   RO          913    .constdata          ble_lbs.o
    0x0002872c   0x0002872c   0x00000010   Data   RO          964    .constdata          nrf_sdh.o
    0x0002873c   0x0002873c   0x00000028   Data   RO          965    .constdata          nrf_sdh.o
    0x00028764   0x00028764   0x00000010   Data   RO          966    .constdata          nrf_sdh.o
    0x00028774   0x00028774   0x00000010   Data   RO          967    .constdata          nrf_sdh.o
    0x00028784   0x00028784   0x00000020   Data   RO         1087    .constdata          nrf_sdh_ble.o
    0x000287a4   0x000287a4   0x00000010   Data   RO         1088    .constdata          nrf_sdh_ble.o
    0x000287b4   0x000287b4   0x00000010   Data   RO         1134    .constdata          nrf_sdh_soc.o
    0x000287c4   0x000287c4   0x0000000c   Data   RO         1135    .constdata          nrf_sdh_soc.o
    0x000287d0   0x000287d0   0x00000004   Data   RO         1678    .constdata          nrfx_gpiote.o
    0x000287d4   0x000287d4   0x00000014   Data   RO         1927    .constdata          app_timer2.o
    0x000287e8   0x000287e8   0x00000008   PAD
    0x000287f0   0x000287f0   0x00000006   Data   RO         2084    .constdata          drv_rtc.o
    0x000287f6   0x000287f6   0x00000002   PAD
    0x000287f8   0x000287f8   0x00000018   Data   RO         3065    .constdata          nrf_pwr_mgmt.o
    0x00028810   0x00028810   0x0000000c   Data   RO         3066    .constdata          nrf_pwr_mgmt.o
    0x0002881c   0x0002881c   0x00000008   Data   RO         3178    .constdata          app_button.o
    0x00028824   0x00028824   0x00000008   Data   RO          968    .conststrlit        nrf_sdh.o
    0x0002882c   0x0002882c   0x0000000c   Data   RO         1136    .conststrlit        nrf_sdh_soc.o
    0x00028838   0x00028838   0x00000005   Data   RO         1202    .conststrlit        nrfx_uart.o
    0x0002883d   0x0002883d   0x00000003   PAD
    0x00028840   0x00028840   0x00000006   Data   RO         1399    .conststrlit        nrfx_uarte.o
    0x00028846   0x00028846   0x00000002   PAD
    0x00028848   0x00028848   0x00000004   Data   RO         1589    .conststrlit        nrfx_prs.o
    0x0002884c   0x0002884c   0x00000007   Data   RO         1682    .conststrlit        nrfx_gpiote.o
    0x00028853   0x00028853   0x00000001   PAD
    0x00028854   0x00028854   0x0000000a   Data   RO         1928    .conststrlit        app_timer2.o
    0x0002885e   0x0002885e   0x00000002   PAD
    0x00028860   0x00028860   0x00000009   Data   RO         2859    .conststrlit        nrf_sortlist.o
    0x00028869   0x00028869   0x00000003   PAD
    0x0002886c   0x0002886c   0x0000000b   Data   RO         3179    .conststrlit        app_button.o
    0x00028877   0x00028877   0x00000001   PAD
    0x00028878   0x00028878   0x00000020   Data   RO         3344    Region$$Table       anon$$obj.o
    0x00028898   0x00028898   0x00000008   Data   RO          970    log_const_data      nrf_sdh.o
    0x000288a0   0x000288a0   0x00000008   Data   RO         1137    log_const_data      nrf_sdh_soc.o
    0x000288a8   0x000288a8   0x00000008   Data   RO         1203    log_const_data      nrfx_uart.o
    0x000288b0   0x000288b0   0x00000008   Data   RO         1400    log_const_data      nrfx_uarte.o
    0x000288b8   0x000288b8   0x00000008   Data   RO         1591    log_const_data      nrfx_prs.o
    0x000288c0   0x000288c0   0x00000008   Data   RO         1683    log_const_data      nrfx_gpiote.o
    0x000288c8   0x000288c8   0x00000008   Data   RO         1931    log_const_data      app_timer2.o
    0x000288d0   0x000288d0   0x00000008   Data   RO         2860    log_const_data      nrf_sortlist.o
    0x000288d8   0x000288d8   0x00000008   Data   RO         3181    log_const_data      app_button.o
    0x000288e0   0x000288e0   0x00000008   Data   RO          561    sdh_ble_observers0  ble_conn_state.o
    0x000288e8   0x000288e8   0x00000008   Data   RO           18    sdh_ble_observers1  main.o
    0x000288f0   0x000288f0   0x00000008   Data   RO          454    sdh_ble_observers1  ble_conn_params.o
    0x000288f8   0x000288f8   0x00000010   Data   RO           19    sdh_ble_observers2  main.o
    0x00028908   0x00028908   0x00000008   Data   RO           20    sdh_ble_observers3  main.o
    0x00028910   0x00028910   0x00000008   Data   RO         1090    sdh_stack_observers0  nrf_sdh_ble.o
    0x00028918   0x00028918   0x00000008   Data   RO         1138    sdh_stack_observers0  nrf_sdh_soc.o


    Execution Region RW_IRAM1 (Exec base: 0x20002a98, Load base: 0x00028920, Size: 0x000022c0, Max: 0x0003d568, ABSOLUTE)

    Exec Addr    Load Addr    Size         Type   Attr      Idx    E Section Name        Object

    0x20002a98   0x00028920   0x00000014   Data   RW           17    .data               main.o
    0x20002aac   0x00028934   0x00000008   Data   RW          453    .data               ble_conn_params.o
    0x20002ab4   0x0002893c   0x00000003   Data   RW          969    .data               nrf_sdh.o
    0x20002ab7   0x0002893f   0x00000001   Data   RW         1089    .data               nrf_sdh_ble.o
    0x20002ab8   0x00028940   0x00000008   Data   RW         1590    .data               nrfx_prs.o
    0x20002ac0   0x00028948   0x00000020   Data   RW         1929    .data               app_timer2.o
    0x20002ae0   0x00028968   0x00000004   Data   RW         1930    .data               app_timer2.o
    0x20002ae4   0x0002896c   0x0000000c   Data   RW         2085    .data               drv_rtc.o
    0x20002af0   0x00028978   0x00000008   Data   RW         3067    .data               nrf_pwr_mgmt.o
    0x20002af8   0x00028980   0x00000018   Data   RW         3180    .data               app_button.o
    0x20002b10   0x00028998   0x00000004   Data   RW         3276    .data               system_nrf52.o
    0x20002b14        -       0x00000038   Zero   RW           13    .bss                main.o
    0x20002b4c        -       0x0000001f   Zero   RW           14    .bss                main.o
    0x20002b6b        -       0x0000001f   Zero   RW           15    .bss                main.o
    0x20002b8a   0x0002899c   0x00000006   PAD
    0x20002b90        -       0x00000050   Zero   RW          452    .bss                ble_conn_params.o
    0x20002be0        -       0x0000007c   Zero   RW          560    .bss                ble_conn_state.o
    0x20002c5c        -       0x0000005c   Zero   RW         1677    .bss                nrfx_gpiote.o
    0x20002cb8        -       0x00000010   Zero   RW         1925    .bss                app_timer2.o
    0x20002cc8        -       0x00000058   Zero   RW         1926    .bss                app_timer2.o
    0x20002d20        -       0x0000000c   Zero   RW         2960    .bss                app_util_platform.o
    0x20002d2c        -       0x0000000c   Zero   RW         3064    .bss                nrf_pwr_mgmt.o
    0x20002d38        -       0x00000020   Zero   RW         3176    .bss                app_button.o
    0x20002d58        -       0x00002000   Zero   RW         3264    STACK               arm_startup_nrf52.o


==============================================================================

Image component sizes


      Code (inc. data)   RO Data    RW Data    ZI Data      Debug   Object Name

       108         12         27         24         32       3652   app_button.o
        22          0          0          0          0       4469   app_error.o
        48          8          0          0          0      30721   app_error_weak.o
       846         88         38         36        104      16805   app_timer2.o
       124         14          0          0         12      10106   app_util_platform.o
        36          8        512          0       8192        872   arm_startup_nrf52.o
      1236          0          0          0          0      95931   ble_advdata.o
       636         44          8          8         80      13079   ble_conn_params.o
       352          6          8          0        124       5693   ble_conn_state.o
       242          6         16          0          0       3532   ble_lbs.o
       456          6          0          0          0       3467   ble_srv_common.o
       612         14          6         12          0      47661   drv_rtc.o
       670         62         36         20        118     151677   main.o
       326          0          0          0          0       7075   nrf_atfifo.o
        64          0          0          0          0       3356   nrf_atflags.o
       250          0          0          0          0       3696   nrf_atomic.o
       456          6         22          0          0      34322   nrf_ble_gatt.o
       276          0          0          0          0      12541   nrf_ble_qwr.o
        40         12         36          8         12       4971   nrf_pwr_mgmt.o
       372         40        104          3          0      46270   nrf_sdh.o
       266         20         56          1          0       6391   nrf_sdh_ble.o
        60          4         56          0          0       3600   nrf_sdh_soc.o
        78          0          0          0          0       3944   nrf_section_iter.o
        84          0         17          0          0       4577   nrf_sortlist.o
       802         52         19          0         92      22008   nrfx_gpiote.o
        12          6         12          8          0       1826   nrfx_prs.o
         0          0         13          0          0      13496   nrfx_uart.o
         0          0         14          0          0      10178   nrfx_uarte.o
       812         72          0          4          0      11819   system_nrf52.o

    ----------------------------------------------------------------------
      9312        480       1056        124       8772     577735   Object Totals
         0          0         32          0          0          0   (incl. Generated)
        26          0         24          0          6          0   (incl. Padding)

    ----------------------------------------------------------------------

      Code (inc. data)   RO Data    RW Data    ZI Data      Debug   Library Member Name

         0          0          0          0          0          0   entry.o
         0          0          0          0          0          0   entry10a.o
         0          0          0          0          0          0   entry11a.o
         8          4          0          0          0          0   entry2.o
         4          0          0          0          0          0   entry5.o
         0          0          0          0          0          0   entry7b.o
         0          0          0          0          0          0   entry8b.o
         8          4          0          0          0          0   entry9a.o
        30          0          0          0          0          0   handlers.o
        36          8          0          0          0         68   init.o
        36          0          0          0          0         68   memcpya.o
        36          0          0          0          0        108   memseta.o

    ----------------------------------------------------------------------
       160         16          0          0          0        244   Library Totals
         2          0          0          0          0          0   (incl. Padding)

    ----------------------------------------------------------------------

      Code (inc. data)   RO Data    RW Data    ZI Data      Debug   Library Name

       158         16          0          0          0        244   mc_w.l

    ----------------------------------------------------------------------
       160         16          0          0          0        244   Library Totals

    ----------------------------------------------------------------------

==============================================================================


      Code (inc. data)   RO Data    RW Data    ZI Data      Debug   

      9472        496       1056        124       8772     566531   Grand Totals
      9472        496       1056        124       8772     566531   ELF Image Totals
      9472        496       1056        124          0          0   ROM Totals

==============================================================================

    Total RO  Size (Code + RO Data)                10528 (  10.28kB)
    Total RW  Size (RW Data + ZI Data)              8896 (   8.69kB)
    Total ROM Size (Code + RO Data + RW Data)      10652 (  10.40kB)

==============================================================================

